[2018-07-26T13:05:45.799-0530][gc,heap] Heap region size: 1M
[2018-07-26T13:05:45.815-0530][gc     ] Using G1
[2018-07-26T13:05:45.815-0530][gc,heap,coops] Heap address: 0x0000000780000000, size: 1024 MB, Compressed Oops mode: Zero based, Oop shift amount: 3
[2018-07-26T13:05:47.934-0530][gc,start     ] GC(0) Pause Initial Mark (Metadata GC Threshold)
[2018-07-26T13:05:47.934-0530][gc,task      ] GC(0) Using 4 workers of 4 for evacuation
[2018-07-26T13:05:47.945-0530][gc,phases    ] GC(0)   Pre Evacuate Collection Set: 0.1ms
[2018-07-26T13:05:47.945-0530][gc,phases    ] GC(0)   Evacuate Collection Set: 10.4ms
[2018-07-26T13:05:47.945-0530][gc,phases    ] GC(0)   Post Evacuate Collection Set: 0.5ms
[2018-07-26T13:05:47.945-0530][gc,phases    ] GC(0)   Other: 0.5ms
[2018-07-26T13:05:47.945-0530][gc,heap      ] GC(0) Eden regions: 43->0(44)
[2018-07-26T13:05:47.945-0530][gc,heap      ] GC(0) Survivor regions: 0->7(7)
[2018-07-26T13:05:47.945-0530][gc,heap      ] GC(0) Old regions: 0->0
[2018-07-26T13:05:47.945-0530][gc,heap      ] GC(0) Humongous regions: 1->1
[2018-07-26T13:05:47.945-0530][gc,metaspace ] GC(0) Metaspace: 20795K->20795K(1069056K)
[2018-07-26T13:05:47.945-0530][gc           ] GC(0) Pause Initial Mark (Metadata GC Threshold) 44M->7M(1024M) 11.758ms
[2018-07-26T13:05:47.945-0530][gc,cpu       ] GC(0) User=0.03s Sys=0.00s Real=0.01s
[2018-07-26T13:05:47.946-0530][gc           ] GC(1) Concurrent Cycle
[2018-07-26T13:05:47.946-0530][gc,marking   ] GC(1) Concurrent Clear Claimed Marks
[2018-07-26T13:05:47.946-0530][gc,marking   ] GC(1) Concurrent Clear Claimed Marks 0.047ms
[2018-07-26T13:05:47.946-0530][gc,marking   ] GC(1) Concurrent Scan Root Regions
[2018-07-26T13:05:47.950-0530][gc,marking   ] GC(1) Concurrent Scan Root Regions 4.217ms
[2018-07-26T13:05:47.950-0530][gc,marking   ] GC(1) Concurrent Mark (2.165s)
[2018-07-26T13:05:47.950-0530][gc,marking   ] GC(1) Concurrent Mark From Roots
[2018-07-26T13:05:47.950-0530][gc,task      ] GC(1) Using 1 workers of 1 for marking
[2018-07-26T13:05:47.950-0530][gc,marking   ] GC(1) Concurrent Mark From Roots 0.191ms
[2018-07-26T13:05:47.950-0530][gc,marking   ] GC(1) Concurrent Mark (2.165s, 2.165s) 0.233ms
[2018-07-26T13:05:47.950-0530][gc,start     ] GC(1) Pause Remark
[2018-07-26T13:05:47.955-0530][gc,stringtable] GC(1) Cleaned string and symbol table, strings: 8655 processed, 0 removed, symbols: 68162 processed, 35 removed
[2018-07-26T13:05:47.955-0530][gc            ] GC(1) Pause Remark 7M->7M(1024M) 4.374ms
[2018-07-26T13:05:47.955-0530][gc,cpu        ] GC(1) User=0.01s Sys=0.00s Real=0.00s
[2018-07-26T13:05:47.955-0530][gc,marking    ] GC(1) Concurrent Create Live Data
[2018-07-26T13:05:47.955-0530][gc,marking    ] GC(1) Concurrent Create Live Data 0.135ms
[2018-07-26T13:05:47.955-0530][gc,start      ] GC(1) Pause Cleanup
[2018-07-26T13:05:47.956-0530][gc            ] GC(1) Pause Cleanup 7M->7M(1024M) 0.564ms
[2018-07-26T13:05:47.956-0530][gc,cpu        ] GC(1) User=0.00s Sys=0.00s Real=0.00s
[2018-07-26T13:05:47.956-0530][gc,marking    ] GC(1) Concurrent Cleanup for Next Mark
[2018-07-26T13:05:47.968-0530][gc,marking    ] GC(1) Concurrent Cleanup for Next Mark 11.974ms
[2018-07-26T13:05:47.968-0530][gc            ] GC(1) Concurrent Cycle 22.241ms
[2018-07-26T13:05:49.153-0530][gc,start      ] GC(2) Pause Young (G1 Evacuation Pause)
[2018-07-26T13:05:49.153-0530][gc,task       ] GC(2) Using 4 workers of 4 for evacuation
[2018-07-26T13:05:49.172-0530][gc,phases     ] GC(2)   Pre Evacuate Collection Set: 0.0ms
[2018-07-26T13:05:49.172-0530][gc,phases     ] GC(2)   Evacuate Collection Set: 17.7ms
[2018-07-26T13:05:49.172-0530][gc,phases     ] GC(2)   Post Evacuate Collection Set: 0.6ms
[2018-07-26T13:05:49.172-0530][gc,phases     ] GC(2)   Other: 0.4ms
[2018-07-26T13:05:49.172-0530][gc,heap       ] GC(2) Eden regions: 44->0(47)
[2018-07-26T13:05:49.172-0530][gc,heap       ] GC(2) Survivor regions: 7->4(7)
[2018-07-26T13:05:49.172-0530][gc,heap       ] GC(2) Old regions: 0->7
[2018-07-26T13:05:49.172-0530][gc,heap       ] GC(2) Humongous regions: 130->130
[2018-07-26T13:05:49.172-0530][gc,metaspace  ] GC(2) Metaspace: 29913K->29913K(1077248K)
[2018-07-26T13:05:49.173-0530][gc            ] GC(2) Pause Young (G1 Evacuation Pause) 180M->139M(1024M) 19.272ms
[2018-07-26T13:05:49.173-0530][gc,cpu        ] GC(2) User=0.06s Sys=0.01s Real=0.02s
[2018-07-26T13:11:41.373-0530][gc,start      ] GC(3) Pause Young (G1 Evacuation Pause)
[2018-07-26T13:11:41.373-0530][gc,task       ] GC(3) Using 4 workers of 4 for evacuation
[2018-07-26T13:11:41.384-0530][gc,phases     ] GC(3)   Pre Evacuate Collection Set: 0.1ms
[2018-07-26T13:11:41.384-0530][gc,phases     ] GC(3)   Evacuate Collection Set: 10.2ms
[2018-07-26T13:11:41.384-0530][gc,phases     ] GC(3)   Post Evacuate Collection Set: 0.4ms
[2018-07-26T13:11:41.384-0530][gc,phases     ] GC(3)   Other: 0.3ms
[2018-07-26T13:11:41.384-0530][gc,heap       ] GC(3) Eden regions: 47->0(45)
[2018-07-26T13:11:41.384-0530][gc,heap       ] GC(3) Survivor regions: 4->6(7)
[2018-07-26T13:11:41.384-0530][gc,heap       ] GC(3) Old regions: 7->7
[2018-07-26T13:11:41.384-0530][gc,heap       ] GC(3) Humongous regions: 130->130
[2018-07-26T13:11:41.384-0530][gc,metaspace  ] GC(3) Metaspace: 34761K->34761K(1081344K)
[2018-07-26T13:11:41.384-0530][gc            ] GC(3) Pause Young (G1 Evacuation Pause) 186M->141M(1024M) 11.148ms
[2018-07-26T13:11:41.384-0530][gc,cpu        ] GC(3) User=0.03s Sys=0.00s Real=0.01s
[2018-07-26T13:18:18.462-0530][gc,start      ] GC(4) Pause Young (G1 Evacuation Pause)
[2018-07-26T13:18:18.462-0530][gc,task       ] GC(4) Using 4 workers of 4 for evacuation
[2018-07-26T13:18:18.473-0530][gc,phases     ] GC(4)   Pre Evacuate Collection Set: 0.0ms
[2018-07-26T13:18:18.473-0530][gc,phases     ] GC(4)   Evacuate Collection Set: 10.2ms
[2018-07-26T13:18:18.473-0530][gc,phases     ] GC(4)   Post Evacuate Collection Set: 0.4ms
[2018-07-26T13:18:18.473-0530][gc,phases     ] GC(4)   Other: 0.4ms
[2018-07-26T13:18:18.473-0530][gc,heap       ] GC(4) Eden regions: 45->0(47)
[2018-07-26T13:18:18.473-0530][gc,heap       ] GC(4) Survivor regions: 6->4(7)
[2018-07-26T13:18:18.473-0530][gc,heap       ] GC(4) Old regions: 7->9
[2018-07-26T13:18:18.473-0530][gc,heap       ] GC(4) Humongous regions: 130->130
[2018-07-26T13:18:18.473-0530][gc,metaspace  ] GC(4) Metaspace: 34957K->34957K(1081344K)
[2018-07-26T13:18:18.473-0530][gc            ] GC(4) Pause Young (G1 Evacuation Pause) 186M->142M(1024M) 11.159ms
[2018-07-26T13:18:18.473-0530][gc,cpu        ] GC(4) User=0.04s Sys=0.00s Real=0.01s
[2018-07-26T13:24:25.958-0530][gc,start      ] GC(5) Pause Initial Mark (Metadata GC Threshold)
[2018-07-26T13:24:25.958-0530][gc,task       ] GC(5) Using 4 workers of 4 for evacuation
[2018-07-26T13:24:25.965-0530][gc,phases     ] GC(5)   Pre Evacuate Collection Set: 0.1ms
[2018-07-26T13:24:25.966-0530][gc,phases     ] GC(5)   Evacuate Collection Set: 7.2ms
[2018-07-26T13:24:25.966-0530][gc,phases     ] GC(5)   Post Evacuate Collection Set: 0.3ms
[2018-07-26T13:24:25.966-0530][gc,phases     ] GC(5)   Other: 0.4ms
[2018-07-26T13:24:25.966-0530][gc,heap       ] GC(5) Eden regions: 43->0(47)
[2018-07-26T13:24:25.966-0530][gc,heap       ] GC(5) Survivor regions: 4->4(7)
[2018-07-26T13:24:25.966-0530][gc,heap       ] GC(5) Old regions: 9->9
[2018-07-26T13:24:25.966-0530][gc,heap       ] GC(5) Humongous regions: 130->130
[2018-07-26T13:24:25.966-0530][gc,metaspace  ] GC(5) Metaspace: 35098K->35098K(1081344K)
[2018-07-26T13:24:25.966-0530][gc            ] GC(5) Pause Initial Mark (Metadata GC Threshold) 184M->142M(1024M) 8.066ms
[2018-07-26T13:24:25.966-0530][gc,cpu        ] GC(5) User=0.03s Sys=0.00s Real=0.01s
[2018-07-26T13:24:25.966-0530][gc            ] GC(6) Concurrent Cycle
[2018-07-26T13:24:25.966-0530][gc,marking    ] GC(6) Concurrent Clear Claimed Marks
[2018-07-26T13:24:25.966-0530][gc,marking    ] GC(6) Concurrent Clear Claimed Marks 0.038ms
[2018-07-26T13:24:25.966-0530][gc,marking    ] GC(6) Concurrent Scan Root Regions
[2018-07-26T13:24:25.970-0530][gc,marking    ] GC(6) Concurrent Scan Root Regions 3.774ms
[2018-07-26T13:24:25.970-0530][gc,marking    ] GC(6) Concurrent Mark (1120.161s)
[2018-07-26T13:24:25.970-0530][gc,marking    ] GC(6) Concurrent Mark From Roots
[2018-07-26T13:24:25.970-0530][gc,task       ] GC(6) Using 1 workers of 1 for marking
[2018-07-26T13:24:25.983-0530][gc,marking    ] GC(6) Concurrent Mark From Roots 13.185ms
[2018-07-26T13:24:25.983-0530][gc,marking    ] GC(6) Concurrent Mark (1120.161s, 1120.174s) 13.306ms
[2018-07-26T13:24:25.983-0530][gc,start      ] GC(6) Pause Remark
[2018-07-26T13:24:25.993-0530][gc,stringtable] GC(6) Cleaned string and symbol table, strings: 13647 processed, 316 removed, symbols: 94358 processed, 23 removed
[2018-07-26T13:24:25.993-0530][gc            ] GC(6) Pause Remark 143M->143M(1024M) 10.219ms
[2018-07-26T13:24:25.993-0530][gc,cpu        ] GC(6) User=0.03s Sys=0.00s Real=0.01s
[2018-07-26T13:24:25.994-0530][gc,marking    ] GC(6) Concurrent Create Live Data
[2018-07-26T13:24:25.997-0530][gc,marking    ] GC(6) Concurrent Create Live Data 3.045ms
[2018-07-26T13:24:25.997-0530][gc,start      ] GC(6) Pause Cleanup
[2018-07-26T13:24:25.998-0530][gc            ] GC(6) Pause Cleanup 143M->143M(1024M) 0.754ms
[2018-07-26T13:24:25.998-0530][gc,cpu        ] GC(6) User=0.00s Sys=0.00s Real=0.00s
[2018-07-26T13:24:25.998-0530][gc,marking    ] GC(6) Concurrent Cleanup for Next Mark
[2018-07-26T13:24:26.009-0530][gc,marking    ] GC(6) Concurrent Cleanup for Next Mark 10.957ms
[2018-07-26T13:24:26.009-0530][gc            ] GC(6) Concurrent Cycle 42.996ms
[2018-07-26T13:33:14.921-0530][gc,start      ] GC(7) Pause Young (G1 Evacuation Pause)
[2018-07-26T13:33:14.921-0530][gc,task       ] GC(7) Using 4 workers of 4 for evacuation
[2018-07-26T13:33:14.929-0530][gc,phases     ] GC(7)   Pre Evacuate Collection Set: 0.0ms
[2018-07-26T13:33:14.929-0530][gc,phases     ] GC(7)   Evacuate Collection Set: 7.3ms
[2018-07-26T13:33:14.929-0530][gc,phases     ] GC(7)   Post Evacuate Collection Set: 0.3ms
[2018-07-26T13:33:14.929-0530][gc,phases     ] GC(7)   Other: 0.4ms
[2018-07-26T13:33:14.929-0530][gc,heap       ] GC(7) Eden regions: 47->0(47)
[2018-07-26T13:33:14.929-0530][gc,heap       ] GC(7) Survivor regions: 4->4(7)
[2018-07-26T13:33:14.929-0530][gc,heap       ] GC(7) Old regions: 9->9
[2018-07-26T13:33:14.929-0530][gc,heap       ] GC(7) Humongous regions: 130->130
[2018-07-26T13:33:14.929-0530][gc,metaspace  ] GC(7) Metaspace: 34973K->34973K(1081344K)
[2018-07-26T13:33:14.929-0530][gc            ] GC(7) Pause Young (G1 Evacuation Pause) 189M->142M(1024M) 8.150ms
[2018-07-26T13:33:14.929-0530][gc,cpu        ] GC(7) User=0.03s Sys=0.00s Real=0.00s
[2018-07-26T14:33:31.659-0530][gc,start      ] GC(8) Pause Young (G1 Evacuation Pause)
[2018-07-26T14:33:31.659-0530][gc,task       ] GC(8) Using 4 workers of 4 for evacuation
[2018-07-26T14:33:31.667-0530][gc,phases     ] GC(8)   Pre Evacuate Collection Set: 0.0ms
[2018-07-26T14:33:31.667-0530][gc,phases     ] GC(8)   Evacuate Collection Set: 6.8ms
[2018-07-26T14:33:31.667-0530][gc,phases     ] GC(8)   Post Evacuate Collection Set: 0.3ms
[2018-07-26T14:33:31.667-0530][gc,phases     ] GC(8)   Other: 0.3ms
[2018-07-26T14:33:31.667-0530][gc,heap       ] GC(8) Eden regions: 47->0(48)
[2018-07-26T14:33:31.667-0530][gc,heap       ] GC(8) Survivor regions: 4->3(7)
[2018-07-26T14:33:31.667-0530][gc,heap       ] GC(8) Old regions: 9->10
[2018-07-26T14:33:31.667-0530][gc,heap       ] GC(8) Humongous regions: 130->130
[2018-07-26T14:33:31.667-0530][gc,metaspace  ] GC(8) Metaspace: 35300K->35300K(1081344K)
[2018-07-26T14:33:31.667-0530][gc            ] GC(8) Pause Young (G1 Evacuation Pause) 189M->142M(1024M) 7.639ms
[2018-07-26T14:33:31.667-0530][gc,cpu        ] GC(8) User=0.02s Sys=0.00s Real=0.01s
[2018-07-26T14:36:07.684-0530][gc,heap,exit  ] Heap
[2018-07-26T14:36:07.684-0530][gc,heap,exit  ]  garbage-first heap   total 1048576K, used 173565K [0x0000000780000000, 0x00000007c0000000)
[2018-07-26T14:36:07.684-0530][gc,heap,exit  ]   region size 1024K, 31 young (31744K), 3 survivors (3072K)
[2018-07-26T14:36:07.684-0530][gc,heap,exit  ]  Metaspace       used 36873K, capacity 37188K, committed 37888K, reserved 1083392K
[2018-07-26T14:36:07.684-0530][gc,heap,exit  ]   class space    used 4438K, capacity 4507K, committed 4608K, reserved 1048576K
