[2018-07-26T13:03:40.564-0530][gc,heap] Heap region size: 1M
[2018-07-26T13:03:40.580-0530][gc     ] Using G1
[2018-07-26T13:03:40.580-0530][gc,heap,coops] Heap address: 0x0000000780000000, size: 1024 MB, Compressed Oops mode: Zero based, Oop shift amount: 3
[2018-07-26T13:03:42.799-0530][gc,start     ] GC(0) Pause Initial Mark (Metadata GC Threshold)
[2018-07-26T13:03:42.799-0530][gc,task      ] GC(0) Using 4 workers of 4 for evacuation
[2018-07-26T13:03:42.811-0530][gc,phases    ] GC(0)   Pre Evacuate Collection Set: 0.1ms
[2018-07-26T13:03:42.811-0530][gc,phases    ] GC(0)   Evacuate Collection Set: 10.7ms
[2018-07-26T13:03:42.811-0530][gc,phases    ] GC(0)   Post Evacuate Collection Set: 0.4ms
[2018-07-26T13:03:42.811-0530][gc,phases    ] GC(0)   Other: 0.4ms
[2018-07-26T13:03:42.811-0530][gc,heap      ] GC(0) Eden regions: 43->0(44)
[2018-07-26T13:03:42.811-0530][gc,heap      ] GC(0) Survivor regions: 0->7(7)
[2018-07-26T13:03:42.811-0530][gc,heap      ] GC(0) Old regions: 0->0
[2018-07-26T13:03:42.811-0530][gc,heap      ] GC(0) Humongous regions: 1->1
[2018-07-26T13:03:42.811-0530][gc,metaspace ] GC(0) Metaspace: 20818K->20818K(1069056K)
[2018-07-26T13:03:42.811-0530][gc           ] GC(0) Pause Initial Mark (Metadata GC Threshold) 44M->7M(1024M) 11.784ms
[2018-07-26T13:03:42.811-0530][gc,cpu       ] GC(0) User=0.04s Sys=0.01s Real=0.02s
[2018-07-26T13:03:42.811-0530][gc           ] GC(1) Concurrent Cycle
[2018-07-26T13:03:42.811-0530][gc,marking   ] GC(1) Concurrent Clear Claimed Marks
[2018-07-26T13:03:42.811-0530][gc,marking   ] GC(1) Concurrent Clear Claimed Marks 0.042ms
[2018-07-26T13:03:42.811-0530][gc,marking   ] GC(1) Concurrent Scan Root Regions
[2018-07-26T13:03:42.815-0530][gc,marking   ] GC(1) Concurrent Scan Root Regions 4.007ms
[2018-07-26T13:03:42.815-0530][gc,marking   ] GC(1) Concurrent Mark (2.271s)
[2018-07-26T13:03:42.815-0530][gc,marking   ] GC(1) Concurrent Mark From Roots
[2018-07-26T13:03:42.815-0530][gc,task      ] GC(1) Using 1 workers of 1 for marking
[2018-07-26T13:03:42.816-0530][gc,marking   ] GC(1) Concurrent Mark From Roots 0.190ms
[2018-07-26T13:03:42.816-0530][gc,marking   ] GC(1) Concurrent Mark (2.271s, 2.272s) 0.230ms
[2018-07-26T13:03:42.816-0530][gc,start     ] GC(1) Pause Remark
[2018-07-26T13:03:42.820-0530][gc,stringtable] GC(1) Cleaned string and symbol table, strings: 8674 processed, 0 removed, symbols: 68015 processed, 34 removed
[2018-07-26T13:03:42.820-0530][gc            ] GC(1) Pause Remark 7M->7M(1024M) 3.900ms
[2018-07-26T13:03:42.820-0530][gc,cpu        ] GC(1) User=0.01s Sys=0.00s Real=0.01s
[2018-07-26T13:03:42.820-0530][gc,marking    ] GC(1) Concurrent Create Live Data
[2018-07-26T13:03:42.820-0530][gc,marking    ] GC(1) Concurrent Create Live Data 0.150ms
[2018-07-26T13:03:42.820-0530][gc,start      ] GC(1) Pause Cleanup
[2018-07-26T13:03:42.821-0530][gc            ] GC(1) Pause Cleanup 7M->7M(1024M) 0.552ms
[2018-07-26T13:03:42.821-0530][gc,cpu        ] GC(1) User=0.01s Sys=0.00s Real=0.00s
[2018-07-26T13:03:42.821-0530][gc,marking    ] GC(1) Concurrent Cleanup for Next Mark
[2018-07-26T13:03:42.833-0530][gc,marking    ] GC(1) Concurrent Cleanup for Next Mark 12.308ms
[2018-07-26T13:03:42.833-0530][gc            ] GC(1) Concurrent Cycle 22.053ms
[2018-07-26T13:03:44.232-0530][gc,start      ] GC(2) Pause Young (G1 Evacuation Pause)
[2018-07-26T13:03:44.232-0530][gc,task       ] GC(2) Using 4 workers of 4 for evacuation
[2018-07-26T13:03:44.251-0530][gc,phases     ] GC(2)   Pre Evacuate Collection Set: 0.0ms
[2018-07-26T13:03:44.251-0530][gc,phases     ] GC(2)   Evacuate Collection Set: 17.9ms
[2018-07-26T13:03:44.251-0530][gc,phases     ] GC(2)   Post Evacuate Collection Set: 0.6ms
[2018-07-26T13:03:44.251-0530][gc,phases     ] GC(2)   Other: 0.4ms
[2018-07-26T13:03:44.251-0530][gc,heap       ] GC(2) Eden regions: 44->0(47)
[2018-07-26T13:03:44.251-0530][gc,heap       ] GC(2) Survivor regions: 7->4(7)
[2018-07-26T13:03:44.251-0530][gc,heap       ] GC(2) Old regions: 0->7
[2018-07-26T13:03:44.251-0530][gc,heap       ] GC(2) Humongous regions: 130->130
[2018-07-26T13:03:44.251-0530][gc,metaspace  ] GC(2) Metaspace: 28910K->28910K(1075200K)
[2018-07-26T13:03:44.251-0530][gc            ] GC(2) Pause Young (G1 Evacuation Pause) 180M->139M(1024M) 19.092ms
[2018-07-26T13:03:44.251-0530][gc,cpu        ] GC(2) User=0.05s Sys=0.01s Real=0.02s
[2018-07-26T13:03:45.656-0530][gc,start      ] GC(3) Pause Young (G1 Evacuation Pause)
[2018-07-26T13:03:45.656-0530][gc,task       ] GC(3) Using 4 workers of 4 for evacuation
[2018-07-26T13:03:45.665-0530][gc,phases     ] GC(3)   Pre Evacuate Collection Set: 0.1ms
[2018-07-26T13:03:45.665-0530][gc,phases     ] GC(3)   Evacuate Collection Set: 7.8ms
[2018-07-26T13:03:45.665-0530][gc,phases     ] GC(3)   Post Evacuate Collection Set: 0.4ms
[2018-07-26T13:03:45.665-0530][gc,phases     ] GC(3)   Other: 0.4ms
[2018-07-26T13:03:45.665-0530][gc,heap       ] GC(3) Eden regions: 47->0(46)
[2018-07-26T13:03:45.665-0530][gc,heap       ] GC(3) Survivor regions: 4->5(7)
[2018-07-26T13:03:45.665-0530][gc,heap       ] GC(3) Old regions: 7->7
[2018-07-26T13:03:45.665-0530][gc,heap       ] GC(3) Humongous regions: 166->136
[2018-07-26T13:03:45.665-0530][gc,metaspace  ] GC(3) Metaspace: 33898K->33898K(1079296K)
[2018-07-26T13:03:45.665-0530][gc            ] GC(3) Pause Young (G1 Evacuation Pause) 222M->146M(1024M) 8.832ms
[2018-07-26T13:03:45.665-0530][gc,cpu        ] GC(3) User=0.04s Sys=0.00s Real=0.01s
[2018-07-26T13:05:49.495-0530][gc,start      ] GC(4) Pause Initial Mark (Metadata GC Threshold)
[2018-07-26T13:05:49.495-0530][gc,task       ] GC(4) Using 4 workers of 4 for evacuation
[2018-07-26T13:05:49.505-0530][gc,phases     ] GC(4)   Pre Evacuate Collection Set: 0.1ms
[2018-07-26T13:05:49.505-0530][gc,phases     ] GC(4)   Evacuate Collection Set: 9.7ms
[2018-07-26T13:05:49.505-0530][gc,phases     ] GC(4)   Post Evacuate Collection Set: 0.4ms
[2018-07-26T13:05:49.505-0530][gc,phases     ] GC(4)   Other: 0.5ms
[2018-07-26T13:05:49.506-0530][gc,heap       ] GC(4) Eden regions: 17->0(49)
[2018-07-26T13:05:49.506-0530][gc,heap       ] GC(4) Survivor regions: 5->2(7)
[2018-07-26T13:05:49.506-0530][gc,heap       ] GC(4) Old regions: 7->9
[2018-07-26T13:05:49.506-0530][gc,heap       ] GC(4) Humongous regions: 136->130
[2018-07-26T13:05:49.506-0530][gc,metaspace  ] GC(4) Metaspace: 35165K->35165K(1081344K)
[2018-07-26T13:05:49.506-0530][gc            ] GC(4) Pause Initial Mark (Metadata GC Threshold) 163M->140M(1024M) 10.943ms
[2018-07-26T13:05:49.506-0530][gc,cpu        ] GC(4) User=0.03s Sys=0.00s Real=0.01s
[2018-07-26T13:05:49.506-0530][gc            ] GC(5) Concurrent Cycle
[2018-07-26T13:05:49.506-0530][gc,marking    ] GC(5) Concurrent Clear Claimed Marks
[2018-07-26T13:05:49.506-0530][gc,marking    ] GC(5) Concurrent Clear Claimed Marks 0.047ms
[2018-07-26T13:05:49.506-0530][gc,marking    ] GC(5) Concurrent Scan Root Regions
[2018-07-26T13:05:49.509-0530][gc,marking    ] GC(5) Concurrent Scan Root Regions 2.935ms
[2018-07-26T13:05:49.509-0530][gc,marking    ] GC(5) Concurrent Mark (128.962s)
[2018-07-26T13:05:49.509-0530][gc,marking    ] GC(5) Concurrent Mark From Roots
[2018-07-26T13:05:49.509-0530][gc,task       ] GC(5) Using 1 workers of 1 for marking
[2018-07-26T13:05:49.533-0530][gc,marking    ] GC(5) Concurrent Mark From Roots 23.777ms
[2018-07-26T13:05:49.533-0530][gc,marking    ] GC(5) Concurrent Mark (128.962s, 128.986s) 23.872ms
[2018-07-26T13:05:49.533-0530][gc,start      ] GC(5) Pause Remark
[2018-07-26T13:05:49.541-0530][gc,stringtable] GC(5) Cleaned string and symbol table, strings: 14095 processed, 5 removed, symbols: 94732 processed, 17 removed
[2018-07-26T13:05:49.542-0530][gc            ] GC(5) Pause Remark 141M->141M(1024M) 8.540ms
[2018-07-26T13:05:49.542-0530][gc,cpu        ] GC(5) User=0.03s Sys=0.00s Real=0.01s
[2018-07-26T13:05:49.542-0530][gc,marking    ] GC(5) Concurrent Create Live Data
[2018-07-26T13:05:49.546-0530][gc,marking    ] GC(5) Concurrent Create Live Data 4.646ms
[2018-07-26T13:05:49.547-0530][gc,start      ] GC(5) Pause Cleanup
[2018-07-26T13:05:49.547-0530][gc            ] GC(5) Pause Cleanup 141M->141M(1024M) 0.639ms
[2018-07-26T13:05:49.547-0530][gc,cpu        ] GC(5) User=0.00s Sys=0.00s Real=0.00s
[2018-07-26T13:05:49.548-0530][gc,marking    ] GC(5) Concurrent Cleanup for Next Mark
[2018-07-26T13:05:49.560-0530][gc,marking    ] GC(5) Concurrent Cleanup for Next Mark 11.625ms
[2018-07-26T13:05:49.560-0530][gc            ] GC(5) Concurrent Cycle 54.081ms
[2018-07-26T13:11:57.597-0530][gc,start      ] GC(6) Pause Young (G1 Evacuation Pause)
[2018-07-26T13:11:57.597-0530][gc,task       ] GC(6) Using 4 workers of 4 for evacuation
[2018-07-26T13:11:57.605-0530][gc,phases     ] GC(6)   Pre Evacuate Collection Set: 0.0ms
[2018-07-26T13:11:57.605-0530][gc,phases     ] GC(6)   Evacuate Collection Set: 7.1ms
[2018-07-26T13:11:57.605-0530][gc,phases     ] GC(6)   Post Evacuate Collection Set: 0.4ms
[2018-07-26T13:11:57.605-0530][gc,phases     ] GC(6)   Other: 0.3ms
[2018-07-26T13:11:57.605-0530][gc,heap       ] GC(6) Eden regions: 49->0(47)
[2018-07-26T13:11:57.605-0530][gc,heap       ] GC(6) Survivor regions: 2->4(7)
[2018-07-26T13:11:57.605-0530][gc,heap       ] GC(6) Old regions: 9->9
[2018-07-26T13:11:57.605-0530][gc,heap       ] GC(6) Humongous regions: 130->130
[2018-07-26T13:11:57.605-0530][gc,metaspace  ] GC(6) Metaspace: 37314K->37314K(1083392K)
[2018-07-26T13:11:57.605-0530][gc            ] GC(6) Pause Young (G1 Evacuation Pause) 189M->142M(1024M) 7.994ms
[2018-07-26T13:11:57.605-0530][gc,cpu        ] GC(6) User=0.03s Sys=0.00s Real=0.01s
[2018-07-26T13:16:40.006-0530][gc,start      ] GC(7) Pause Young (G1 Evacuation Pause)
[2018-07-26T13:16:40.006-0530][gc,task       ] GC(7) Using 4 workers of 4 for evacuation
[2018-07-26T13:16:40.014-0530][gc,phases     ] GC(7)   Pre Evacuate Collection Set: 0.0ms
[2018-07-26T13:16:40.014-0530][gc,phases     ] GC(7)   Evacuate Collection Set: 7.4ms
[2018-07-26T13:16:40.014-0530][gc,phases     ] GC(7)   Post Evacuate Collection Set: 0.3ms
[2018-07-26T13:16:40.014-0530][gc,phases     ] GC(7)   Other: 0.3ms
[2018-07-26T13:16:40.014-0530][gc,heap       ] GC(7) Eden regions: 47->0(46)
[2018-07-26T13:16:40.014-0530][gc,heap       ] GC(7) Survivor regions: 4->5(7)
[2018-07-26T13:16:40.014-0530][gc,heap       ] GC(7) Old regions: 9->9
[2018-07-26T13:16:40.014-0530][gc,heap       ] GC(7) Humongous regions: 130->130
[2018-07-26T13:16:40.014-0530][gc,metaspace  ] GC(7) Metaspace: 37705K->37705K(1083392K)
[2018-07-26T13:16:40.014-0530][gc            ] GC(7) Pause Young (G1 Evacuation Pause) 189M->143M(1024M) 8.195ms
[2018-07-26T13:16:40.015-0530][gc,cpu        ] GC(7) User=0.03s Sys=0.00s Real=0.01s
[2018-07-26T13:21:20.416-0530][gc,start      ] GC(8) Pause Young (G1 Evacuation Pause)
[2018-07-26T13:21:20.416-0530][gc,task       ] GC(8) Using 4 workers of 4 for evacuation
[2018-07-26T13:21:20.426-0530][gc,phases     ] GC(8)   Pre Evacuate Collection Set: 0.0ms
[2018-07-26T13:21:20.426-0530][gc,phases     ] GC(8)   Evacuate Collection Set: 8.8ms
[2018-07-26T13:21:20.426-0530][gc,phases     ] GC(8)   Post Evacuate Collection Set: 0.4ms
[2018-07-26T13:21:20.426-0530][gc,phases     ] GC(8)   Other: 0.3ms
[2018-07-26T13:21:20.426-0530][gc,heap       ] GC(8) Eden regions: 46->0(47)
[2018-07-26T13:21:20.426-0530][gc,heap       ] GC(8) Survivor regions: 5->4(7)
[2018-07-26T13:21:20.426-0530][gc,heap       ] GC(8) Old regions: 9->11
[2018-07-26T13:21:20.426-0530][gc,heap       ] GC(8) Humongous regions: 130->130
[2018-07-26T13:21:20.426-0530][gc,metaspace  ] GC(8) Metaspace: 37836K->37836K(1083392K)
[2018-07-26T13:21:20.426-0530][gc            ] GC(8) Pause Young (G1 Evacuation Pause) 189M->143M(1024M) 9.722ms
[2018-07-26T13:21:20.426-0530][gc,cpu        ] GC(8) User=0.04s Sys=0.00s Real=0.01s
[2018-07-26T13:26:36.118-0530][gc,start      ] GC(9) Pause Young (G1 Evacuation Pause)
[2018-07-26T13:26:36.118-0530][gc,task       ] GC(9) Using 4 workers of 4 for evacuation
[2018-07-26T13:26:36.126-0530][gc,phases     ] GC(9)   Pre Evacuate Collection Set: 0.0ms
[2018-07-26T13:26:36.126-0530][gc,phases     ] GC(9)   Evacuate Collection Set: 6.9ms
[2018-07-26T13:26:36.126-0530][gc,phases     ] GC(9)   Post Evacuate Collection Set: 0.3ms
[2018-07-26T13:26:36.126-0530][gc,phases     ] GC(9)   Other: 0.3ms
[2018-07-26T13:26:36.126-0530][gc,heap       ] GC(9) Eden regions: 47->0(47)
[2018-07-26T13:26:36.126-0530][gc,heap       ] GC(9) Survivor regions: 4->4(7)
[2018-07-26T13:26:36.126-0530][gc,heap       ] GC(9) Old regions: 11->11
[2018-07-26T13:26:36.126-0530][gc,heap       ] GC(9) Humongous regions: 130->130
[2018-07-26T13:26:36.126-0530][gc,metaspace  ] GC(9) Metaspace: 37921K->37921K(1083392K)
[2018-07-26T13:26:36.126-0530][gc            ] GC(9) Pause Young (G1 Evacuation Pause) 190M->143M(1024M) 7.724ms
[2018-07-26T13:26:36.126-0530][gc,cpu        ] GC(9) User=0.02s Sys=0.00s Real=0.01s
[2018-07-26T13:32:26.849-0530][gc,start      ] GC(10) Pause Young (G1 Evacuation Pause)
[2018-07-26T13:32:26.849-0530][gc,task       ] GC(10) Using 4 workers of 4 for evacuation
[2018-07-26T13:32:26.857-0530][gc,phases     ] GC(10)   Pre Evacuate Collection Set: 0.0ms
[2018-07-26T13:32:26.857-0530][gc,phases     ] GC(10)   Evacuate Collection Set: 7.4ms
[2018-07-26T13:32:26.857-0530][gc,phases     ] GC(10)   Post Evacuate Collection Set: 0.3ms
[2018-07-26T13:32:26.857-0530][gc,phases     ] GC(10)   Other: 0.3ms
[2018-07-26T13:32:26.857-0530][gc,heap       ] GC(10) Eden regions: 47->0(47)
[2018-07-26T13:32:26.857-0530][gc,heap       ] GC(10) Survivor regions: 4->4(7)
[2018-07-26T13:32:26.857-0530][gc,heap       ] GC(10) Old regions: 11->11
[2018-07-26T13:32:26.857-0530][gc,heap       ] GC(10) Humongous regions: 130->130
[2018-07-26T13:32:26.857-0530][gc,metaspace  ] GC(10) Metaspace: 38025K->38025K(1083392K)
[2018-07-26T13:32:26.858-0530][gc            ] GC(10) Pause Young (G1 Evacuation Pause) 190M->144M(1024M) 8.179ms
[2018-07-26T13:32:26.858-0530][gc,cpu        ] GC(10) User=0.03s Sys=0.00s Real=0.01s
[2018-07-26T13:38:10.440-0530][gc,start      ] GC(11) Pause Young (G1 Evacuation Pause)
[2018-07-26T13:38:10.440-0530][gc,task       ] GC(11) Using 4 workers of 4 for evacuation
[2018-07-26T13:38:10.450-0530][gc,phases     ] GC(11)   Pre Evacuate Collection Set: 0.0ms
[2018-07-26T13:38:10.450-0530][gc,phases     ] GC(11)   Evacuate Collection Set: 8.5ms
[2018-07-26T13:38:10.450-0530][gc,phases     ] GC(11)   Post Evacuate Collection Set: 0.4ms
[2018-07-26T13:38:10.450-0530][gc,phases     ] GC(11)   Other: 0.4ms
[2018-07-26T13:38:10.450-0530][gc,heap       ] GC(11) Eden regions: 47->0(46)
[2018-07-26T13:38:10.450-0530][gc,heap       ] GC(11) Survivor regions: 4->5(7)
[2018-07-26T13:38:10.450-0530][gc,heap       ] GC(11) Old regions: 11->11
[2018-07-26T13:38:10.450-0530][gc,heap       ] GC(11) Humongous regions: 130->130
[2018-07-26T13:38:10.450-0530][gc,metaspace  ] GC(11) Metaspace: 38437K->38437K(1083392K)
[2018-07-26T13:38:10.450-0530][gc            ] GC(11) Pause Young (G1 Evacuation Pause) 191M->144M(1024M) 9.453ms
[2018-07-26T13:38:10.450-0530][gc,cpu        ] GC(11) User=0.03s Sys=0.00s Real=0.01s
[2018-07-26T14:36:03.634-0530][gc,start      ] GC(12) Pause Young (G1 Evacuation Pause)
[2018-07-26T14:36:03.634-0530][gc,task       ] GC(12) Using 4 workers of 4 for evacuation
[2018-07-26T14:36:03.643-0530][gc,phases     ] GC(12)   Pre Evacuate Collection Set: 0.0ms
[2018-07-26T14:36:03.643-0530][gc,phases     ] GC(12)   Evacuate Collection Set: 7.9ms
[2018-07-26T14:36:03.643-0530][gc,phases     ] GC(12)   Post Evacuate Collection Set: 0.3ms
[2018-07-26T14:36:03.643-0530][gc,phases     ] GC(12)   Other: 0.2ms
[2018-07-26T14:36:03.643-0530][gc,heap       ] GC(12) Eden regions: 46->0(47)
[2018-07-26T14:36:03.643-0530][gc,heap       ] GC(12) Survivor regions: 5->4(7)
[2018-07-26T14:36:03.643-0530][gc,heap       ] GC(12) Old regions: 11->11
[2018-07-26T14:36:03.643-0530][gc,heap       ] GC(12) Humongous regions: 130->130
[2018-07-26T14:36:03.643-0530][gc,metaspace  ] GC(12) Metaspace: 39129K->39129K(1085440K)
[2018-07-26T14:36:03.643-0530][gc            ] GC(12) Pause Young (G1 Evacuation Pause) 190M->144M(1024M) 8.666ms
[2018-07-26T14:36:03.643-0530][gc,cpu        ] GC(12) User=0.04s Sys=0.00s Real=0.01s
[2018-07-26T14:36:03.669-0530][gc,heap,exit  ] Heap
[2018-07-26T14:36:03.669-0530][gc,heap,exit  ]  garbage-first heap   total 1048576K, used 150066K [0x0000000780000000, 0x00000007c0000000)
[2018-07-26T14:36:03.669-0530][gc,heap,exit  ]   region size 1024K, 7 young (7168K), 4 survivors (4096K)
[2018-07-26T14:36:03.669-0530][gc,heap,exit  ]  Metaspace       used 39155K, capacity 39520K, committed 39936K, reserved 1085440K
[2018-07-26T14:36:03.669-0530][gc,heap,exit  ]   class space    used 4734K, capacity 4836K, committed 4864K, reserved 1048576K
