[2018-07-26T14:40:13.331-0530][gc,heap] Heap region size: 1M
[2018-07-26T14:40:13.347-0530][gc     ] Using G1
[2018-07-26T14:40:13.347-0530][gc,heap,coops] Heap address: 0x0000000780000000, size: 1024 MB, Compressed Oops mode: Zero based, Oop shift amount: 3
[2018-07-26T14:40:16.080-0530][gc,start     ] GC(0) Pause Initial Mark (Metadata GC Threshold)
[2018-07-26T14:40:16.080-0530][gc,task      ] GC(0) Using 4 workers of 4 for evacuation
[2018-07-26T14:40:16.091-0530][gc,phases    ] GC(0)   Pre Evacuate Collection Set: 0.1ms
[2018-07-26T14:40:16.091-0530][gc,phases    ] GC(0)   Evacuate Collection Set: 10.1ms
[2018-07-26T14:40:16.091-0530][gc,phases    ] GC(0)   Post Evacuate Collection Set: 0.4ms
[2018-07-26T14:40:16.091-0530][gc,phases    ] GC(0)   Other: 0.5ms
[2018-07-26T14:40:16.091-0530][gc,heap      ] GC(0) Eden regions: 43->0(44)
[2018-07-26T14:40:16.091-0530][gc,heap      ] GC(0) Survivor regions: 0->7(7)
[2018-07-26T14:40:16.091-0530][gc,heap      ] GC(0) Old regions: 0->0
[2018-07-26T14:40:16.091-0530][gc,heap      ] GC(0) Humongous regions: 1->1
[2018-07-26T14:40:16.091-0530][gc,metaspace ] GC(0) Metaspace: 20804K->20804K(1069056K)
[2018-07-26T14:40:16.091-0530][gc           ] GC(0) Pause Initial Mark (Metadata GC Threshold) 44M->7M(1024M) 11.207ms
[2018-07-26T14:40:16.091-0530][gc,cpu       ] GC(0) User=0.03s Sys=0.00s Real=0.01s
[2018-07-26T14:40:16.091-0530][gc           ] GC(1) Concurrent Cycle
[2018-07-26T14:40:16.091-0530][gc,marking   ] GC(1) Concurrent Clear Claimed Marks
[2018-07-26T14:40:16.091-0530][gc,marking   ] GC(1) Concurrent Clear Claimed Marks 0.038ms
[2018-07-26T14:40:16.091-0530][gc,marking   ] GC(1) Concurrent Scan Root Regions
[2018-07-26T14:40:16.095-0530][gc,marking   ] GC(1) Concurrent Scan Root Regions 4.457ms
[2018-07-26T14:40:16.096-0530][gc,marking   ] GC(1) Concurrent Mark (2.779s)
[2018-07-26T14:40:16.096-0530][gc,marking   ] GC(1) Concurrent Mark From Roots
[2018-07-26T14:40:16.096-0530][gc,task      ] GC(1) Using 1 workers of 1 for marking
[2018-07-26T14:40:16.096-0530][gc,marking   ] GC(1) Concurrent Mark From Roots 0.237ms
[2018-07-26T14:40:16.096-0530][gc,marking   ] GC(1) Concurrent Mark (2.779s, 2.779s) 0.296ms
[2018-07-26T14:40:16.096-0530][gc,start     ] GC(1) Pause Remark
[2018-07-26T14:40:16.100-0530][gc,stringtable] GC(1) Cleaned string and symbol table, strings: 8691 processed, 0 removed, symbols: 68015 processed, 34 removed
[2018-07-26T14:40:16.100-0530][gc            ] GC(1) Pause Remark 7M->7M(1024M) 4.106ms
[2018-07-26T14:40:16.100-0530][gc,cpu        ] GC(1) User=0.02s Sys=0.00s Real=0.01s
[2018-07-26T14:40:16.100-0530][gc,marking    ] GC(1) Concurrent Create Live Data
[2018-07-26T14:40:16.101-0530][gc,marking    ] GC(1) Concurrent Create Live Data 0.213ms
[2018-07-26T14:40:16.101-0530][gc,start      ] GC(1) Pause Cleanup
[2018-07-26T14:40:16.101-0530][gc            ] GC(1) Pause Cleanup 7M->7M(1024M) 0.623ms
[2018-07-26T14:40:16.101-0530][gc,cpu        ] GC(1) User=0.00s Sys=0.00s Real=0.00s
[2018-07-26T14:40:16.101-0530][gc,marking    ] GC(1) Concurrent Cleanup for Next Mark
[2018-07-26T14:40:16.114-0530][gc,marking    ] GC(1) Concurrent Cleanup for Next Mark 12.436ms
[2018-07-26T14:40:16.114-0530][gc            ] GC(1) Concurrent Cycle 23.075ms
[2018-07-26T14:40:17.318-0530][gc,start      ] GC(2) Pause Young (G1 Evacuation Pause)
[2018-07-26T14:40:17.318-0530][gc,task       ] GC(2) Using 4 workers of 4 for evacuation
[2018-07-26T14:40:17.336-0530][gc,phases     ] GC(2)   Pre Evacuate Collection Set: 0.0ms
[2018-07-26T14:40:17.336-0530][gc,phases     ] GC(2)   Evacuate Collection Set: 16.6ms
[2018-07-26T14:40:17.336-0530][gc,phases     ] GC(2)   Post Evacuate Collection Set: 0.7ms
[2018-07-26T14:40:17.336-0530][gc,phases     ] GC(2)   Other: 0.4ms
[2018-07-26T14:40:17.336-0530][gc,heap       ] GC(2) Eden regions: 44->0(47)
[2018-07-26T14:40:17.336-0530][gc,heap       ] GC(2) Survivor regions: 7->4(7)
[2018-07-26T14:40:17.336-0530][gc,heap       ] GC(2) Old regions: 0->7
[2018-07-26T14:40:17.336-0530][gc,heap       ] GC(2) Humongous regions: 130->130
[2018-07-26T14:40:17.336-0530][gc,metaspace  ] GC(2) Metaspace: 28896K->28896K(1075200K)
[2018-07-26T14:40:17.336-0530][gc            ] GC(2) Pause Young (G1 Evacuation Pause) 180M->139M(1024M) 17.933ms
[2018-07-26T14:40:17.336-0530][gc,cpu        ] GC(2) User=0.05s Sys=0.01s Real=0.02s
[2018-07-26T14:40:18.631-0530][gc,start      ] GC(3) Pause Young (G1 Evacuation Pause)
[2018-07-26T14:40:18.631-0530][gc,task       ] GC(3) Using 4 workers of 4 for evacuation
[2018-07-26T14:40:18.640-0530][gc,phases     ] GC(3)   Pre Evacuate Collection Set: 0.1ms
[2018-07-26T14:40:18.640-0530][gc,phases     ] GC(3)   Evacuate Collection Set: 8.2ms
[2018-07-26T14:40:18.640-0530][gc,phases     ] GC(3)   Post Evacuate Collection Set: 0.4ms
[2018-07-26T14:40:18.641-0530][gc,phases     ] GC(3)   Other: 0.4ms
[2018-07-26T14:40:18.641-0530][gc,heap       ] GC(3) Eden regions: 47->0(46)
[2018-07-26T14:40:18.641-0530][gc,heap       ] GC(3) Survivor regions: 4->5(7)
[2018-07-26T14:40:18.641-0530][gc,heap       ] GC(3) Old regions: 7->7
[2018-07-26T14:40:18.641-0530][gc,heap       ] GC(3) Humongous regions: 178->136
[2018-07-26T14:40:18.641-0530][gc,metaspace  ] GC(3) Metaspace: 33971K->33971K(1079296K)
[2018-07-26T14:40:18.641-0530][gc            ] GC(3) Pause Young (G1 Evacuation Pause) 234M->147M(1024M) 9.308ms
[2018-07-26T14:40:18.641-0530][gc,cpu        ] GC(3) User=0.04s Sys=0.01s Real=0.01s
[2018-07-26T14:41:42.825-0530][gc,start      ] GC(4) Pause Initial Mark (Metadata GC Threshold)
[2018-07-26T14:41:42.825-0530][gc,task       ] GC(4) Using 4 workers of 4 for evacuation
[2018-07-26T14:41:42.833-0530][gc,phases     ] GC(4)   Pre Evacuate Collection Set: 0.1ms
[2018-07-26T14:41:42.833-0530][gc,phases     ] GC(4)   Evacuate Collection Set: 7.4ms
[2018-07-26T14:41:42.833-0530][gc,phases     ] GC(4)   Post Evacuate Collection Set: 0.3ms
[2018-07-26T14:41:42.833-0530][gc,phases     ] GC(4)   Other: 0.4ms
[2018-07-26T14:41:42.833-0530][gc,heap       ] GC(4) Eden regions: 16->0(49)
[2018-07-26T14:41:42.833-0530][gc,heap       ] GC(4) Survivor regions: 5->2(7)
[2018-07-26T14:41:42.833-0530][gc,heap       ] GC(4) Old regions: 7->10
[2018-07-26T14:41:42.833-0530][gc,heap       ] GC(4) Humongous regions: 136->130
[2018-07-26T14:41:42.833-0530][gc,metaspace  ] GC(4) Metaspace: 35131K->35131K(1081344K)
[2018-07-26T14:41:42.833-0530][gc            ] GC(4) Pause Initial Mark (Metadata GC Threshold) 163M->141M(1024M) 8.309ms
[2018-07-26T14:41:42.833-0530][gc,cpu        ] GC(4) User=0.02s Sys=0.00s Real=0.01s
[2018-07-26T14:41:42.833-0530][gc            ] GC(5) Concurrent Cycle
[2018-07-26T14:41:42.833-0530][gc,marking    ] GC(5) Concurrent Clear Claimed Marks
[2018-07-26T14:41:42.833-0530][gc,marking    ] GC(5) Concurrent Clear Claimed Marks 0.039ms
[2018-07-26T14:41:42.833-0530][gc,marking    ] GC(5) Concurrent Scan Root Regions
[2018-07-26T14:41:42.836-0530][gc,marking    ] GC(5) Concurrent Scan Root Regions 2.788ms
[2018-07-26T14:41:42.836-0530][gc,marking    ] GC(5) Concurrent Mark (89.517s)
[2018-07-26T14:41:42.836-0530][gc,marking    ] GC(5) Concurrent Mark From Roots
[2018-07-26T14:41:42.836-0530][gc,task       ] GC(5) Using 1 workers of 1 for marking
[2018-07-26T14:41:42.850-0530][gc,marking    ] GC(5) Concurrent Mark From Roots 13.861ms
[2018-07-26T14:41:42.850-0530][gc,marking    ] GC(5) Concurrent Mark (89.517s, 89.531s) 13.974ms
[2018-07-26T14:41:42.850-0530][gc,start      ] GC(5) Pause Remark
[2018-07-26T14:41:42.859-0530][gc,stringtable] GC(5) Cleaned string and symbol table, strings: 14131 processed, 5 removed, symbols: 94775 processed, 17 removed
[2018-07-26T14:41:42.859-0530][gc            ] GC(5) Pause Remark 141M->141M(1024M) 8.615ms
[2018-07-26T14:41:42.859-0530][gc,cpu        ] GC(5) User=0.03s Sys=0.00s Real=0.00s
[2018-07-26T14:41:42.859-0530][gc,marking    ] GC(5) Concurrent Create Live Data
[2018-07-26T14:41:42.862-0530][gc,marking    ] GC(5) Concurrent Create Live Data 3.228ms
[2018-07-26T14:41:42.863-0530][gc,start      ] GC(5) Pause Cleanup
[2018-07-26T14:41:42.863-0530][gc            ] GC(5) Pause Cleanup 141M->141M(1024M) 0.562ms
[2018-07-26T14:41:42.863-0530][gc,cpu        ] GC(5) User=0.01s Sys=0.00s Real=0.00s
[2018-07-26T14:41:42.863-0530][gc,marking    ] GC(5) Concurrent Cleanup for Next Mark
[2018-07-26T14:41:42.875-0530][gc,marking    ] GC(5) Concurrent Cleanup for Next Mark 11.228ms
[2018-07-26T14:41:42.875-0530][gc            ] GC(5) Concurrent Cycle 41.467ms
[2018-07-26T14:46:04.031-0530][gc,start      ] GC(6) Pause Young (G1 Evacuation Pause)
[2018-07-26T14:46:04.031-0530][gc,task       ] GC(6) Using 4 workers of 4 for evacuation
[2018-07-26T14:46:04.039-0530][gc,phases     ] GC(6)   Pre Evacuate Collection Set: 0.0ms
[2018-07-26T14:46:04.039-0530][gc,phases     ] GC(6)   Evacuate Collection Set: 7.0ms
[2018-07-26T14:46:04.039-0530][gc,phases     ] GC(6)   Post Evacuate Collection Set: 0.3ms
[2018-07-26T14:46:04.039-0530][gc,phases     ] GC(6)   Other: 0.3ms
[2018-07-26T14:46:04.039-0530][gc,heap       ] GC(6) Eden regions: 49->0(47)
[2018-07-26T14:46:04.039-0530][gc,heap       ] GC(6) Survivor regions: 2->4(7)
[2018-07-26T14:46:04.039-0530][gc,heap       ] GC(6) Old regions: 10->10
[2018-07-26T14:46:04.039-0530][gc,heap       ] GC(6) Humongous regions: 130->130
[2018-07-26T14:46:04.039-0530][gc,metaspace  ] GC(6) Metaspace: 37424K->37424K(1083392K)
[2018-07-26T14:46:04.039-0530][gc            ] GC(6) Pause Young (G1 Evacuation Pause) 190M->143M(1024M) 7.886ms
[2018-07-26T14:46:04.039-0530][gc,cpu        ] GC(6) User=0.02s Sys=0.00s Real=0.00s
[2018-07-26T14:50:06.499-0530][gc,start      ] GC(7) Pause Young (G1 Evacuation Pause)
[2018-07-26T14:50:06.500-0530][gc,task       ] GC(7) Using 4 workers of 4 for evacuation
[2018-07-26T14:50:06.508-0530][gc,phases     ] GC(7)   Pre Evacuate Collection Set: 0.0ms
[2018-07-26T14:50:06.509-0530][gc,phases     ] GC(7)   Evacuate Collection Set: 8.3ms
[2018-07-26T14:50:06.509-0530][gc,phases     ] GC(7)   Post Evacuate Collection Set: 0.4ms
[2018-07-26T14:50:06.509-0530][gc,phases     ] GC(7)   Other: 0.3ms
[2018-07-26T14:50:06.509-0530][gc,heap       ] GC(7) Eden regions: 47->0(46)
[2018-07-26T14:50:06.509-0530][gc,heap       ] GC(7) Survivor regions: 4->5(7)
[2018-07-26T14:50:06.509-0530][gc,heap       ] GC(7) Old regions: 10->10
[2018-07-26T14:50:06.509-0530][gc,heap       ] GC(7) Humongous regions: 130->130
[2018-07-26T14:50:06.509-0530][gc,metaspace  ] GC(7) Metaspace: 37715K->37715K(1083392K)
[2018-07-26T14:50:06.509-0530][gc            ] GC(7) Pause Young (G1 Evacuation Pause) 190M->143M(1024M) 9.212ms
[2018-07-26T14:50:06.509-0530][gc,cpu        ] GC(7) User=0.03s Sys=0.01s Real=0.01s
[2018-07-26T14:53:54.005-0530][gc,start      ] GC(8) Pause Young (G1 Evacuation Pause)
[2018-07-26T14:53:54.005-0530][gc,task       ] GC(8) Using 4 workers of 4 for evacuation
[2018-07-26T14:53:54.014-0530][gc,phases     ] GC(8)   Pre Evacuate Collection Set: 0.1ms
[2018-07-26T14:53:54.014-0530][gc,phases     ] GC(8)   Evacuate Collection Set: 9.1ms
[2018-07-26T14:53:54.014-0530][gc,phases     ] GC(8)   Post Evacuate Collection Set: 0.3ms
[2018-07-26T14:53:54.014-0530][gc,phases     ] GC(8)   Other: 0.4ms
[2018-07-26T14:53:54.014-0530][gc,heap       ] GC(8) Eden regions: 46->0(47)
[2018-07-26T14:53:54.014-0530][gc,heap       ] GC(8) Survivor regions: 5->4(7)
[2018-07-26T14:53:54.014-0530][gc,heap       ] GC(8) Old regions: 10->11
[2018-07-26T14:53:54.014-0530][gc,heap       ] GC(8) Humongous regions: 130->130
[2018-07-26T14:53:54.015-0530][gc,metaspace  ] GC(8) Metaspace: 37855K->37855K(1083392K)
[2018-07-26T14:53:54.015-0530][gc            ] GC(8) Pause Young (G1 Evacuation Pause) 189M->144M(1024M) 10.011ms
[2018-07-26T14:53:54.015-0530][gc,cpu        ] GC(8) User=0.04s Sys=0.01s Real=0.01s
[2018-07-26T14:58:02.387-0530][gc,start      ] GC(9) Pause Young (G1 Evacuation Pause)
[2018-07-26T14:58:02.387-0530][gc,task       ] GC(9) Using 4 workers of 4 for evacuation
[2018-07-26T14:58:02.395-0530][gc,phases     ] GC(9)   Pre Evacuate Collection Set: 0.0ms
[2018-07-26T14:58:02.395-0530][gc,phases     ] GC(9)   Evacuate Collection Set: 7.8ms
[2018-07-26T14:58:02.395-0530][gc,phases     ] GC(9)   Post Evacuate Collection Set: 0.3ms
[2018-07-26T14:58:02.395-0530][gc,phases     ] GC(9)   Other: 0.3ms
[2018-07-26T14:58:02.395-0530][gc,heap       ] GC(9) Eden regions: 47->0(47)
[2018-07-26T14:58:02.395-0530][gc,heap       ] GC(9) Survivor regions: 4->4(7)
[2018-07-26T14:58:02.395-0530][gc,heap       ] GC(9) Old regions: 11->11
[2018-07-26T14:58:02.395-0530][gc,heap       ] GC(9) Humongous regions: 130->130
[2018-07-26T14:58:02.395-0530][gc,metaspace  ] GC(9) Metaspace: 37945K->37945K(1083392K)
[2018-07-26T14:58:02.395-0530][gc            ] GC(9) Pause Young (G1 Evacuation Pause) 191M->144M(1024M) 8.665ms
[2018-07-26T14:58:02.395-0530][gc,cpu        ] GC(9) User=0.03s Sys=0.00s Real=0.01s
[2018-07-26T15:01:57.925-0530][gc,start      ] GC(10) Pause Young (G1 Evacuation Pause)
[2018-07-26T15:01:57.925-0530][gc,task       ] GC(10) Using 4 workers of 4 for evacuation
[2018-07-26T15:01:57.933-0530][gc,phases     ] GC(10)   Pre Evacuate Collection Set: 0.0ms
[2018-07-26T15:01:57.933-0530][gc,phases     ] GC(10)   Evacuate Collection Set: 7.4ms
[2018-07-26T15:01:57.933-0530][gc,phases     ] GC(10)   Post Evacuate Collection Set: 0.3ms
[2018-07-26T15:01:57.933-0530][gc,phases     ] GC(10)   Other: 0.4ms
[2018-07-26T15:01:57.933-0530][gc,heap       ] GC(10) Eden regions: 47->0(47)
[2018-07-26T15:01:57.933-0530][gc,heap       ] GC(10) Survivor regions: 4->4(7)
[2018-07-26T15:01:57.933-0530][gc,heap       ] GC(10) Old regions: 11->11
[2018-07-26T15:01:57.933-0530][gc,heap       ] GC(10) Humongous regions: 130->130
[2018-07-26T15:01:57.934-0530][gc,metaspace  ] GC(10) Metaspace: 37983K->37983K(1083392K)
[2018-07-26T15:01:57.934-0530][gc            ] GC(10) Pause Young (G1 Evacuation Pause) 191M->144M(1024M) 8.272ms
[2018-07-26T15:01:57.934-0530][gc,cpu        ] GC(10) User=0.02s Sys=0.00s Real=0.01s
[2018-07-26T15:06:01.039-0530][gc,start      ] GC(11) Pause Young (G1 Evacuation Pause)
[2018-07-26T15:06:01.039-0530][gc,task       ] GC(11) Using 4 workers of 4 for evacuation
[2018-07-26T15:06:01.046-0530][gc,phases     ] GC(11)   Pre Evacuate Collection Set: 0.0ms
[2018-07-26T15:06:01.046-0530][gc,phases     ] GC(11)   Evacuate Collection Set: 6.8ms
[2018-07-26T15:06:01.046-0530][gc,phases     ] GC(11)   Post Evacuate Collection Set: 0.3ms
[2018-07-26T15:06:01.046-0530][gc,phases     ] GC(11)   Other: 0.4ms
[2018-07-26T15:06:01.046-0530][gc,heap       ] GC(11) Eden regions: 47->0(48)
[2018-07-26T15:06:01.046-0530][gc,heap       ] GC(11) Survivor regions: 4->4(7)
[2018-07-26T15:06:01.046-0530][gc,heap       ] GC(11) Old regions: 11->11
[2018-07-26T15:06:01.046-0530][gc,heap       ] GC(11) Humongous regions: 130->130
[2018-07-26T15:06:01.046-0530][gc,metaspace  ] GC(11) Metaspace: 38058K->38058K(1083392K)
[2018-07-26T15:06:01.047-0530][gc            ] GC(11) Pause Young (G1 Evacuation Pause) 191M->144M(1024M) 7.649ms
[2018-07-26T15:06:01.047-0530][gc,cpu        ] GC(11) User=0.03s Sys=0.00s Real=0.01s
[2018-07-26T15:10:13.460-0530][gc,start      ] GC(12) Pause Young (G1 Evacuation Pause)
[2018-07-26T15:10:13.460-0530][gc,task       ] GC(12) Using 4 workers of 4 for evacuation
[2018-07-26T15:10:13.468-0530][gc,phases     ] GC(12)   Pre Evacuate Collection Set: 0.0ms
[2018-07-26T15:10:13.468-0530][gc,phases     ] GC(12)   Evacuate Collection Set: 7.1ms
[2018-07-26T15:10:13.468-0530][gc,phases     ] GC(12)   Post Evacuate Collection Set: 0.3ms
[2018-07-26T15:10:13.468-0530][gc,phases     ] GC(12)   Other: 0.3ms
[2018-07-26T15:10:13.468-0530][gc,heap       ] GC(12) Eden regions: 48->0(53)
[2018-07-26T15:10:13.468-0530][gc,heap       ] GC(12) Survivor regions: 4->4(7)
[2018-07-26T15:10:13.468-0530][gc,heap       ] GC(12) Old regions: 11->11
[2018-07-26T15:10:13.468-0530][gc,heap       ] GC(12) Humongous regions: 130->130
[2018-07-26T15:10:13.468-0530][gc,metaspace  ] GC(12) Metaspace: 38216K->38216K(1083392K)
[2018-07-26T15:10:13.468-0530][gc            ] GC(12) Pause Young (G1 Evacuation Pause) 192M->144M(1024M) 7.895ms
[2018-07-26T15:10:13.468-0530][gc,cpu        ] GC(12) User=0.03s Sys=0.00s Real=0.00s
[2018-07-26T15:14:53.061-0530][gc,start      ] GC(13) Pause Young (G1 Evacuation Pause)
[2018-07-26T15:14:53.061-0530][gc,task       ] GC(13) Using 4 workers of 4 for evacuation
[2018-07-26T15:14:53.072-0530][gc,phases     ] GC(13)   Pre Evacuate Collection Set: 0.0ms
[2018-07-26T15:14:53.072-0530][gc,phases     ] GC(13)   Evacuate Collection Set: 10.7ms
[2018-07-26T15:14:53.072-0530][gc,phases     ] GC(13)   Post Evacuate Collection Set: 0.3ms
[2018-07-26T15:14:53.072-0530][gc,phases     ] GC(13)   Other: 0.4ms
[2018-07-26T15:14:53.072-0530][gc,heap       ] GC(13) Eden regions: 53->0(60)
[2018-07-26T15:14:53.072-0530][gc,heap       ] GC(13) Survivor regions: 4->5(8)
[2018-07-26T15:14:53.072-0530][gc,heap       ] GC(13) Old regions: 11->11
[2018-07-26T15:14:53.072-0530][gc,heap       ] GC(13) Humongous regions: 130->130
[2018-07-26T15:14:53.072-0530][gc,metaspace  ] GC(13) Metaspace: 38226K->38226K(1083392K)
[2018-07-26T15:14:53.072-0530][gc            ] GC(13) Pause Young (G1 Evacuation Pause) 197M->145M(1024M) 11.531ms
[2018-07-26T15:14:53.073-0530][gc,cpu        ] GC(13) User=0.03s Sys=0.01s Real=0.01s
[2018-07-26T15:20:08.938-0530][gc,start      ] GC(14) Pause Young (G1 Evacuation Pause)
[2018-07-26T15:20:08.938-0530][gc,task       ] GC(14) Using 4 workers of 4 for evacuation
[2018-07-26T15:20:08.953-0530][gc,phases     ] GC(14)   Pre Evacuate Collection Set: 0.0ms
[2018-07-26T15:20:08.953-0530][gc,phases     ] GC(14)   Evacuate Collection Set: 14.1ms
[2018-07-26T15:20:08.953-0530][gc,phases     ] GC(14)   Post Evacuate Collection Set: 0.4ms
[2018-07-26T15:20:08.953-0530][gc,phases     ] GC(14)   Other: 0.4ms
[2018-07-26T15:20:08.953-0530][gc,heap       ] GC(14) Eden regions: 60->0(440)
[2018-07-26T15:20:08.953-0530][gc,heap       ] GC(14) Survivor regions: 5->5(9)
[2018-07-26T15:20:08.953-0530][gc,heap       ] GC(14) Old regions: 11->11
[2018-07-26T15:20:08.953-0530][gc,heap       ] GC(14) Humongous regions: 130->130
[2018-07-26T15:20:08.953-0530][gc,metaspace  ] GC(14) Metaspace: 38248K->38248K(1083392K)
[2018-07-26T15:20:08.953-0530][gc            ] GC(14) Pause Young (G1 Evacuation Pause) 205M->145M(1024M) 15.108ms
[2018-07-26T15:20:08.953-0530][gc,cpu        ] GC(14) User=0.04s Sys=0.01s Real=0.02s
[2018-07-26T15:59:06.135-0530][gc,start      ] GC(15) Pause Young (G1 Evacuation Pause)
[2018-07-26T15:59:06.148-0530][gc,task       ] GC(15) Using 4 workers of 4 for evacuation
[2018-07-26T15:59:06.160-0530][gc,phases     ] GC(15)   Pre Evacuate Collection Set: 0.0ms
[2018-07-26T15:59:06.160-0530][gc,phases     ] GC(15)   Evacuate Collection Set: 11.2ms
[2018-07-26T15:59:06.160-0530][gc,phases     ] GC(15)   Post Evacuate Collection Set: 0.6ms
[2018-07-26T15:59:06.160-0530][gc,phases     ] GC(15)   Other: 13.1ms
[2018-07-26T15:59:06.160-0530][gc,heap       ] GC(15) Eden regions: 440->0(207)
[2018-07-26T15:59:06.160-0530][gc,heap       ] GC(15) Survivor regions: 5->5(56)
[2018-07-26T15:59:06.160-0530][gc,heap       ] GC(15) Old regions: 11->11
[2018-07-26T15:59:06.160-0530][gc,heap       ] GC(15) Humongous regions: 130->130
[2018-07-26T15:59:06.160-0530][gc,metaspace  ] GC(15) Metaspace: 38335K->38335K(1083392K)
[2018-07-26T15:59:06.160-0530][gc            ] GC(15) Pause Young (G1 Evacuation Pause) 585M->145M(1024M) 25.050ms
[2018-07-26T15:59:06.160-0530][gc,cpu        ] GC(15) User=0.04s Sys=0.00s Real=0.03s
[2018-07-26T16:11:03.716-0530][gc,start      ] GC(16) Pause Young (G1 Evacuation Pause)
[2018-07-26T16:11:03.737-0530][gc,task       ] GC(16) Using 4 workers of 4 for evacuation
[2018-07-26T16:11:03.747-0530][gc,phases     ] GC(16)   Pre Evacuate Collection Set: 0.1ms
[2018-07-26T16:11:03.747-0530][gc,phases     ] GC(16)   Evacuate Collection Set: 9.0ms
[2018-07-26T16:11:03.747-0530][gc,phases     ] GC(16)   Post Evacuate Collection Set: 0.4ms
[2018-07-26T16:11:03.747-0530][gc,phases     ] GC(16)   Other: 22.0ms
[2018-07-26T16:11:03.747-0530][gc,heap       ] GC(16) Eden regions: 152->0(171)
[2018-07-26T16:11:03.747-0530][gc,heap       ] GC(16) Survivor regions: 5->5(20)
[2018-07-26T16:11:03.747-0530][gc,heap       ] GC(16) Old regions: 11->11
[2018-07-26T16:11:03.747-0530][gc,heap       ] GC(16) Humongous regions: 130->130
[2018-07-26T16:11:03.747-0530][gc,metaspace  ] GC(16) Metaspace: 39103K->39103K(1085440K)
[2018-07-26T16:11:03.747-0530][gc            ] GC(16) Pause Young (G1 Evacuation Pause) 297M->145M(1024M) 31.681ms
[2018-07-26T16:11:03.747-0530][gc,cpu        ] GC(16) User=0.04s Sys=0.00s Real=0.03s
[2018-07-26T16:11:10.282-0530][gc,heap,exit  ] Heap
[2018-07-26T16:11:10.282-0530][gc,heap,exit  ]  garbage-first heap   total 1048576K, used 156118K [0x0000000780000000, 0x00000007c0000000)
[2018-07-26T16:11:10.282-0530][gc,heap,exit  ]   region size 1024K, 13 young (13312K), 5 survivors (5120K)
[2018-07-26T16:11:10.282-0530][gc,heap,exit  ]  Metaspace       used 39427K, capacity 39749K, committed 40320K, reserved 1085440K
[2018-07-26T16:11:10.282-0530][gc,heap,exit  ]   class space    used 4760K, capacity 4869K, committed 4992K, reserved 1048576K
