[2018-07-26T14:41:04.813-0530][gc,heap] Heap region size: 1M
[2018-07-26T14:41:04.829-0530][gc     ] Using G1
[2018-07-26T14:41:04.829-0530][gc,heap,coops] Heap address: 0x0000000780000000, size: 1024 MB, Compressed Oops mode: Zero based, Oop shift amount: 3
[2018-07-26T14:41:06.885-0530][gc,start     ] GC(0) Pause Initial Mark (Metadata GC Threshold)
[2018-07-26T14:41:06.885-0530][gc,task      ] GC(0) Using 4 workers of 4 for evacuation
[2018-07-26T14:41:06.896-0530][gc,phases    ] GC(0)   Pre Evacuate Collection Set: 0.1ms
[2018-07-26T14:41:06.896-0530][gc,phases    ] GC(0)   Evacuate Collection Set: 10.3ms
[2018-07-26T14:41:06.896-0530][gc,phases    ] GC(0)   Post Evacuate Collection Set: 0.4ms
[2018-07-26T14:41:06.896-0530][gc,phases    ] GC(0)   Other: 0.6ms
[2018-07-26T14:41:06.896-0530][gc,heap      ] GC(0) Eden regions: 43->0(44)
[2018-07-26T14:41:06.896-0530][gc,heap      ] GC(0) Survivor regions: 0->7(7)
[2018-07-26T14:41:06.896-0530][gc,heap      ] GC(0) Old regions: 0->0
[2018-07-26T14:41:06.896-0530][gc,heap      ] GC(0) Humongous regions: 1->1
[2018-07-26T14:41:06.896-0530][gc,metaspace ] GC(0) Metaspace: 20825K->20825K(1069056K)
[2018-07-26T14:41:06.896-0530][gc           ] GC(0) Pause Initial Mark (Metadata GC Threshold) 44M->7M(1024M) 11.469ms
[2018-07-26T14:41:06.897-0530][gc,cpu       ] GC(0) User=0.03s Sys=0.01s Real=0.01s
[2018-07-26T14:41:06.897-0530][gc           ] GC(1) Concurrent Cycle
[2018-07-26T14:41:06.897-0530][gc,marking   ] GC(1) Concurrent Clear Claimed Marks
[2018-07-26T14:41:06.897-0530][gc,marking   ] GC(1) Concurrent Clear Claimed Marks 0.038ms
[2018-07-26T14:41:06.897-0530][gc,marking   ] GC(1) Concurrent Scan Root Regions
[2018-07-26T14:41:06.901-0530][gc,marking   ] GC(1) Concurrent Scan Root Regions 4.114ms
[2018-07-26T14:41:06.901-0530][gc,marking   ] GC(1) Concurrent Mark (2.103s)
[2018-07-26T14:41:06.901-0530][gc,marking   ] GC(1) Concurrent Mark From Roots
[2018-07-26T14:41:06.901-0530][gc,task      ] GC(1) Using 1 workers of 1 for marking
[2018-07-26T14:41:06.901-0530][gc,marking   ] GC(1) Concurrent Mark From Roots 0.260ms
[2018-07-26T14:41:06.901-0530][gc,marking   ] GC(1) Concurrent Mark (2.103s, 2.103s) 0.311ms
[2018-07-26T14:41:06.902-0530][gc,start     ] GC(1) Pause Remark
[2018-07-26T14:41:06.906-0530][gc,stringtable] GC(1) Cleaned string and symbol table, strings: 8691 processed, 0 removed, symbols: 68015 processed, 34 removed
[2018-07-26T14:41:06.906-0530][gc            ] GC(1) Pause Remark 7M->7M(1024M) 4.070ms
[2018-07-26T14:41:06.906-0530][gc,cpu        ] GC(1) User=0.02s Sys=0.00s Real=0.00s
[2018-07-26T14:41:06.906-0530][gc,marking    ] GC(1) Concurrent Create Live Data
[2018-07-26T14:41:06.906-0530][gc,marking    ] GC(1) Concurrent Create Live Data 0.159ms
[2018-07-26T14:41:06.906-0530][gc,start      ] GC(1) Pause Cleanup
[2018-07-26T14:41:06.907-0530][gc            ] GC(1) Pause Cleanup 7M->7M(1024M) 0.554ms
[2018-07-26T14:41:06.907-0530][gc,cpu        ] GC(1) User=0.00s Sys=0.00s Real=0.00s
[2018-07-26T14:41:06.907-0530][gc,marking    ] GC(1) Concurrent Cleanup for Next Mark
[2018-07-26T14:41:06.919-0530][gc,marking    ] GC(1) Concurrent Cleanup for Next Mark 12.529ms
[2018-07-26T14:41:06.919-0530][gc            ] GC(1) Concurrent Cycle 22.641ms
[2018-07-26T14:41:08.092-0530][gc,start      ] GC(2) Pause Young (G1 Evacuation Pause)
[2018-07-26T14:41:08.093-0530][gc,task       ] GC(2) Using 4 workers of 4 for evacuation
[2018-07-26T14:41:08.113-0530][gc,phases     ] GC(2)   Pre Evacuate Collection Set: 0.0ms
[2018-07-26T14:41:08.113-0530][gc,phases     ] GC(2)   Evacuate Collection Set: 19.1ms
[2018-07-26T14:41:08.113-0530][gc,phases     ] GC(2)   Post Evacuate Collection Set: 0.6ms
[2018-07-26T14:41:08.113-0530][gc,phases     ] GC(2)   Other: 0.4ms
[2018-07-26T14:41:08.113-0530][gc,heap       ] GC(2) Eden regions: 44->0(47)
[2018-07-26T14:41:08.113-0530][gc,heap       ] GC(2) Survivor regions: 7->4(7)
[2018-07-26T14:41:08.113-0530][gc,heap       ] GC(2) Old regions: 0->7
[2018-07-26T14:41:08.113-0530][gc,heap       ] GC(2) Humongous regions: 130->130
[2018-07-26T14:41:08.113-0530][gc,metaspace  ] GC(2) Metaspace: 29960K->29960K(1077248K)
[2018-07-26T14:41:08.113-0530][gc            ] GC(2) Pause Young (G1 Evacuation Pause) 180M->139M(1024M) 20.284ms
[2018-07-26T14:41:08.113-0530][gc,cpu        ] GC(2) User=0.06s Sys=0.01s Real=0.02s
[2018-07-26T14:46:08.412-0530][gc,start      ] GC(3) Pause Young (G1 Evacuation Pause)
[2018-07-26T14:46:08.412-0530][gc,task       ] GC(3) Using 4 workers of 4 for evacuation
[2018-07-26T14:46:08.422-0530][gc,phases     ] GC(3)   Pre Evacuate Collection Set: 0.0ms
[2018-07-26T14:46:08.422-0530][gc,phases     ] GC(3)   Evacuate Collection Set: 8.9ms
[2018-07-26T14:46:08.422-0530][gc,phases     ] GC(3)   Post Evacuate Collection Set: 0.4ms
[2018-07-26T14:46:08.422-0530][gc,phases     ] GC(3)   Other: 0.3ms
[2018-07-26T14:46:08.422-0530][gc,heap       ] GC(3) Eden regions: 47->0(46)
[2018-07-26T14:46:08.422-0530][gc,heap       ] GC(3) Survivor regions: 4->5(7)
[2018-07-26T14:46:08.422-0530][gc,heap       ] GC(3) Old regions: 7->7
[2018-07-26T14:46:08.422-0530][gc,heap       ] GC(3) Humongous regions: 130->130
[2018-07-26T14:46:08.422-0530][gc,metaspace  ] GC(3) Metaspace: 34382K->34382K(1081344K)
[2018-07-26T14:46:08.422-0530][gc            ] GC(3) Pause Young (G1 Evacuation Pause) 186M->140M(1024M) 9.822ms
[2018-07-26T14:46:08.422-0530][gc,cpu        ] GC(3) User=0.03s Sys=0.00s Real=0.01s
[2018-07-26T14:50:53.419-0530][gc,start      ] GC(4) Pause Young (G1 Evacuation Pause)
[2018-07-26T14:50:53.419-0530][gc,task       ] GC(4) Using 4 workers of 4 for evacuation
[2018-07-26T14:50:53.429-0530][gc,phases     ] GC(4)   Pre Evacuate Collection Set: 0.0ms
[2018-07-26T14:50:53.429-0530][gc,phases     ] GC(4)   Evacuate Collection Set: 10.0ms
[2018-07-26T14:50:53.429-0530][gc,phases     ] GC(4)   Post Evacuate Collection Set: 0.4ms
[2018-07-26T14:50:53.429-0530][gc,phases     ] GC(4)   Other: 0.3ms
[2018-07-26T14:50:53.429-0530][gc,heap       ] GC(4) Eden regions: 46->0(47)
[2018-07-26T14:50:53.429-0530][gc,heap       ] GC(4) Survivor regions: 5->4(7)
[2018-07-26T14:50:53.429-0530][gc,heap       ] GC(4) Old regions: 7->9
[2018-07-26T14:50:53.429-0530][gc,heap       ] GC(4) Humongous regions: 130->130
[2018-07-26T14:50:53.429-0530][gc,metaspace  ] GC(4) Metaspace: 34695K->34695K(1081344K)
[2018-07-26T14:50:53.429-0530][gc            ] GC(4) Pause Young (G1 Evacuation Pause) 186M->142M(1024M) 10.881ms
[2018-07-26T14:50:53.429-0530][gc,cpu        ] GC(4) User=0.04s Sys=0.00s Real=0.01s
[2018-07-26T14:55:38.422-0530][gc,start      ] GC(5) Pause Young (G1 Evacuation Pause)
[2018-07-26T14:55:38.422-0530][gc,task       ] GC(5) Using 4 workers of 4 for evacuation
[2018-07-26T14:55:38.430-0530][gc,phases     ] GC(5)   Pre Evacuate Collection Set: 0.0ms
[2018-07-26T14:55:38.430-0530][gc,phases     ] GC(5)   Evacuate Collection Set: 7.2ms
[2018-07-26T14:55:38.430-0530][gc,phases     ] GC(5)   Post Evacuate Collection Set: 0.3ms
[2018-07-26T14:55:38.430-0530][gc,phases     ] GC(5)   Other: 0.3ms
[2018-07-26T14:55:38.430-0530][gc,heap       ] GC(5) Eden regions: 47->0(47)
[2018-07-26T14:55:38.430-0530][gc,heap       ] GC(5) Survivor regions: 4->4(7)
[2018-07-26T14:55:38.430-0530][gc,heap       ] GC(5) Old regions: 9->9
[2018-07-26T14:55:38.430-0530][gc,heap       ] GC(5) Humongous regions: 130->130
[2018-07-26T14:55:38.430-0530][gc,metaspace  ] GC(5) Metaspace: 34739K->34739K(1081344K)
[2018-07-26T14:55:38.430-0530][gc            ] GC(5) Pause Young (G1 Evacuation Pause) 189M->142M(1024M) 7.983ms
[2018-07-26T14:55:38.430-0530][gc,cpu        ] GC(5) User=0.03s Sys=0.00s Real=0.01s
[2018-07-26T15:00:28.680-0530][gc,start      ] GC(6) Pause Young (G1 Evacuation Pause)
[2018-07-26T15:00:28.681-0530][gc,task       ] GC(6) Using 4 workers of 4 for evacuation
[2018-07-26T15:00:28.687-0530][gc,phases     ] GC(6)   Pre Evacuate Collection Set: 0.1ms
[2018-07-26T15:00:28.687-0530][gc,phases     ] GC(6)   Evacuate Collection Set: 5.8ms
[2018-07-26T15:00:28.687-0530][gc,phases     ] GC(6)   Post Evacuate Collection Set: 0.3ms
[2018-07-26T15:00:28.687-0530][gc,phases     ] GC(6)   Other: 0.4ms
[2018-07-26T15:00:28.687-0530][gc,heap       ] GC(6) Eden regions: 47->0(48)
[2018-07-26T15:00:28.687-0530][gc,heap       ] GC(6) Survivor regions: 4->3(7)
[2018-07-26T15:00:28.687-0530][gc,heap       ] GC(6) Old regions: 9->9
[2018-07-26T15:00:28.687-0530][gc,heap       ] GC(6) Humongous regions: 130->130
[2018-07-26T15:00:28.687-0530][gc,metaspace  ] GC(6) Metaspace: 34812K->34812K(1081344K)
[2018-07-26T15:00:28.687-0530][gc            ] GC(6) Pause Young (G1 Evacuation Pause) 189M->141M(1024M) 6.729ms
[2018-07-26T15:00:28.687-0530][gc,cpu        ] GC(6) User=0.03s Sys=0.00s Real=0.00s
[2018-07-26T15:05:30.066-0530][gc,start      ] GC(7) Pause Young (G1 Evacuation Pause)
[2018-07-26T15:05:30.066-0530][gc,task       ] GC(7) Using 4 workers of 4 for evacuation
[2018-07-26T15:05:30.073-0530][gc,phases     ] GC(7)   Pre Evacuate Collection Set: 0.0ms
[2018-07-26T15:05:30.073-0530][gc,phases     ] GC(7)   Evacuate Collection Set: 6.8ms
[2018-07-26T15:05:30.073-0530][gc,phases     ] GC(7)   Post Evacuate Collection Set: 0.3ms
[2018-07-26T15:05:30.073-0530][gc,phases     ] GC(7)   Other: 0.3ms
[2018-07-26T15:05:30.073-0530][gc,heap       ] GC(7) Eden regions: 48->0(47)
[2018-07-26T15:05:30.073-0530][gc,heap       ] GC(7) Survivor regions: 3->4(7)
[2018-07-26T15:05:30.073-0530][gc,heap       ] GC(7) Old regions: 9->9
[2018-07-26T15:05:30.073-0530][gc,heap       ] GC(7) Humongous regions: 130->130
[2018-07-26T15:05:30.073-0530][gc,metaspace  ] GC(7) Metaspace: 34836K->34836K(1081344K)
[2018-07-26T15:05:30.073-0530][gc            ] GC(7) Pause Young (G1 Evacuation Pause) 189M->142M(1024M) 7.626ms
[2018-07-26T15:05:30.073-0530][gc,cpu        ] GC(7) User=0.02s Sys=0.00s Real=0.01s
[2018-07-26T15:10:28.191-0530][gc,start      ] GC(8) Pause Young (G1 Evacuation Pause)
[2018-07-26T15:10:28.191-0530][gc,task       ] GC(8) Using 4 workers of 4 for evacuation
[2018-07-26T15:10:28.198-0530][gc,phases     ] GC(8)   Pre Evacuate Collection Set: 0.0ms
[2018-07-26T15:10:28.198-0530][gc,phases     ] GC(8)   Evacuate Collection Set: 6.8ms
[2018-07-26T15:10:28.198-0530][gc,phases     ] GC(8)   Post Evacuate Collection Set: 0.3ms
[2018-07-26T15:10:28.198-0530][gc,phases     ] GC(8)   Other: 0.3ms
[2018-07-26T15:10:28.198-0530][gc,heap       ] GC(8) Eden regions: 47->0(47)
[2018-07-26T15:10:28.198-0530][gc,heap       ] GC(8) Survivor regions: 4->4(7)
[2018-07-26T15:10:28.198-0530][gc,heap       ] GC(8) Old regions: 9->9
[2018-07-26T15:10:28.198-0530][gc,heap       ] GC(8) Humongous regions: 130->130
[2018-07-26T15:10:28.198-0530][gc,metaspace  ] GC(8) Metaspace: 34850K->34850K(1081344K)
[2018-07-26T15:10:28.198-0530][gc            ] GC(8) Pause Young (G1 Evacuation Pause) 189M->142M(1024M) 7.600ms
[2018-07-26T15:10:28.198-0530][gc,cpu        ] GC(8) User=0.02s Sys=0.00s Real=0.00s
[2018-07-26T15:15:25.240-0530][gc,start      ] GC(9) Pause Young (G1 Evacuation Pause)
[2018-07-26T15:15:25.240-0530][gc,task       ] GC(9) Using 4 workers of 4 for evacuation
[2018-07-26T15:15:25.249-0530][gc,phases     ] GC(9)   Pre Evacuate Collection Set: 0.0ms
[2018-07-26T15:15:25.249-0530][gc,phases     ] GC(9)   Evacuate Collection Set: 8.3ms
[2018-07-26T15:15:25.249-0530][gc,phases     ] GC(9)   Post Evacuate Collection Set: 0.3ms
[2018-07-26T15:15:25.249-0530][gc,phases     ] GC(9)   Other: 0.4ms
[2018-07-26T15:15:25.249-0530][gc,heap       ] GC(9) Eden regions: 47->0(48)
[2018-07-26T15:15:25.249-0530][gc,heap       ] GC(9) Survivor regions: 4->3(7)
[2018-07-26T15:15:25.249-0530][gc,heap       ] GC(9) Old regions: 9->10
[2018-07-26T15:15:25.249-0530][gc,heap       ] GC(9) Humongous regions: 130->130
[2018-07-26T15:15:25.249-0530][gc,metaspace  ] GC(9) Metaspace: 34882K->34882K(1081344K)
[2018-07-26T15:15:25.249-0530][gc            ] GC(9) Pause Young (G1 Evacuation Pause) 189M->142M(1024M) 9.166ms
[2018-07-26T15:15:25.249-0530][gc,cpu        ] GC(9) User=0.02s Sys=0.00s Real=0.00s
[2018-07-26T15:20:29.236-0530][gc,start      ] GC(10) Pause Young (G1 Evacuation Pause)
[2018-07-26T15:20:29.236-0530][gc,task       ] GC(10) Using 4 workers of 4 for evacuation
[2018-07-26T15:20:29.242-0530][gc,phases     ] GC(10)   Pre Evacuate Collection Set: 0.1ms
[2018-07-26T15:20:29.243-0530][gc,phases     ] GC(10)   Evacuate Collection Set: 6.1ms
[2018-07-26T15:20:29.243-0530][gc,phases     ] GC(10)   Post Evacuate Collection Set: 0.2ms
[2018-07-26T15:20:29.243-0530][gc,phases     ] GC(10)   Other: 0.4ms
[2018-07-26T15:20:29.243-0530][gc,heap       ] GC(10) Eden regions: 48->0(58)
[2018-07-26T15:20:29.243-0530][gc,heap       ] GC(10) Survivor regions: 3->3(7)
[2018-07-26T15:20:29.243-0530][gc,heap       ] GC(10) Old regions: 10->10
[2018-07-26T15:20:29.243-0530][gc,heap       ] GC(10) Humongous regions: 130->130
[2018-07-26T15:20:29.243-0530][gc,metaspace  ] GC(10) Metaspace: 34894K->34894K(1081344K)
[2018-07-26T15:20:29.243-0530][gc            ] GC(10) Pause Young (G1 Evacuation Pause) 190M->142M(1024M) 6.969ms
[2018-07-26T15:20:29.243-0530][gc,cpu        ] GC(10) User=0.02s Sys=0.00s Real=0.01s
[2018-07-26T15:26:32.871-0530][gc,start      ] GC(11) Pause Young (G1 Evacuation Pause)
[2018-07-26T15:26:32.872-0530][gc,task       ] GC(11) Using 4 workers of 4 for evacuation
[2018-07-26T15:26:32.878-0530][gc,phases     ] GC(11)   Pre Evacuate Collection Set: 0.0ms
[2018-07-26T15:26:32.878-0530][gc,phases     ] GC(11)   Evacuate Collection Set: 5.9ms
[2018-07-26T15:26:32.878-0530][gc,phases     ] GC(11)   Post Evacuate Collection Set: 0.2ms
[2018-07-26T15:26:32.878-0530][gc,phases     ] GC(11)   Other: 0.3ms
[2018-07-26T15:26:32.878-0530][gc,heap       ] GC(11) Eden regions: 58->0(293)
[2018-07-26T15:26:32.878-0530][gc,heap       ] GC(11) Survivor regions: 3->3(8)
[2018-07-26T15:26:32.878-0530][gc,heap       ] GC(11) Old regions: 10->10
[2018-07-26T15:26:32.878-0530][gc,heap       ] GC(11) Humongous regions: 130->130
[2018-07-26T15:26:32.878-0530][gc,metaspace  ] GC(11) Metaspace: 34906K->34906K(1081344K)
[2018-07-26T15:26:32.878-0530][gc            ] GC(11) Pause Young (G1 Evacuation Pause) 200M->142M(1024M) 6.699ms
[2018-07-26T15:26:32.878-0530][gc,cpu        ] GC(11) User=0.02s Sys=0.00s Real=0.00s
[2018-07-26T15:57:31.049-0530][gc,start      ] GC(12) Pause Young (G1 Evacuation Pause)
[2018-07-26T15:57:31.058-0530][gc,task       ] GC(12) Using 4 workers of 4 for evacuation
[2018-07-26T15:57:31.064-0530][gc,phases     ] GC(12)   Pre Evacuate Collection Set: 0.0ms
[2018-07-26T15:57:31.064-0530][gc,phases     ] GC(12)   Evacuate Collection Set: 5.5ms
[2018-07-26T15:57:31.064-0530][gc,phases     ] GC(12)   Post Evacuate Collection Set: 0.4ms
[2018-07-26T15:57:31.064-0530][gc,phases     ] GC(12)   Other: 9.2ms
[2018-07-26T15:57:31.064-0530][gc,heap       ] GC(12) Eden regions: 293->0(611)
[2018-07-26T15:57:31.064-0530][gc,heap       ] GC(12) Survivor regions: 3->3(37)
[2018-07-26T15:57:31.064-0530][gc,heap       ] GC(12) Old regions: 10->10
[2018-07-26T15:57:31.064-0530][gc,heap       ] GC(12) Humongous regions: 130->130
[2018-07-26T15:57:31.064-0530][gc,metaspace  ] GC(12) Metaspace: 35063K->35063K(1081344K)
[2018-07-26T15:57:31.065-0530][gc            ] GC(12) Pause Young (G1 Evacuation Pause) 435M->142M(1024M) 15.361ms
[2018-07-26T15:57:31.065-0530][gc,cpu        ] GC(12) User=0.02s Sys=0.00s Real=0.02s
[2018-07-26T16:08:03.757-0530][gc,start      ] GC(13) Pause Initial Mark (Metadata GC Threshold)
[2018-07-26T16:08:03.761-0530][gc,task       ] GC(13) Using 4 workers of 4 for evacuation
[2018-07-26T16:08:03.766-0530][gc,phases     ] GC(13)   Pre Evacuate Collection Set: 0.1ms
[2018-07-26T16:08:03.766-0530][gc,phases     ] GC(13)   Evacuate Collection Set: 4.7ms
[2018-07-26T16:08:03.766-0530][gc,phases     ] GC(13)   Post Evacuate Collection Set: 0.3ms
[2018-07-26T16:08:03.766-0530][gc,phases     ] GC(13)   Other: 4.0ms
[2018-07-26T16:08:03.766-0530][gc,heap       ] GC(13) Eden regions: 102->0(611)
[2018-07-26T16:08:03.766-0530][gc,heap       ] GC(13) Survivor regions: 3->3(77)
[2018-07-26T16:08:03.766-0530][gc,heap       ] GC(13) Old regions: 10->10
[2018-07-26T16:08:03.766-0530][gc,heap       ] GC(13) Humongous regions: 130->130
[2018-07-26T16:08:03.766-0530][gc,metaspace  ] GC(13) Metaspace: 35066K->35066K(1081344K)
[2018-07-26T16:08:03.766-0530][gc            ] GC(13) Pause Initial Mark (Metadata GC Threshold) 243M->142M(1024M) 9.260ms
[2018-07-26T16:08:03.766-0530][gc,cpu        ] GC(13) User=0.02s Sys=0.00s Real=0.01s
[2018-07-26T16:08:03.767-0530][gc            ] GC(14) Concurrent Cycle
[2018-07-26T16:08:03.767-0530][gc,marking    ] GC(14) Concurrent Clear Claimed Marks
[2018-07-26T16:08:03.767-0530][gc,marking    ] GC(14) Concurrent Clear Claimed Marks 0.051ms
[2018-07-26T16:08:03.767-0530][gc,marking    ] GC(14) Concurrent Scan Root Regions
[2018-07-26T16:08:03.769-0530][gc,marking    ] GC(14) Concurrent Scan Root Regions 2.580ms
[2018-07-26T16:08:03.769-0530][gc,marking    ] GC(14) Concurrent Mark (5218.869s)
[2018-07-26T16:08:03.769-0530][gc,marking    ] GC(14) Concurrent Mark From Roots
[2018-07-26T16:08:03.769-0530][gc,task       ] GC(14) Using 1 workers of 1 for marking
[2018-07-26T16:08:03.787-0530][gc,marking    ] GC(14) Concurrent Mark From Roots 17.569ms
[2018-07-26T16:08:03.787-0530][gc,marking    ] GC(14) Concurrent Mark (5218.869s, 5218.887s) 17.654ms
[2018-07-26T16:08:03.787-0530][gc,start      ] GC(14) Pause Remark
[2018-07-26T16:08:03.798-0530][gc,stringtable] GC(14) Cleaned string and symbol table, strings: 13967 processed, 327 removed, symbols: 93984 processed, 23 removed
[2018-07-26T16:08:03.798-0530][gc            ] GC(14) Pause Remark 142M->142M(1024M) 10.443ms
[2018-07-26T16:08:03.798-0530][gc,cpu        ] GC(14) User=0.04s Sys=0.00s Real=0.01s
[2018-07-26T16:08:03.798-0530][gc,marking    ] GC(14) Concurrent Create Live Data
[2018-07-26T16:08:03.801-0530][gc,marking    ] GC(14) Concurrent Create Live Data 3.499ms
[2018-07-26T16:08:03.802-0530][gc,start      ] GC(14) Pause Cleanup
[2018-07-26T16:08:03.802-0530][gc            ] GC(14) Pause Cleanup 143M->143M(1024M) 0.812ms
[2018-07-26T16:08:03.803-0530][gc,cpu        ] GC(14) User=0.00s Sys=0.00s Real=0.00s
[2018-07-26T16:08:03.803-0530][gc,marking    ] GC(14) Concurrent Cleanup for Next Mark
[2018-07-26T16:08:03.820-0530][gc,marking    ] GC(14) Concurrent Cleanup for Next Mark 17.751ms
[2018-07-26T16:08:03.820-0530][gc            ] GC(14) Concurrent Cycle 53.857ms
[2018-07-26T16:12:03.615-0530][gc,start      ] GC(15) Pause Young (G1 Evacuation Pause)
[2018-07-26T16:12:03.623-0530][gc,task       ] GC(15) Using 4 workers of 4 for evacuation
[2018-07-26T16:12:03.632-0530][gc,phases     ] GC(15)   Pre Evacuate Collection Set: 0.1ms
[2018-07-26T16:12:03.632-0530][gc,phases     ] GC(15)   Evacuate Collection Set: 8.2ms
[2018-07-26T16:12:03.632-0530][gc,phases     ] GC(15)   Post Evacuate Collection Set: 0.4ms
[2018-07-26T16:12:03.632-0530][gc,phases     ] GC(15)   Other: 8.4ms
[2018-07-26T16:12:03.632-0530][gc,heap       ] GC(15) Eden regions: 125->0(283)
[2018-07-26T16:12:03.632-0530][gc,heap       ] GC(15) Survivor regions: 3->5(16)
[2018-07-26T16:12:03.632-0530][gc,heap       ] GC(15) Old regions: 10->10
[2018-07-26T16:12:03.632-0530][gc,heap       ] GC(15) Humongous regions: 130->130
[2018-07-26T16:12:03.632-0530][gc,metaspace  ] GC(15) Metaspace: 37241K->37241K(1083392K)
[2018-07-26T16:12:03.632-0530][gc            ] GC(15) Pause Young (G1 Evacuation Pause) 267M->144M(1024M) 17.195ms
[2018-07-26T16:12:03.632-0530][gc,cpu        ] GC(15) User=0.03s Sys=0.01s Real=0.02s
[2018-07-26T16:12:06.156-0530][gc,heap,exit  ] Heap
[2018-07-26T16:12:06.156-0530][gc,heap,exit  ]  garbage-first heap   total 1048576K, used 152610K [0x0000000780000000, 0x00000007c0000000)
[2018-07-26T16:12:06.156-0530][gc,heap,exit  ]   region size 1024K, 11 young (11264K), 5 survivors (5120K)
[2018-07-26T16:12:06.156-0530][gc,heap,exit  ]  Metaspace       used 37440K, capacity 37764K, committed 38528K, reserved 1083392K
[2018-07-26T16:12:06.156-0530][gc,heap,exit  ]   class space    used 4476K, capacity 4571K, committed 4736K, reserved 1048576K
