[2018-07-26T12:42:49.586-0530][gc,heap] Heap region size: 1M
[2018-07-26T12:42:49.603-0530][gc     ] Using G1
[2018-07-26T12:42:49.603-0530][gc,heap,coops] Heap address: 0x0000000780000000, size: 1024 MB, Compressed Oops mode: Zero based, Oop shift amount: 3
[2018-07-26T12:42:52.192-0530][gc,start     ] GC(0) Pause Initial Mark (Metadata GC Threshold)
[2018-07-26T12:42:52.192-0530][gc,task      ] GC(0) Using 4 workers of 4 for evacuation
[2018-07-26T12:42:52.214-0530][gc,mmu       ] GC(0) MMU target violated: 21.0ms (20.0ms/21.0ms)
[2018-07-26T12:42:52.214-0530][gc,phases    ] GC(0)   Pre Evacuate Collection Set: 0.1ms
[2018-07-26T12:42:52.214-0530][gc,phases    ] GC(0)   Evacuate Collection Set: 20.4ms
[2018-07-26T12:42:52.214-0530][gc,phases    ] GC(0)   Post Evacuate Collection Set: 0.5ms
[2018-07-26T12:42:52.214-0530][gc,phases    ] GC(0)   Other: 0.7ms
[2018-07-26T12:42:52.214-0530][gc,heap      ] GC(0) Eden regions: 44->0(44)
[2018-07-26T12:42:52.214-0530][gc,heap      ] GC(0) Survivor regions: 0->7(7)
[2018-07-26T12:42:52.214-0530][gc,heap      ] GC(0) Old regions: 0->0
[2018-07-26T12:42:52.214-0530][gc,heap      ] GC(0) Humongous regions: 1->1
[2018-07-26T12:42:52.214-0530][gc,metaspace ] GC(0) Metaspace: 20812K->20812K(1069056K)
[2018-07-26T12:42:52.214-0530][gc           ] GC(0) Pause Initial Mark (Metadata GC Threshold) 44M->7M(1024M) 21.836ms
[2018-07-26T12:42:52.214-0530][gc,cpu       ] GC(0) User=0.04s Sys=0.01s Real=0.02s
[2018-07-26T12:42:52.214-0530][gc           ] GC(1) Concurrent Cycle
[2018-07-26T12:42:52.214-0530][gc,marking   ] GC(1) Concurrent Clear Claimed Marks
[2018-07-26T12:42:52.214-0530][gc,marking   ] GC(1) Concurrent Clear Claimed Marks 0.050ms
[2018-07-26T12:42:52.214-0530][gc,marking   ] GC(1) Concurrent Scan Root Regions
[2018-07-26T12:42:52.220-0530][gc,marking   ] GC(1) Concurrent Scan Root Regions 5.288ms
[2018-07-26T12:42:52.220-0530][gc,marking   ] GC(1) Concurrent Mark (2.670s)
[2018-07-26T12:42:52.220-0530][gc,marking   ] GC(1) Concurrent Mark From Roots
[2018-07-26T12:42:52.220-0530][gc,task      ] GC(1) Using 1 workers of 1 for marking
[2018-07-26T12:42:52.220-0530][gc,marking   ] GC(1) Concurrent Mark From Roots 0.197ms
[2018-07-26T12:42:52.220-0530][gc,marking   ] GC(1) Concurrent Mark (2.670s, 2.671s) 0.239ms
[2018-07-26T12:42:52.220-0530][gc,start     ] GC(1) Pause Remark
[2018-07-26T12:42:52.224-0530][gc,stringtable] GC(1) Cleaned string and symbol table, strings: 8672 processed, 0 removed, symbols: 67968 processed, 34 removed
[2018-07-26T12:42:52.224-0530][gc            ] GC(1) Pause Remark 7M->7M(1024M) 4.281ms
[2018-07-26T12:42:52.225-0530][gc,cpu        ] GC(1) User=0.02s Sys=0.00s Real=0.00s
[2018-07-26T12:42:52.225-0530][gc,marking    ] GC(1) Concurrent Create Live Data
[2018-07-26T12:42:52.225-0530][gc,marking    ] GC(1) Concurrent Create Live Data 0.228ms
[2018-07-26T12:42:52.225-0530][gc,start      ] GC(1) Pause Cleanup
[2018-07-26T12:42:52.226-0530][gc            ] GC(1) Pause Cleanup 7M->7M(1024M) 0.608ms
[2018-07-26T12:42:52.226-0530][gc,cpu        ] GC(1) User=0.00s Sys=0.00s Real=0.00s
[2018-07-26T12:42:52.226-0530][gc,marking    ] GC(1) Concurrent Cleanup for Next Mark
[2018-07-26T12:42:52.251-0530][gc,marking    ] GC(1) Concurrent Cleanup for Next Mark 25.581ms
[2018-07-26T12:42:52.251-0530][gc            ] GC(1) Concurrent Cycle 36.991ms
[2018-07-26T12:42:54.320-0530][gc,start      ] GC(2) Pause Young (G1 Evacuation Pause)
[2018-07-26T12:42:54.320-0530][gc,task       ] GC(2) Using 4 workers of 4 for evacuation
[2018-07-26T12:42:54.342-0530][gc,mmu        ] GC(2) MMU target violated: 21.0ms (20.0ms/21.0ms)
[2018-07-26T12:42:54.342-0530][gc,phases     ] GC(2)   Pre Evacuate Collection Set: 0.1ms
[2018-07-26T12:42:54.342-0530][gc,phases     ] GC(2)   Evacuate Collection Set: 20.0ms
[2018-07-26T12:42:54.342-0530][gc,phases     ] GC(2)   Post Evacuate Collection Set: 0.7ms
[2018-07-26T12:42:54.342-0530][gc,phases     ] GC(2)   Other: 0.6ms
[2018-07-26T12:42:54.342-0530][gc,heap       ] GC(2) Eden regions: 44->0(47)
[2018-07-26T12:42:54.342-0530][gc,heap       ] GC(2) Survivor regions: 7->4(7)
[2018-07-26T12:42:54.342-0530][gc,heap       ] GC(2) Old regions: 0->7
[2018-07-26T12:42:54.342-0530][gc,heap       ] GC(2) Humongous regions: 130->130
[2018-07-26T12:42:54.342-0530][gc,metaspace  ] GC(2) Metaspace: 29781K->29781K(1077248K)
[2018-07-26T12:42:54.342-0530][gc            ] GC(2) Pause Young (G1 Evacuation Pause) 180M->139M(1024M) 21.602ms
[2018-07-26T12:42:54.342-0530][gc,cpu        ] GC(2) User=0.06s Sys=0.01s Real=0.02s
[2018-07-26T12:52:18.677-0530][gc,start      ] GC(3) Pause Young (G1 Evacuation Pause)
[2018-07-26T12:52:18.687-0530][gc,task       ] GC(3) Using 4 workers of 4 for evacuation
[2018-07-26T12:52:18.698-0530][gc,phases     ] GC(3)   Pre Evacuate Collection Set: 0.2ms
[2018-07-26T12:52:18.698-0530][gc,phases     ] GC(3)   Evacuate Collection Set: 9.7ms
[2018-07-26T12:52:18.698-0530][gc,phases     ] GC(3)   Post Evacuate Collection Set: 0.4ms
[2018-07-26T12:52:18.698-0530][gc,phases     ] GC(3)   Other: 10.7ms
[2018-07-26T12:52:18.698-0530][gc,heap       ] GC(3) Eden regions: 47->0(45)
[2018-07-26T12:52:18.698-0530][gc,heap       ] GC(3) Survivor regions: 4->6(7)
[2018-07-26T12:52:18.698-0530][gc,heap       ] GC(3) Old regions: 7->7
[2018-07-26T12:52:18.698-0530][gc,heap       ] GC(3) Humongous regions: 130->130
[2018-07-26T12:52:18.698-0530][gc,metaspace  ] GC(3) Metaspace: 34335K->34335K(1081344K)
[2018-07-26T12:52:18.698-0530][gc            ] GC(3) Pause Young (G1 Evacuation Pause) 186M->141M(1024M) 21.112ms
[2018-07-26T12:52:18.698-0530][gc,cpu        ] GC(3) User=0.04s Sys=0.00s Real=0.02s
[2018-07-26T12:58:49.684-0530][gc,start      ] GC(4) Pause Young (G1 Evacuation Pause)
[2018-07-26T12:58:49.684-0530][gc,task       ] GC(4) Using 4 workers of 4 for evacuation
[2018-07-26T12:58:49.695-0530][gc,phases     ] GC(4)   Pre Evacuate Collection Set: 0.1ms
[2018-07-26T12:58:49.696-0530][gc,phases     ] GC(4)   Evacuate Collection Set: 11.2ms
[2018-07-26T12:58:49.696-0530][gc,phases     ] GC(4)   Post Evacuate Collection Set: 0.4ms
[2018-07-26T12:58:49.696-0530][gc,phases     ] GC(4)   Other: 0.3ms
[2018-07-26T12:58:49.696-0530][gc,heap       ] GC(4) Eden regions: 45->0(47)
[2018-07-26T12:58:49.696-0530][gc,heap       ] GC(4) Survivor regions: 6->4(7)
[2018-07-26T12:58:49.696-0530][gc,heap       ] GC(4) Old regions: 7->10
[2018-07-26T12:58:49.696-0530][gc,heap       ] GC(4) Humongous regions: 130->130
[2018-07-26T12:58:49.696-0530][gc,metaspace  ] GC(4) Metaspace: 35067K->35067K(1081344K)
[2018-07-26T12:58:49.696-0530][gc            ] GC(4) Pause Young (G1 Evacuation Pause) 186M->142M(1024M) 12.067ms
[2018-07-26T12:58:49.696-0530][gc,cpu        ] GC(4) User=0.05s Sys=0.01s Real=0.01s
[2018-07-26T12:59:31.438-0530][gc,start      ] GC(5) Pause Initial Mark (Metadata GC Threshold)
[2018-07-26T12:59:31.438-0530][gc,task       ] GC(5) Using 4 workers of 4 for evacuation
[2018-07-26T12:59:31.447-0530][gc,phases     ] GC(5)   Pre Evacuate Collection Set: 0.1ms
[2018-07-26T12:59:31.447-0530][gc,phases     ] GC(5)   Evacuate Collection Set: 7.9ms
[2018-07-26T12:59:31.447-0530][gc,phases     ] GC(5)   Post Evacuate Collection Set: 0.3ms
[2018-07-26T12:59:31.447-0530][gc,phases     ] GC(5)   Other: 0.3ms
[2018-07-26T12:59:31.447-0530][gc,heap       ] GC(5) Eden regions: 8->0(47)
[2018-07-26T12:59:31.447-0530][gc,heap       ] GC(5) Survivor regions: 4->4(7)
[2018-07-26T12:59:31.447-0530][gc,heap       ] GC(5) Old regions: 10->10
[2018-07-26T12:59:31.447-0530][gc,heap       ] GC(5) Humongous regions: 130->130
[2018-07-26T12:59:31.447-0530][gc,metaspace  ] GC(5) Metaspace: 35081K->35081K(1081344K)
[2018-07-26T12:59:31.447-0530][gc            ] GC(5) Pause Initial Mark (Metadata GC Threshold) 149M->142M(1024M) 8.741ms
[2018-07-26T12:59:31.447-0530][gc,cpu        ] GC(5) User=0.03s Sys=0.00s Real=0.01s
[2018-07-26T12:59:31.447-0530][gc            ] GC(6) Concurrent Cycle
[2018-07-26T12:59:31.447-0530][gc,marking    ] GC(6) Concurrent Clear Claimed Marks
[2018-07-26T12:59:31.447-0530][gc,marking    ] GC(6) Concurrent Clear Claimed Marks 0.043ms
[2018-07-26T12:59:31.447-0530][gc,marking    ] GC(6) Concurrent Scan Root Regions
[2018-07-26T12:59:31.451-0530][gc,marking    ] GC(6) Concurrent Scan Root Regions 3.936ms
[2018-07-26T12:59:31.451-0530][gc,marking    ] GC(6) Concurrent Mark (1001.881s)
[2018-07-26T12:59:31.451-0530][gc,marking    ] GC(6) Concurrent Mark From Roots
[2018-07-26T12:59:31.451-0530][gc,task       ] GC(6) Using 1 workers of 1 for marking
[2018-07-26T12:59:31.465-0530][gc,marking    ] GC(6) Concurrent Mark From Roots 13.974ms
[2018-07-26T12:59:31.465-0530][gc,marking    ] GC(6) Concurrent Mark (1001.881s, 1001.895s) 14.092ms
[2018-07-26T12:59:31.466-0530][gc,start      ] GC(6) Pause Remark
[2018-07-26T12:59:31.477-0530][gc,stringtable] GC(6) Cleaned string and symbol table, strings: 14827 processed, 317 removed, symbols: 95762 processed, 22 removed
[2018-07-26T12:59:31.477-0530][gc            ] GC(6) Pause Remark 143M->143M(1024M) 11.230ms
[2018-07-26T12:59:31.477-0530][gc,cpu        ] GC(6) User=0.03s Sys=0.00s Real=0.01s
[2018-07-26T12:59:31.477-0530][gc,marking    ] GC(6) Concurrent Create Live Data
[2018-07-26T12:59:31.481-0530][gc,marking    ] GC(6) Concurrent Create Live Data 3.497ms
[2018-07-26T12:59:31.481-0530][gc,start      ] GC(6) Pause Cleanup
[2018-07-26T12:59:31.482-0530][gc            ] GC(6) Pause Cleanup 143M->143M(1024M) 0.906ms
[2018-07-26T12:59:31.482-0530][gc,cpu        ] GC(6) User=0.00s Sys=0.00s Real=0.00s
[2018-07-26T12:59:31.482-0530][gc,marking    ] GC(6) Concurrent Cleanup for Next Mark
[2018-07-26T12:59:31.493-0530][gc,marking    ] GC(6) Concurrent Cleanup for Next Mark 11.621ms
[2018-07-26T12:59:31.494-0530][gc            ] GC(6) Concurrent Cycle 46.304ms
[2018-07-26T13:01:30.903-0530][gc,heap,exit  ] Heap
[2018-07-26T13:01:30.903-0530][gc,heap,exit  ]  garbage-first heap   total 1048576K, used 187247K [0x0000000780000000, 0x00000007c0000000)
[2018-07-26T13:01:30.903-0530][gc,heap,exit  ]   region size 1024K, 45 young (46080K), 4 survivors (4096K)
[2018-07-26T13:01:30.903-0530][gc,heap,exit  ]  Metaspace       used 36998K, capacity 37318K, committed 38016K, reserved 1083392K
[2018-07-26T13:01:30.903-0530][gc,heap,exit  ]   class space    used 4480K, capacity 4574K, committed 4736K, reserved 1048576K
