[2018-07-26T13:04:56.573-0530][gc,heap] Heap region size: 1M
[2018-07-26T13:04:56.589-0530][gc     ] Using G1
[2018-07-26T13:04:56.589-0530][gc,heap,coops] Heap address: 0x0000000780000000, size: 1024 MB, Compressed Oops mode: Zero based, Oop shift amount: 3
[2018-07-26T13:04:58.630-0530][gc,start     ] GC(0) Pause Initial Mark (Metadata GC Threshold)
[2018-07-26T13:04:58.630-0530][gc,task      ] GC(0) Using 4 workers of 4 for evacuation
[2018-07-26T13:04:58.640-0530][gc,phases    ] GC(0)   Pre Evacuate Collection Set: 0.1ms
[2018-07-26T13:04:58.641-0530][gc,phases    ] GC(0)   Evacuate Collection Set: 9.7ms
[2018-07-26T13:04:58.641-0530][gc,phases    ] GC(0)   Post Evacuate Collection Set: 0.4ms
[2018-07-26T13:04:58.641-0530][gc,phases    ] GC(0)   Other: 0.5ms
[2018-07-26T13:04:58.641-0530][gc,heap      ] GC(0) Eden regions: 43->0(44)
[2018-07-26T13:04:58.641-0530][gc,heap      ] GC(0) Survivor regions: 0->7(7)
[2018-07-26T13:04:58.641-0530][gc,heap      ] GC(0) Old regions: 0->0
[2018-07-26T13:04:58.641-0530][gc,heap      ] GC(0) Humongous regions: 1->1
[2018-07-26T13:04:58.641-0530][gc,metaspace ] GC(0) Metaspace: 20802K->20802K(1069056K)
[2018-07-26T13:04:58.641-0530][gc           ] GC(0) Pause Initial Mark (Metadata GC Threshold) 44M->7M(1024M) 10.851ms
[2018-07-26T13:04:58.641-0530][gc,cpu       ] GC(0) User=0.03s Sys=0.01s Real=0.01s
[2018-07-26T13:04:58.641-0530][gc           ] GC(1) Concurrent Cycle
[2018-07-26T13:04:58.641-0530][gc,marking   ] GC(1) Concurrent Clear Claimed Marks
[2018-07-26T13:04:58.641-0530][gc,marking   ] GC(1) Concurrent Clear Claimed Marks 0.044ms
[2018-07-26T13:04:58.641-0530][gc,marking   ] GC(1) Concurrent Scan Root Regions
[2018-07-26T13:04:58.645-0530][gc,marking   ] GC(1) Concurrent Scan Root Regions 3.996ms
[2018-07-26T13:04:58.645-0530][gc,marking   ] GC(1) Concurrent Mark (2.087s)
[2018-07-26T13:04:58.645-0530][gc,marking   ] GC(1) Concurrent Mark From Roots
[2018-07-26T13:04:58.645-0530][gc,task      ] GC(1) Using 1 workers of 1 for marking
[2018-07-26T13:04:58.645-0530][gc,marking   ] GC(1) Concurrent Mark From Roots 0.200ms
[2018-07-26T13:04:58.645-0530][gc,marking   ] GC(1) Concurrent Mark (2.087s, 2.087s) 0.246ms
[2018-07-26T13:04:58.645-0530][gc,start     ] GC(1) Pause Remark
[2018-07-26T13:04:58.650-0530][gc,stringtable] GC(1) Cleaned string and symbol table, strings: 8687 processed, 0 removed, symbols: 67989 processed, 34 removed
[2018-07-26T13:04:58.650-0530][gc            ] GC(1) Pause Remark 7M->7M(1024M) 4.373ms
[2018-07-26T13:04:58.650-0530][gc,cpu        ] GC(1) User=0.01s Sys=0.00s Real=0.01s
[2018-07-26T13:04:58.650-0530][gc,marking    ] GC(1) Concurrent Create Live Data
[2018-07-26T13:04:58.650-0530][gc,marking    ] GC(1) Concurrent Create Live Data 0.142ms
[2018-07-26T13:04:58.650-0530][gc,start      ] GC(1) Pause Cleanup
[2018-07-26T13:04:58.651-0530][gc            ] GC(1) Pause Cleanup 7M->7M(1024M) 0.549ms
[2018-07-26T13:04:58.651-0530][gc,cpu        ] GC(1) User=0.00s Sys=0.00s Real=0.00s
[2018-07-26T13:04:58.651-0530][gc,marking    ] GC(1) Concurrent Cleanup for Next Mark
[2018-07-26T13:04:58.662-0530][gc,marking    ] GC(1) Concurrent Cleanup for Next Mark 11.313ms
[2018-07-26T13:04:58.662-0530][gc            ] GC(1) Concurrent Cycle 21.518ms
[2018-07-26T13:04:59.827-0530][gc,start      ] GC(2) Pause Young (G1 Evacuation Pause)
[2018-07-26T13:04:59.827-0530][gc,task       ] GC(2) Using 4 workers of 4 for evacuation
[2018-07-26T13:04:59.853-0530][gc,mmu        ] GC(2) MMU target violated: 21.0ms (20.0ms/21.0ms)
[2018-07-26T13:04:59.853-0530][gc,phases     ] GC(2)   Pre Evacuate Collection Set: 0.1ms
[2018-07-26T13:04:59.853-0530][gc,phases     ] GC(2)   Evacuate Collection Set: 25.1ms
[2018-07-26T13:04:59.853-0530][gc,phases     ] GC(2)   Post Evacuate Collection Set: 0.7ms
[2018-07-26T13:04:59.853-0530][gc,phases     ] GC(2)   Other: 0.5ms
[2018-07-26T13:04:59.853-0530][gc,heap       ] GC(2) Eden regions: 44->0(47)
[2018-07-26T13:04:59.853-0530][gc,heap       ] GC(2) Survivor regions: 7->4(7)
[2018-07-26T13:04:59.853-0530][gc,heap       ] GC(2) Old regions: 0->7
[2018-07-26T13:04:59.853-0530][gc,heap       ] GC(2) Humongous regions: 130->130
[2018-07-26T13:04:59.853-0530][gc,metaspace  ] GC(2) Metaspace: 29919K->29919K(1077248K)
[2018-07-26T13:04:59.853-0530][gc            ] GC(2) Pause Young (G1 Evacuation Pause) 180M->139M(1024M) 26.579ms
[2018-07-26T13:04:59.853-0530][gc,cpu        ] GC(2) User=0.06s Sys=0.01s Real=0.03s
[2018-07-26T13:10:32.062-0530][gc,start      ] GC(3) Pause Young (G1 Evacuation Pause)
[2018-07-26T13:10:32.062-0530][gc,task       ] GC(3) Using 4 workers of 4 for evacuation
[2018-07-26T13:10:32.072-0530][gc,phases     ] GC(3)   Pre Evacuate Collection Set: 0.0ms
[2018-07-26T13:10:32.072-0530][gc,phases     ] GC(3)   Evacuate Collection Set: 9.4ms
[2018-07-26T13:10:32.072-0530][gc,phases     ] GC(3)   Post Evacuate Collection Set: 0.4ms
[2018-07-26T13:10:32.072-0530][gc,phases     ] GC(3)   Other: 0.3ms
[2018-07-26T13:10:32.072-0530][gc,heap       ] GC(3) Eden regions: 47->0(45)
[2018-07-26T13:10:32.072-0530][gc,heap       ] GC(3) Survivor regions: 4->6(7)
[2018-07-26T13:10:32.072-0530][gc,heap       ] GC(3) Old regions: 7->7
[2018-07-26T13:10:32.072-0530][gc,heap       ] GC(3) Humongous regions: 130->130
[2018-07-26T13:10:32.072-0530][gc,metaspace  ] GC(3) Metaspace: 34291K->34291K(1081344K)
[2018-07-26T13:10:32.072-0530][gc            ] GC(3) Pause Young (G1 Evacuation Pause) 186M->141M(1024M) 10.253ms
[2018-07-26T13:10:32.072-0530][gc,cpu        ] GC(3) User=0.03s Sys=0.00s Real=0.01s
[2018-07-26T13:15:56.891-0530][gc,start      ] GC(4) Pause Young (G1 Evacuation Pause)
[2018-07-26T13:15:56.891-0530][gc,task       ] GC(4) Using 4 workers of 4 for evacuation
[2018-07-26T13:15:56.902-0530][gc,phases     ] GC(4)   Pre Evacuate Collection Set: 0.1ms
[2018-07-26T13:15:56.902-0530][gc,phases     ] GC(4)   Evacuate Collection Set: 9.9ms
[2018-07-26T13:15:56.902-0530][gc,phases     ] GC(4)   Post Evacuate Collection Set: 0.4ms
[2018-07-26T13:15:56.902-0530][gc,phases     ] GC(4)   Other: 0.4ms
[2018-07-26T13:15:56.902-0530][gc,heap       ] GC(4) Eden regions: 45->0(47)
[2018-07-26T13:15:56.902-0530][gc,heap       ] GC(4) Survivor regions: 6->4(7)
[2018-07-26T13:15:56.902-0530][gc,heap       ] GC(4) Old regions: 7->9
[2018-07-26T13:15:56.902-0530][gc,heap       ] GC(4) Humongous regions: 130->130
[2018-07-26T13:15:56.902-0530][gc,metaspace  ] GC(4) Metaspace: 34977K->34977K(1081344K)
[2018-07-26T13:15:56.902-0530][gc            ] GC(4) Pause Young (G1 Evacuation Pause) 186M->141M(1024M) 10.893ms
[2018-07-26T13:15:56.902-0530][gc,cpu        ] GC(4) User=0.03s Sys=0.00s Real=0.01s
[2018-07-26T13:16:20.179-0530][gc,start      ] GC(5) Pause Initial Mark (Metadata GC Threshold)
[2018-07-26T13:16:20.179-0530][gc,task       ] GC(5) Using 4 workers of 4 for evacuation
[2018-07-26T13:16:20.186-0530][gc,phases     ] GC(5)   Pre Evacuate Collection Set: 0.1ms
[2018-07-26T13:16:20.186-0530][gc,phases     ] GC(5)   Evacuate Collection Set: 6.3ms
[2018-07-26T13:16:20.186-0530][gc,phases     ] GC(5)   Post Evacuate Collection Set: 0.3ms
[2018-07-26T13:16:20.186-0530][gc,phases     ] GC(5)   Other: 0.3ms
[2018-07-26T13:16:20.186-0530][gc,heap       ] GC(5) Eden regions: 5->0(47)
[2018-07-26T13:16:20.186-0530][gc,heap       ] GC(5) Survivor regions: 4->4(7)
[2018-07-26T13:16:20.186-0530][gc,heap       ] GC(5) Old regions: 9->9
[2018-07-26T13:16:20.186-0530][gc,heap       ] GC(5) Humongous regions: 130->130
[2018-07-26T13:16:20.186-0530][gc,metaspace  ] GC(5) Metaspace: 35067K->35067K(1081344K)
[2018-07-26T13:16:20.186-0530][gc            ] GC(5) Pause Initial Mark (Metadata GC Threshold) 146M->142M(1024M) 7.136ms
[2018-07-26T13:16:20.186-0530][gc,cpu        ] GC(5) User=0.02s Sys=0.00s Real=0.01s
[2018-07-26T13:16:20.186-0530][gc            ] GC(6) Concurrent Cycle
[2018-07-26T13:16:20.186-0530][gc,marking    ] GC(6) Concurrent Clear Claimed Marks
[2018-07-26T13:16:20.186-0530][gc,marking    ] GC(6) Concurrent Clear Claimed Marks 0.044ms
[2018-07-26T13:16:20.186-0530][gc,marking    ] GC(6) Concurrent Scan Root Regions
[2018-07-26T13:16:20.190-0530][gc,marking    ] GC(6) Concurrent Scan Root Regions 3.440ms
[2018-07-26T13:16:20.190-0530][gc,marking    ] GC(6) Concurrent Mark (683.617s)
[2018-07-26T13:16:20.190-0530][gc,marking    ] GC(6) Concurrent Mark From Roots
[2018-07-26T13:16:20.190-0530][gc,task       ] GC(6) Using 1 workers of 1 for marking
[2018-07-26T13:16:20.204-0530][gc,marking    ] GC(6) Concurrent Mark From Roots 13.797ms
[2018-07-26T13:16:20.204-0530][gc,marking    ] GC(6) Concurrent Mark (683.617s, 683.631s) 13.898ms
[2018-07-26T13:16:20.204-0530][gc,start      ] GC(6) Pause Remark
[2018-07-26T13:16:20.213-0530][gc,stringtable] GC(6) Cleaned string and symbol table, strings: 13644 processed, 5 removed, symbols: 94387 processed, 23 removed
[2018-07-26T13:16:20.213-0530][gc            ] GC(6) Pause Remark 142M->142M(1024M) 8.589ms
[2018-07-26T13:16:20.213-0530][gc,cpu        ] GC(6) User=0.03s Sys=0.00s Real=0.01s
[2018-07-26T13:16:20.213-0530][gc,marking    ] GC(6) Concurrent Create Live Data
[2018-07-26T13:16:20.216-0530][gc,marking    ] GC(6) Concurrent Create Live Data 3.078ms
[2018-07-26T13:16:20.216-0530][gc,start      ] GC(6) Pause Cleanup
[2018-07-26T13:16:20.217-0530][gc            ] GC(6) Pause Cleanup 142M->142M(1024M) 0.556ms
[2018-07-26T13:16:20.217-0530][gc,cpu        ] GC(6) User=0.00s Sys=0.00s Real=0.00s
[2018-07-26T13:16:20.217-0530][gc,marking    ] GC(6) Concurrent Cleanup for Next Mark
[2018-07-26T13:16:20.228-0530][gc,marking    ] GC(6) Concurrent Cleanup for Next Mark 10.862ms
[2018-07-26T13:16:20.228-0530][gc            ] GC(6) Concurrent Cycle 41.374ms
[2018-07-26T13:21:56.537-0530][gc,start      ] GC(7) Pause Young (G1 Evacuation Pause)
[2018-07-26T13:21:56.538-0530][gc,task       ] GC(7) Using 4 workers of 4 for evacuation
[2018-07-26T13:21:56.544-0530][gc,phases     ] GC(7)   Pre Evacuate Collection Set: 0.0ms
[2018-07-26T13:21:56.544-0530][gc,phases     ] GC(7)   Evacuate Collection Set: 5.7ms
[2018-07-26T13:21:56.544-0530][gc,phases     ] GC(7)   Post Evacuate Collection Set: 0.3ms
[2018-07-26T13:21:56.544-0530][gc,phases     ] GC(7)   Other: 0.3ms
[2018-07-26T13:21:56.544-0530][gc,heap       ] GC(7) Eden regions: 47->0(47)
[2018-07-26T13:21:56.544-0530][gc,heap       ] GC(7) Survivor regions: 4->4(7)
[2018-07-26T13:21:56.544-0530][gc,heap       ] GC(7) Old regions: 9->9
[2018-07-26T13:21:56.544-0530][gc,heap       ] GC(7) Humongous regions: 130->130
[2018-07-26T13:21:56.544-0530][gc,metaspace  ] GC(7) Metaspace: 35087K->35087K(1081344K)
[2018-07-26T13:21:56.544-0530][gc            ] GC(7) Pause Young (G1 Evacuation Pause) 189M->141M(1024M) 6.480ms
[2018-07-26T13:21:56.544-0530][gc,cpu        ] GC(7) User=0.02s Sys=0.00s Real=0.01s
[2018-07-26T13:28:40.594-0530][gc,start      ] GC(8) Pause Young (G1 Evacuation Pause)
[2018-07-26T13:28:40.594-0530][gc,task       ] GC(8) Using 4 workers of 4 for evacuation
[2018-07-26T13:28:40.603-0530][gc,phases     ] GC(8)   Pre Evacuate Collection Set: 0.0ms
[2018-07-26T13:28:40.603-0530][gc,phases     ] GC(8)   Evacuate Collection Set: 8.2ms
[2018-07-26T13:28:40.603-0530][gc,phases     ] GC(8)   Post Evacuate Collection Set: 0.3ms
[2018-07-26T13:28:40.603-0530][gc,phases     ] GC(8)   Other: 0.3ms
[2018-07-26T13:28:40.603-0530][gc,heap       ] GC(8) Eden regions: 47->0(47)
[2018-07-26T13:28:40.603-0530][gc,heap       ] GC(8) Survivor regions: 4->4(7)
[2018-07-26T13:28:40.603-0530][gc,heap       ] GC(8) Old regions: 9->9
[2018-07-26T13:28:40.603-0530][gc,heap       ] GC(8) Humongous regions: 130->130
[2018-07-26T13:28:40.603-0530][gc,metaspace  ] GC(8) Metaspace: 35166K->35166K(1081344K)
[2018-07-26T13:28:40.603-0530][gc            ] GC(8) Pause Young (G1 Evacuation Pause) 188M->142M(1024M) 9.065ms
[2018-07-26T13:28:40.603-0530][gc,cpu        ] GC(8) User=0.03s Sys=0.00s Real=0.01s
[2018-07-26T13:35:46.187-0530][gc,start      ] GC(9) Pause Young (G1 Evacuation Pause)
[2018-07-26T13:35:46.187-0530][gc,task       ] GC(9) Using 4 workers of 4 for evacuation
[2018-07-26T13:35:46.194-0530][gc,phases     ] GC(9)   Pre Evacuate Collection Set: 0.1ms
[2018-07-26T13:35:46.194-0530][gc,phases     ] GC(9)   Evacuate Collection Set: 6.5ms
[2018-07-26T13:35:46.194-0530][gc,phases     ] GC(9)   Post Evacuate Collection Set: 0.3ms
[2018-07-26T13:35:46.194-0530][gc,phases     ] GC(9)   Other: 0.4ms
[2018-07-26T13:35:46.194-0530][gc,heap       ] GC(9) Eden regions: 47->0(48)
[2018-07-26T13:35:46.194-0530][gc,heap       ] GC(9) Survivor regions: 4->3(7)
[2018-07-26T13:35:46.194-0530][gc,heap       ] GC(9) Old regions: 9->9
[2018-07-26T13:35:46.194-0530][gc,heap       ] GC(9) Humongous regions: 130->130
[2018-07-26T13:35:46.194-0530][gc,metaspace  ] GC(9) Metaspace: 35184K->35184K(1081344K)
[2018-07-26T13:35:46.194-0530][gc            ] GC(9) Pause Young (G1 Evacuation Pause) 189M->141M(1024M) 7.519ms
[2018-07-26T13:35:46.194-0530][gc,cpu        ] GC(9) User=0.02s Sys=0.00s Real=0.01s
[2018-07-26T13:37:36.521-0530][gc,heap,exit  ] Heap
[2018-07-26T13:37:36.521-0530][gc,heap,exit  ]  garbage-first heap   total 1048576K, used 165656K [0x0000000780000000, 0x00000007c0000000)
[2018-07-26T13:37:36.522-0530][gc,heap,exit  ]   region size 1024K, 24 young (24576K), 3 survivors (3072K)
[2018-07-26T13:37:36.522-0530][gc,heap,exit  ]  Metaspace       used 35808K, capacity 36152K, committed 36736K, reserved 1081344K
[2018-07-26T13:37:36.522-0530][gc,heap,exit  ]   class space    used 4297K, capacity 4419K, committed 4480K, reserved 1048576K
