[2018-07-26T13:04:18.682-0530][gc,heap] Heap region size: 1M
[2018-07-26T13:04:18.698-0530][gc     ] Using G1
[2018-07-26T13:04:18.698-0530][gc,heap,coops] Heap address: 0x0000000780000000, size: 1024 MB, Compressed Oops mode: Zero based, Oop shift amount: 3
[2018-07-26T13:04:20.871-0530][gc,start     ] GC(0) Pause Initial Mark (Metadata GC Threshold)
[2018-07-26T13:04:20.871-0530][gc,task      ] GC(0) Using 4 workers of 4 for evacuation
[2018-07-26T13:04:20.882-0530][gc,phases    ] GC(0)   Pre Evacuate Collection Set: 0.1ms
[2018-07-26T13:04:20.882-0530][gc,phases    ] GC(0)   Evacuate Collection Set: 9.7ms
[2018-07-26T13:04:20.882-0530][gc,phases    ] GC(0)   Post Evacuate Collection Set: 0.4ms
[2018-07-26T13:04:20.882-0530][gc,phases    ] GC(0)   Other: 0.5ms
[2018-07-26T13:04:20.882-0530][gc,heap      ] GC(0) Eden regions: 44->0(44)
[2018-07-26T13:04:20.882-0530][gc,heap      ] GC(0) Survivor regions: 0->7(7)
[2018-07-26T13:04:20.882-0530][gc,heap      ] GC(0) Old regions: 0->0
[2018-07-26T13:04:20.882-0530][gc,heap      ] GC(0) Humongous regions: 1->1
[2018-07-26T13:04:20.882-0530][gc,metaspace ] GC(0) Metaspace: 20828K->20828K(1069056K)
[2018-07-26T13:04:20.882-0530][gc           ] GC(0) Pause Initial Mark (Metadata GC Threshold) 44M->7M(1024M) 10.826ms
[2018-07-26T13:04:20.882-0530][gc,cpu       ] GC(0) User=0.03s Sys=0.00s Real=0.01s
[2018-07-26T13:04:20.882-0530][gc           ] GC(1) Concurrent Cycle
[2018-07-26T13:04:20.882-0530][gc,marking   ] GC(1) Concurrent Clear Claimed Marks
[2018-07-26T13:04:20.882-0530][gc,marking   ] GC(1) Concurrent Clear Claimed Marks 0.043ms
[2018-07-26T13:04:20.882-0530][gc,marking   ] GC(1) Concurrent Scan Root Regions
[2018-07-26T13:04:20.887-0530][gc,marking   ] GC(1) Concurrent Scan Root Regions 4.221ms
[2018-07-26T13:04:20.887-0530][gc,marking   ] GC(1) Concurrent Mark (2.219s)
[2018-07-26T13:04:20.887-0530][gc,marking   ] GC(1) Concurrent Mark From Roots
[2018-07-26T13:04:20.887-0530][gc,task      ] GC(1) Using 1 workers of 1 for marking
[2018-07-26T13:04:20.887-0530][gc,marking   ] GC(1) Concurrent Mark From Roots 0.237ms
[2018-07-26T13:04:20.887-0530][gc,marking   ] GC(1) Concurrent Mark (2.219s, 2.219s) 0.283ms
[2018-07-26T13:04:20.887-0530][gc,start     ] GC(1) Pause Remark
[2018-07-26T13:04:20.891-0530][gc,stringtable] GC(1) Cleaned string and symbol table, strings: 8679 processed, 0 removed, symbols: 68015 processed, 34 removed
[2018-07-26T13:04:20.891-0530][gc            ] GC(1) Pause Remark 7M->7M(1024M) 3.913ms
[2018-07-26T13:04:20.891-0530][gc,cpu        ] GC(1) User=0.02s Sys=0.00s Real=0.01s
[2018-07-26T13:04:20.891-0530][gc,marking    ] GC(1) Concurrent Create Live Data
[2018-07-26T13:04:20.891-0530][gc,marking    ] GC(1) Concurrent Create Live Data 0.133ms
[2018-07-26T13:04:20.891-0530][gc,start      ] GC(1) Pause Cleanup
[2018-07-26T13:04:20.892-0530][gc            ] GC(1) Pause Cleanup 7M->7M(1024M) 0.557ms
[2018-07-26T13:04:20.892-0530][gc,cpu        ] GC(1) User=0.00s Sys=0.00s Real=0.00s
[2018-07-26T13:04:20.892-0530][gc,marking    ] GC(1) Concurrent Cleanup for Next Mark
[2018-07-26T13:04:20.903-0530][gc,marking    ] GC(1) Concurrent Cleanup for Next Mark 11.276ms
[2018-07-26T13:04:20.903-0530][gc            ] GC(1) Concurrent Cycle 21.132ms
[2018-07-26T13:04:24.184-0530][gc,heap,exit  ] Heap
[2018-07-26T13:04:24.184-0530][gc,heap,exit  ]  garbage-first heap   total 1048576K, used 24713K [0x0000000780000000, 0x00000007c0000000)
[2018-07-26T13:04:24.184-0530][gc,heap,exit  ]   region size 1024K, 25 young (25600K), 7 survivors (7168K)
[2018-07-26T13:04:24.184-0530][gc,heap,exit  ]  Metaspace       used 25000K, capacity 25324K, committed 25728K, reserved 1071104K
[2018-07-26T13:04:24.184-0530][gc,heap,exit  ]   class space    used 2957K, capacity 3074K, committed 3200K, reserved 1048576K
