[2018-07-26T14:41:52.446-0530][gc,heap] Heap region size: 1M
[2018-07-26T14:41:52.462-0530][gc     ] Using G1
[2018-07-26T14:41:52.462-0530][gc,heap,coops] Heap address: 0x0000000780000000, size: 1024 MB, Compressed Oops mode: Zero based, Oop shift amount: 3
[2018-07-26T14:41:54.590-0530][gc,start     ] GC(0) Pause Initial Mark (Metadata GC Threshold)
[2018-07-26T14:41:54.590-0530][gc,task      ] GC(0) Using 4 workers of 4 for evacuation
[2018-07-26T14:41:54.601-0530][gc,phases    ] GC(0)   Pre Evacuate Collection Set: 0.1ms
[2018-07-26T14:41:54.601-0530][gc,phases    ] GC(0)   Evacuate Collection Set: 9.9ms
[2018-07-26T14:41:54.601-0530][gc,phases    ] GC(0)   Post Evacuate Collection Set: 0.4ms
[2018-07-26T14:41:54.601-0530][gc,phases    ] GC(0)   Other: 0.4ms
[2018-07-26T14:41:54.601-0530][gc,heap      ] GC(0) Eden regions: 44->0(44)
[2018-07-26T14:41:54.601-0530][gc,heap      ] GC(0) Survivor regions: 0->7(7)
[2018-07-26T14:41:54.601-0530][gc,heap      ] GC(0) Old regions: 0->0
[2018-07-26T14:41:54.601-0530][gc,heap      ] GC(0) Humongous regions: 1->1
[2018-07-26T14:41:54.601-0530][gc,metaspace ] GC(0) Metaspace: 20806K->20806K(1069056K)
[2018-07-26T14:41:54.601-0530][gc           ] GC(0) Pause Initial Mark (Metadata GC Threshold) 44M->7M(1024M) 10.919ms
[2018-07-26T14:41:54.601-0530][gc,cpu       ] GC(0) User=0.03s Sys=0.01s Real=0.01s
[2018-07-26T14:41:54.601-0530][gc           ] GC(1) Concurrent Cycle
[2018-07-26T14:41:54.601-0530][gc,marking   ] GC(1) Concurrent Clear Claimed Marks
[2018-07-26T14:41:54.602-0530][gc,marking   ] GC(1) Concurrent Clear Claimed Marks 0.038ms
[2018-07-26T14:41:54.602-0530][gc,marking   ] GC(1) Concurrent Scan Root Regions
[2018-07-26T14:41:54.606-0530][gc,marking   ] GC(1) Concurrent Scan Root Regions 4.015ms
[2018-07-26T14:41:54.606-0530][gc,marking   ] GC(1) Concurrent Mark (2.175s)
[2018-07-26T14:41:54.606-0530][gc,marking   ] GC(1) Concurrent Mark From Roots
[2018-07-26T14:41:54.606-0530][gc,task      ] GC(1) Using 1 workers of 1 for marking
[2018-07-26T14:41:54.606-0530][gc,marking   ] GC(1) Concurrent Mark From Roots 0.188ms
[2018-07-26T14:41:54.606-0530][gc,marking   ] GC(1) Concurrent Mark (2.175s, 2.175s) 0.228ms
[2018-07-26T14:41:54.606-0530][gc,start     ] GC(1) Pause Remark
[2018-07-26T14:41:54.610-0530][gc,stringtable] GC(1) Cleaned string and symbol table, strings: 8687 processed, 0 removed, symbols: 67997 processed, 34 removed
[2018-07-26T14:41:54.610-0530][gc            ] GC(1) Pause Remark 7M->7M(1024M) 3.871ms
[2018-07-26T14:41:54.610-0530][gc,cpu        ] GC(1) User=0.01s Sys=0.00s Real=0.01s
[2018-07-26T14:41:54.610-0530][gc,marking    ] GC(1) Concurrent Create Live Data
[2018-07-26T14:41:54.610-0530][gc,marking    ] GC(1) Concurrent Create Live Data 0.130ms
[2018-07-26T14:41:54.610-0530][gc,start      ] GC(1) Pause Cleanup
[2018-07-26T14:41:54.611-0530][gc            ] GC(1) Pause Cleanup 7M->7M(1024M) 0.572ms
[2018-07-26T14:41:54.611-0530][gc,cpu        ] GC(1) User=0.01s Sys=0.00s Real=0.00s
[2018-07-26T14:41:54.611-0530][gc,marking    ] GC(1) Concurrent Cleanup for Next Mark
[2018-07-26T14:41:54.623-0530][gc,marking    ] GC(1) Concurrent Cleanup for Next Mark 12.048ms
[2018-07-26T14:41:54.623-0530][gc            ] GC(1) Concurrent Cycle 21.805ms
[2018-07-26T14:41:55.822-0530][gc,start      ] GC(2) Pause Young (G1 Evacuation Pause)
[2018-07-26T14:41:55.822-0530][gc,task       ] GC(2) Using 4 workers of 4 for evacuation
[2018-07-26T14:41:55.851-0530][gc,mmu        ] GC(2) MMU target violated: 21.0ms (20.0ms/21.0ms)
[2018-07-26T14:41:55.851-0530][gc,phases     ] GC(2)   Pre Evacuate Collection Set: 0.1ms
[2018-07-26T14:41:55.851-0530][gc,phases     ] GC(2)   Evacuate Collection Set: 27.9ms
[2018-07-26T14:41:55.851-0530][gc,phases     ] GC(2)   Post Evacuate Collection Set: 0.8ms
[2018-07-26T14:41:55.851-0530][gc,phases     ] GC(2)   Other: 0.6ms
[2018-07-26T14:41:55.851-0530][gc,heap       ] GC(2) Eden regions: 44->0(47)
[2018-07-26T14:41:55.851-0530][gc,heap       ] GC(2) Survivor regions: 7->4(7)
[2018-07-26T14:41:55.851-0530][gc,heap       ] GC(2) Old regions: 0->7
[2018-07-26T14:41:55.851-0530][gc,heap       ] GC(2) Humongous regions: 130->130
[2018-07-26T14:41:55.851-0530][gc,metaspace  ] GC(2) Metaspace: 29793K->29793K(1077248K)
[2018-07-26T14:41:55.851-0530][gc            ] GC(2) Pause Young (G1 Evacuation Pause) 180M->139M(1024M) 29.563ms
[2018-07-26T14:41:55.851-0530][gc,cpu        ] GC(2) User=0.05s Sys=0.01s Real=0.03s
[2018-07-26T14:45:43.976-0530][gc,start      ] GC(3) Pause Young (G1 Evacuation Pause)
[2018-07-26T14:45:43.976-0530][gc,task       ] GC(3) Using 4 workers of 4 for evacuation
[2018-07-26T14:45:43.991-0530][gc,phases     ] GC(3)   Pre Evacuate Collection Set: 0.1ms
[2018-07-26T14:45:43.991-0530][gc,phases     ] GC(3)   Evacuate Collection Set: 14.0ms
[2018-07-26T14:45:43.991-0530][gc,phases     ] GC(3)   Post Evacuate Collection Set: 0.4ms
[2018-07-26T14:45:43.991-0530][gc,phases     ] GC(3)   Other: 0.5ms
[2018-07-26T14:45:43.991-0530][gc,heap       ] GC(3) Eden regions: 47->0(45)
[2018-07-26T14:45:43.991-0530][gc,heap       ] GC(3) Survivor regions: 4->6(7)
[2018-07-26T14:45:43.991-0530][gc,heap       ] GC(3) Old regions: 7->7
[2018-07-26T14:45:43.991-0530][gc,heap       ] GC(3) Humongous regions: 130->130
[2018-07-26T14:45:43.991-0530][gc,metaspace  ] GC(3) Metaspace: 34469K->34469K(1081344K)
[2018-07-26T14:45:43.991-0530][gc            ] GC(3) Pause Young (G1 Evacuation Pause) 186M->141M(1024M) 15.146ms
[2018-07-26T14:45:43.991-0530][gc,cpu        ] GC(3) User=0.04s Sys=0.00s Real=0.02s
[2018-07-26T14:50:24.906-0530][gc,start      ] GC(4) Pause Young (G1 Evacuation Pause)
[2018-07-26T14:50:24.906-0530][gc,task       ] GC(4) Using 4 workers of 4 for evacuation
[2018-07-26T14:50:24.921-0530][gc,phases     ] GC(4)   Pre Evacuate Collection Set: 0.0ms
[2018-07-26T14:50:24.921-0530][gc,phases     ] GC(4)   Evacuate Collection Set: 14.2ms
[2018-07-26T14:50:24.921-0530][gc,phases     ] GC(4)   Post Evacuate Collection Set: 0.4ms
[2018-07-26T14:50:24.921-0530][gc,phases     ] GC(4)   Other: 0.3ms
[2018-07-26T14:50:24.921-0530][gc,heap       ] GC(4) Eden regions: 45->0(47)
[2018-07-26T14:50:24.921-0530][gc,heap       ] GC(4) Survivor regions: 6->4(7)
[2018-07-26T14:50:24.921-0530][gc,heap       ] GC(4) Old regions: 7->9
[2018-07-26T14:50:24.921-0530][gc,heap       ] GC(4) Humongous regions: 130->130
[2018-07-26T14:50:24.921-0530][gc,metaspace  ] GC(4) Metaspace: 34700K->34700K(1081344K)
[2018-07-26T14:50:24.921-0530][gc            ] GC(4) Pause Young (G1 Evacuation Pause) 186M->142M(1024M) 15.148ms
[2018-07-26T14:50:24.921-0530][gc,cpu        ] GC(4) User=0.04s Sys=0.00s Real=0.02s
[2018-07-26T14:55:10.923-0530][gc,start      ] GC(5) Pause Young (G1 Evacuation Pause)
[2018-07-26T14:55:10.924-0530][gc,task       ] GC(5) Using 4 workers of 4 for evacuation
[2018-07-26T14:55:10.931-0530][gc,phases     ] GC(5)   Pre Evacuate Collection Set: 0.0ms
[2018-07-26T14:55:10.931-0530][gc,phases     ] GC(5)   Evacuate Collection Set: 6.7ms
[2018-07-26T14:55:10.931-0530][gc,phases     ] GC(5)   Post Evacuate Collection Set: 0.3ms
[2018-07-26T14:55:10.931-0530][gc,phases     ] GC(5)   Other: 0.3ms
[2018-07-26T14:55:10.931-0530][gc,heap       ] GC(5) Eden regions: 47->0(48)
[2018-07-26T14:55:10.931-0530][gc,heap       ] GC(5) Survivor regions: 4->3(7)
[2018-07-26T14:55:10.931-0530][gc,heap       ] GC(5) Old regions: 9->10
[2018-07-26T14:55:10.931-0530][gc,heap       ] GC(5) Humongous regions: 130->130
[2018-07-26T14:55:10.931-0530][gc,metaspace  ] GC(5) Metaspace: 34751K->34751K(1081344K)
[2018-07-26T14:55:10.931-0530][gc            ] GC(5) Pause Young (G1 Evacuation Pause) 189M->142M(1024M) 7.528ms
[2018-07-26T14:55:10.931-0530][gc,cpu        ] GC(5) User=0.02s Sys=0.01s Real=0.01s
[2018-07-26T15:00:08.490-0530][gc,start      ] GC(6) Pause Young (G1 Evacuation Pause)
[2018-07-26T15:00:08.490-0530][gc,task       ] GC(6) Using 4 workers of 4 for evacuation
[2018-07-26T15:00:08.497-0530][gc,phases     ] GC(6)   Pre Evacuate Collection Set: 0.1ms
[2018-07-26T15:00:08.497-0530][gc,phases     ] GC(6)   Evacuate Collection Set: 6.2ms
[2018-07-26T15:00:08.497-0530][gc,phases     ] GC(6)   Post Evacuate Collection Set: 0.3ms
[2018-07-26T15:00:08.497-0530][gc,phases     ] GC(6)   Other: 0.3ms
[2018-07-26T15:00:08.497-0530][gc,heap       ] GC(6) Eden regions: 48->0(48)
[2018-07-26T15:00:08.497-0530][gc,heap       ] GC(6) Survivor regions: 3->3(7)
[2018-07-26T15:00:08.497-0530][gc,heap       ] GC(6) Old regions: 10->10
[2018-07-26T15:00:08.497-0530][gc,heap       ] GC(6) Humongous regions: 130->130
[2018-07-26T15:00:08.497-0530][gc,metaspace  ] GC(6) Metaspace: 34894K->34894K(1081344K)
[2018-07-26T15:00:08.497-0530][gc            ] GC(6) Pause Young (G1 Evacuation Pause) 190M->142M(1024M) 7.690ms
[2018-07-26T15:00:08.497-0530][gc,cpu        ] GC(6) User=0.02s Sys=0.00s Real=0.00s
[2018-07-26T15:05:10.178-0530][gc,start      ] GC(7) Pause Young (G1 Evacuation Pause)
[2018-07-26T15:05:10.178-0530][gc,task       ] GC(7) Using 4 workers of 4 for evacuation
[2018-07-26T15:05:10.186-0530][gc,phases     ] GC(7)   Pre Evacuate Collection Set: 0.0ms
[2018-07-26T15:05:10.186-0530][gc,phases     ] GC(7)   Evacuate Collection Set: 7.6ms
[2018-07-26T15:05:10.186-0530][gc,phases     ] GC(7)   Post Evacuate Collection Set: 0.2ms
[2018-07-26T15:05:10.186-0530][gc,phases     ] GC(7)   Other: 0.3ms
[2018-07-26T15:05:10.186-0530][gc,heap       ] GC(7) Eden regions: 48->0(47)
[2018-07-26T15:05:10.186-0530][gc,heap       ] GC(7) Survivor regions: 3->4(7)
[2018-07-26T15:05:10.186-0530][gc,heap       ] GC(7) Old regions: 10->10
[2018-07-26T15:05:10.186-0530][gc,heap       ] GC(7) Humongous regions: 130->130
[2018-07-26T15:05:10.186-0530][gc,metaspace  ] GC(7) Metaspace: 34920K->34920K(1081344K)
[2018-07-26T15:05:10.186-0530][gc            ] GC(7) Pause Young (G1 Evacuation Pause) 190M->143M(1024M) 8.361ms
[2018-07-26T15:05:10.186-0530][gc,cpu        ] GC(7) User=0.03s Sys=0.01s Real=0.01s
[2018-07-26T15:10:07.841-0530][gc,start      ] GC(8) Pause Young (G1 Evacuation Pause)
[2018-07-26T15:10:07.841-0530][gc,task       ] GC(8) Using 4 workers of 4 for evacuation
[2018-07-26T15:10:07.850-0530][gc,phases     ] GC(8)   Pre Evacuate Collection Set: 0.0ms
[2018-07-26T15:10:07.850-0530][gc,phases     ] GC(8)   Evacuate Collection Set: 9.0ms
[2018-07-26T15:10:07.850-0530][gc,phases     ] GC(8)   Post Evacuate Collection Set: 0.2ms
[2018-07-26T15:10:07.850-0530][gc,phases     ] GC(8)   Other: 0.3ms
[2018-07-26T15:10:07.850-0530][gc,heap       ] GC(8) Eden regions: 47->0(47)
[2018-07-26T15:10:07.850-0530][gc,heap       ] GC(8) Survivor regions: 4->4(7)
[2018-07-26T15:10:07.850-0530][gc,heap       ] GC(8) Old regions: 10->11
[2018-07-26T15:10:07.850-0530][gc,heap       ] GC(8) Humongous regions: 130->130
[2018-07-26T15:10:07.850-0530][gc,metaspace  ] GC(8) Metaspace: 34960K->34960K(1081344K)
[2018-07-26T15:10:07.850-0530][gc            ] GC(8) Pause Young (G1 Evacuation Pause) 190M->143M(1024M) 9.760ms
[2018-07-26T15:10:07.850-0530][gc,cpu        ] GC(8) User=0.03s Sys=0.00s Real=0.01s
[2018-07-26T15:15:08.637-0530][gc,start      ] GC(9) Pause Young (G1 Evacuation Pause)
[2018-07-26T15:15:08.638-0530][gc,task       ] GC(9) Using 4 workers of 4 for evacuation
[2018-07-26T15:15:08.654-0530][gc,phases     ] GC(9)   Pre Evacuate Collection Set: 0.1ms
[2018-07-26T15:15:08.654-0530][gc,phases     ] GC(9)   Evacuate Collection Set: 15.5ms
[2018-07-26T15:15:08.654-0530][gc,phases     ] GC(9)   Post Evacuate Collection Set: 0.3ms
[2018-07-26T15:15:08.654-0530][gc,phases     ] GC(9)   Other: 0.5ms
[2018-07-26T15:15:08.654-0530][gc,heap       ] GC(9) Eden regions: 47->0(46)
[2018-07-26T15:15:08.654-0530][gc,heap       ] GC(9) Survivor regions: 4->5(7)
[2018-07-26T15:15:08.654-0530][gc,heap       ] GC(9) Old regions: 11->11
[2018-07-26T15:15:08.654-0530][gc,heap       ] GC(9) Humongous regions: 130->130
[2018-07-26T15:15:08.654-0530][gc,metaspace  ] GC(9) Metaspace: 34973K->34973K(1081344K)
[2018-07-26T15:15:08.654-0530][gc            ] GC(9) Pause Young (G1 Evacuation Pause) 190M->145M(1024M) 16.645ms
[2018-07-26T15:15:08.654-0530][gc,cpu        ] GC(9) User=0.04s Sys=0.00s Real=0.02s
[2018-07-26T15:20:04.115-0530][gc,start      ] GC(10) Pause Young (G1 Evacuation Pause)
[2018-07-26T15:20:04.115-0530][gc,task       ] GC(10) Using 4 workers of 4 for evacuation
[2018-07-26T15:20:04.125-0530][gc,phases     ] GC(10)   Pre Evacuate Collection Set: 0.0ms
[2018-07-26T15:20:04.125-0530][gc,phases     ] GC(10)   Evacuate Collection Set: 9.6ms
[2018-07-26T15:20:04.125-0530][gc,phases     ] GC(10)   Post Evacuate Collection Set: 0.2ms
[2018-07-26T15:20:04.125-0530][gc,phases     ] GC(10)   Other: 0.3ms
[2018-07-26T15:20:04.125-0530][gc,heap       ] GC(10) Eden regions: 46->0(47)
[2018-07-26T15:20:04.125-0530][gc,heap       ] GC(10) Survivor regions: 5->4(7)
[2018-07-26T15:20:04.125-0530][gc,heap       ] GC(10) Old regions: 11->13
[2018-07-26T15:20:04.125-0530][gc,heap       ] GC(10) Humongous regions: 130->130
[2018-07-26T15:20:04.125-0530][gc,metaspace  ] GC(10) Metaspace: 34991K->34991K(1081344K)
[2018-07-26T15:20:04.125-0530][gc            ] GC(10) Pause Young (G1 Evacuation Pause) 191M->145M(1024M) 10.396ms
[2018-07-26T15:20:04.126-0530][gc,cpu        ] GC(10) User=0.04s Sys=0.00s Real=0.01s
[2018-07-26T15:25:04.626-0530][gc,start      ] GC(11) Pause Young (G1 Evacuation Pause)
[2018-07-26T15:25:04.626-0530][gc,task       ] GC(11) Using 4 workers of 4 for evacuation
[2018-07-26T15:25:04.637-0530][gc,phases     ] GC(11)   Pre Evacuate Collection Set: 0.0ms
[2018-07-26T15:25:04.637-0530][gc,phases     ] GC(11)   Evacuate Collection Set: 10.9ms
[2018-07-26T15:25:04.637-0530][gc,phases     ] GC(11)   Post Evacuate Collection Set: 0.2ms
[2018-07-26T15:25:04.638-0530][gc,phases     ] GC(11)   Other: 0.3ms
[2018-07-26T15:25:04.638-0530][gc,heap       ] GC(11) Eden regions: 47->0(47)
[2018-07-26T15:25:04.638-0530][gc,heap       ] GC(11) Survivor regions: 4->5(7)
[2018-07-26T15:25:04.638-0530][gc,heap       ] GC(11) Old regions: 13->14
[2018-07-26T15:25:04.638-0530][gc,heap       ] GC(11) Humongous regions: 130->130
[2018-07-26T15:25:04.638-0530][gc,metaspace  ] GC(11) Metaspace: 35005K->35005K(1081344K)
[2018-07-26T15:25:04.638-0530][gc            ] GC(11) Pause Young (G1 Evacuation Pause) 192M->147M(1024M) 11.639ms
[2018-07-26T15:25:04.638-0530][gc,cpu        ] GC(11) User=0.05s Sys=0.00s Real=0.01s
[2018-07-26T15:29:57.659-0530][gc,start      ] GC(12) Pause Young (G1 Evacuation Pause)
[2018-07-26T15:29:57.659-0530][gc,task       ] GC(12) Using 4 workers of 4 for evacuation
[2018-07-26T15:29:57.674-0530][gc,phases     ] GC(12)   Pre Evacuate Collection Set: 0.1ms
[2018-07-26T15:29:57.674-0530][gc,phases     ] GC(12)   Evacuate Collection Set: 14.3ms
[2018-07-26T15:29:57.674-0530][gc,phases     ] GC(12)   Post Evacuate Collection Set: 0.2ms
[2018-07-26T15:29:57.674-0530][gc,phases     ] GC(12)   Other: 0.4ms
[2018-07-26T15:29:57.674-0530][gc,heap       ] GC(12) Eden regions: 46->0(48)
[2018-07-26T15:29:57.674-0530][gc,heap       ] GC(12) Survivor regions: 5->6(7)
[2018-07-26T15:29:57.674-0530][gc,heap       ] GC(12) Old regions: 14->15
[2018-07-26T15:29:57.674-0530][gc,heap       ] GC(12) Humongous regions: 130->130
[2018-07-26T15:29:57.674-0530][gc,metaspace  ] GC(12) Metaspace: 35009K->35009K(1081344K)
[2018-07-26T15:29:57.674-0530][gc            ] GC(12) Pause Young (G1 Evacuation Pause) 193M->150M(1024M) 15.136ms
[2018-07-26T15:29:57.674-0530][gc,cpu        ] GC(12) User=0.05s Sys=0.00s Real=0.02s
[2018-07-26T15:34:44.218-0530][gc,start      ] GC(13) Pause Young (G1 Evacuation Pause)
[2018-07-26T15:34:44.218-0530][gc,task       ] GC(13) Using 4 workers of 4 for evacuation
[2018-07-26T15:34:44.231-0530][gc,phases     ] GC(13)   Pre Evacuate Collection Set: 0.0ms
[2018-07-26T15:34:44.231-0530][gc,phases     ] GC(13)   Evacuate Collection Set: 12.0ms
[2018-07-26T15:34:44.231-0530][gc,phases     ] GC(13)   Post Evacuate Collection Set: 0.3ms
[2018-07-26T15:34:44.231-0530][gc,phases     ] GC(13)   Other: 0.3ms
[2018-07-26T15:34:44.231-0530][gc,heap       ] GC(13) Eden regions: 45->0(49)
[2018-07-26T15:34:44.231-0530][gc,heap       ] GC(13) Survivor regions: 6->5(7)
[2018-07-26T15:34:44.231-0530][gc,heap       ] GC(13) Old regions: 15->17
[2018-07-26T15:34:44.231-0530][gc,heap       ] GC(13) Humongous regions: 130->130
[2018-07-26T15:34:44.231-0530][gc,metaspace  ] GC(13) Metaspace: 35041K->35041K(1081344K)
[2018-07-26T15:34:44.231-0530][gc            ] GC(13) Pause Young (G1 Evacuation Pause) 195M->151M(1024M) 12.829ms
[2018-07-26T15:34:44.231-0530][gc,cpu        ] GC(13) User=0.04s Sys=0.01s Real=0.02s
[2018-07-26T15:39:38.111-0530][gc,start      ] GC(14) Pause Young (G1 Evacuation Pause)
[2018-07-26T15:39:38.111-0530][gc,task       ] GC(14) Using 4 workers of 4 for evacuation
[2018-07-26T15:39:38.126-0530][gc,phases     ] GC(14)   Pre Evacuate Collection Set: 0.1ms
[2018-07-26T15:39:38.126-0530][gc,phases     ] GC(14)   Evacuate Collection Set: 14.5ms
[2018-07-26T15:39:38.126-0530][gc,phases     ] GC(14)   Post Evacuate Collection Set: 0.2ms
[2018-07-26T15:39:38.126-0530][gc,phases     ] GC(14)   Other: 0.4ms
[2018-07-26T15:39:38.127-0530][gc,heap       ] GC(14) Eden regions: 46->0(48)
[2018-07-26T15:39:38.127-0530][gc,heap       ] GC(14) Survivor regions: 5->5(7)
[2018-07-26T15:39:38.127-0530][gc,heap       ] GC(14) Old regions: 17->19
[2018-07-26T15:39:38.127-0530][gc,heap       ] GC(14) Humongous regions: 130->130
[2018-07-26T15:39:38.127-0530][gc,metaspace  ] GC(14) Metaspace: 35056K->35056K(1081344K)
[2018-07-26T15:39:38.127-0530][gc            ] GC(14) Pause Young (G1 Evacuation Pause) 197M->153M(1024M) 15.426ms
[2018-07-26T15:39:38.127-0530][gc,cpu        ] GC(14) User=0.06s Sys=0.00s Real=0.01s
[2018-07-26T15:41:11.053-0530][gc,start      ] GC(15) Pause Initial Mark (Metadata GC Threshold)
[2018-07-26T15:41:11.053-0530][gc,task       ] GC(15) Using 4 workers of 4 for evacuation
[2018-07-26T15:41:11.067-0530][gc,phases     ] GC(15)   Pre Evacuate Collection Set: 0.1ms
[2018-07-26T15:41:11.067-0530][gc,phases     ] GC(15)   Evacuate Collection Set: 13.2ms
[2018-07-26T15:41:11.067-0530][gc,phases     ] GC(15)   Post Evacuate Collection Set: 0.2ms
[2018-07-26T15:41:11.067-0530][gc,phases     ] GC(15)   Other: 0.5ms
[2018-07-26T15:41:11.067-0530][gc,heap       ] GC(15) Eden regions: 15->0(47)
[2018-07-26T15:41:11.067-0530][gc,heap       ] GC(15) Survivor regions: 5->4(7)
[2018-07-26T15:41:11.067-0530][gc,heap       ] GC(15) Old regions: 19->21
[2018-07-26T15:41:11.067-0530][gc,heap       ] GC(15) Humongous regions: 130->130
[2018-07-26T15:41:11.067-0530][gc,metaspace  ] GC(15) Metaspace: 35058K->35058K(1081344K)
[2018-07-26T15:41:11.067-0530][gc            ] GC(15) Pause Initial Mark (Metadata GC Threshold) 168M->154M(1024M) 14.194ms
[2018-07-26T15:41:11.067-0530][gc,cpu        ] GC(15) User=0.04s Sys=0.00s Real=0.01s
[2018-07-26T15:41:11.067-0530][gc            ] GC(16) Concurrent Cycle
[2018-07-26T15:41:11.067-0530][gc,marking    ] GC(16) Concurrent Clear Claimed Marks
[2018-07-26T15:41:11.067-0530][gc,marking    ] GC(16) Concurrent Clear Claimed Marks 0.040ms
[2018-07-26T15:41:11.067-0530][gc,marking    ] GC(16) Concurrent Scan Root Regions
[2018-07-26T15:41:11.071-0530][gc,marking    ] GC(16) Concurrent Scan Root Regions 3.854ms
[2018-07-26T15:41:11.071-0530][gc,marking    ] GC(16) Concurrent Mark (3558.570s)
[2018-07-26T15:41:11.071-0530][gc,marking    ] GC(16) Concurrent Mark From Roots
[2018-07-26T15:41:11.071-0530][gc,task       ] GC(16) Using 1 workers of 1 for marking
[2018-07-26T15:41:11.090-0530][gc,marking    ] GC(16) Concurrent Mark From Roots 18.249ms
[2018-07-26T15:41:11.090-0530][gc,marking    ] GC(16) Concurrent Mark (3558.570s, 3558.589s) 18.330ms
[2018-07-26T15:41:11.090-0530][gc,start      ] GC(16) Pause Remark
[2018-07-26T15:41:11.100-0530][gc,stringtable] GC(16) Cleaned string and symbol table, strings: 13950 processed, 339 removed, symbols: 93950 processed, 23 removed
[2018-07-26T15:41:11.100-0530][gc            ] GC(16) Pause Remark 154M->154M(1024M) 10.501ms
[2018-07-26T15:41:11.100-0530][gc,cpu        ] GC(16) User=0.03s Sys=0.00s Real=0.01s
[2018-07-26T15:41:11.100-0530][gc,marking    ] GC(16) Concurrent Create Live Data
[2018-07-26T15:41:11.105-0530][gc,marking    ] GC(16) Concurrent Create Live Data 4.655ms
[2018-07-26T15:41:11.105-0530][gc,start      ] GC(16) Pause Cleanup
[2018-07-26T15:41:11.107-0530][gc            ] GC(16) Pause Cleanup 155M->155M(1024M) 1.488ms
[2018-07-26T15:41:11.107-0530][gc,cpu        ] GC(16) User=0.00s Sys=0.00s Real=0.00s
[2018-07-26T15:41:11.107-0530][gc,marking    ] GC(16) Concurrent Cleanup for Next Mark
[2018-07-26T15:41:11.120-0530][gc,marking    ] GC(16) Concurrent Cleanup for Next Mark 13.080ms
[2018-07-26T15:41:11.120-0530][gc            ] GC(16) Concurrent Cycle 52.901ms
[2018-07-26T15:45:49.936-0530][gc,start      ] GC(17) Pause Young (G1 Evacuation Pause)
[2018-07-26T15:45:49.940-0530][gc,task       ] GC(17) Using 4 workers of 4 for evacuation
[2018-07-26T15:45:49.952-0530][gc,phases     ] GC(17)   Pre Evacuate Collection Set: 0.0ms
[2018-07-26T15:45:49.952-0530][gc,phases     ] GC(17)   Evacuate Collection Set: 11.7ms
[2018-07-26T15:45:49.952-0530][gc,phases     ] GC(17)   Post Evacuate Collection Set: 0.2ms
[2018-07-26T15:45:49.952-0530][gc,phases     ] GC(17)   Other: 4.5ms
[2018-07-26T15:45:49.952-0530][gc,heap       ] GC(17) Eden regions: 47->0(44)
[2018-07-26T15:45:49.952-0530][gc,heap       ] GC(17) Survivor regions: 4->7(7)
[2018-07-26T15:45:49.952-0530][gc,heap       ] GC(17) Old regions: 21->21
[2018-07-26T15:45:49.952-0530][gc,heap       ] GC(17) Humongous regions: 130->130
[2018-07-26T15:45:49.952-0530][gc,metaspace  ] GC(17) Metaspace: 35004K->35004K(1081344K)
[2018-07-26T15:45:49.952-0530][gc            ] GC(17) Pause Young (G1 Evacuation Pause) 201M->156M(1024M) 16.564ms
[2018-07-26T15:45:49.952-0530][gc,cpu        ] GC(17) User=0.05s Sys=0.00s Real=0.02s
[2018-07-26T15:50:28.810-0530][gc,start      ] GC(18) Pause Young (G1 Evacuation Pause)
[2018-07-26T15:50:28.820-0530][gc,task       ] GC(18) Using 4 workers of 4 for evacuation
[2018-07-26T15:50:28.833-0530][gc,phases     ] GC(18)   Pre Evacuate Collection Set: 0.0ms
[2018-07-26T15:50:28.833-0530][gc,phases     ] GC(18)   Evacuate Collection Set: 12.6ms
[2018-07-26T15:50:28.833-0530][gc,phases     ] GC(18)   Post Evacuate Collection Set: 0.3ms
[2018-07-26T15:50:28.833-0530][gc,phases     ] GC(18)   Other: 9.6ms
[2018-07-26T15:50:28.833-0530][gc,heap       ] GC(18) Eden regions: 44->0(47)
[2018-07-26T15:50:28.833-0530][gc,heap       ] GC(18) Survivor regions: 7->4(7)
[2018-07-26T15:50:28.833-0530][gc,heap       ] GC(18) Old regions: 21->24
[2018-07-26T15:50:28.833-0530][gc,heap       ] GC(18) Humongous regions: 130->130
[2018-07-26T15:50:28.833-0530][gc,metaspace  ] GC(18) Metaspace: 35009K->35009K(1081344K)
[2018-07-26T15:50:28.833-0530][gc            ] GC(18) Pause Young (G1 Evacuation Pause) 200M->157M(1024M) 22.634ms
[2018-07-26T15:50:28.833-0530][gc,cpu        ] GC(18) User=0.04s Sys=0.00s Real=0.02s
[2018-07-26T15:55:25.686-0530][gc,start      ] GC(19) Pause Young (G1 Evacuation Pause)
[2018-07-26T15:55:25.697-0530][gc,task       ] GC(19) Using 4 workers of 4 for evacuation
[2018-07-26T15:55:25.706-0530][gc,phases     ] GC(19)   Pre Evacuate Collection Set: 0.0ms
[2018-07-26T15:55:25.707-0530][gc,phases     ] GC(19)   Evacuate Collection Set: 9.0ms
[2018-07-26T15:55:25.707-0530][gc,phases     ] GC(19)   Post Evacuate Collection Set: 0.3ms
[2018-07-26T15:55:25.707-0530][gc,phases     ] GC(19)   Other: 11.0ms
[2018-07-26T15:55:25.707-0530][gc,heap       ] GC(19) Eden regions: 47->0(50)
[2018-07-26T15:55:25.707-0530][gc,heap       ] GC(19) Survivor regions: 4->4(7)
[2018-07-26T15:55:25.707-0530][gc,heap       ] GC(19) Old regions: 24->24
[2018-07-26T15:55:25.707-0530][gc,heap       ] GC(19) Humongous regions: 130->130
[2018-07-26T15:55:25.707-0530][gc,metaspace  ] GC(19) Metaspace: 35010K->35010K(1081344K)
[2018-07-26T15:55:25.707-0530][gc            ] GC(19) Pause Young (G1 Evacuation Pause) 204M->157M(1024M) 20.474ms
[2018-07-26T15:55:25.707-0530][gc,cpu        ] GC(19) User=0.04s Sys=0.00s Real=0.02s
[2018-07-26T16:00:44.969-0530][gc,start      ] GC(20) Pause Young (G1 Evacuation Pause)
[2018-07-26T16:00:44.982-0530][gc,task       ] GC(20) Using 4 workers of 4 for evacuation
[2018-07-26T16:00:44.992-0530][gc,phases     ] GC(20)   Pre Evacuate Collection Set: 0.0ms
[2018-07-26T16:00:44.992-0530][gc,phases     ] GC(20)   Evacuate Collection Set: 9.1ms
[2018-07-26T16:00:44.992-0530][gc,phases     ] GC(20)   Post Evacuate Collection Set: 0.3ms
[2018-07-26T16:00:44.992-0530][gc,phases     ] GC(20)   Other: 13.3ms
[2018-07-26T16:00:44.992-0530][gc,heap       ] GC(20) Eden regions: 50->0(58)
[2018-07-26T16:00:44.992-0530][gc,heap       ] GC(20) Survivor regions: 4->3(7)
[2018-07-26T16:00:44.992-0530][gc,heap       ] GC(20) Old regions: 24->25
[2018-07-26T16:00:44.992-0530][gc,heap       ] GC(20) Humongous regions: 130->130
[2018-07-26T16:00:44.992-0530][gc,metaspace  ] GC(20) Metaspace: 35010K->35010K(1081344K)
[2018-07-26T16:00:44.992-0530][gc            ] GC(20) Pause Young (G1 Evacuation Pause) 207M->157M(1024M) 22.924ms
[2018-07-26T16:00:44.992-0530][gc,cpu        ] GC(20) User=0.03s Sys=0.00s Real=0.03s
[2018-07-26T16:06:56.240-0530][gc,start      ] GC(21) Pause Young (G1 Evacuation Pause)
[2018-07-26T16:06:56.247-0530][gc,task       ] GC(21) Using 4 workers of 4 for evacuation
[2018-07-26T16:06:56.255-0530][gc,phases     ] GC(21)   Pre Evacuate Collection Set: 0.0ms
[2018-07-26T16:06:56.255-0530][gc,phases     ] GC(21)   Evacuate Collection Set: 7.9ms
[2018-07-26T16:06:56.255-0530][gc,phases     ] GC(21)   Post Evacuate Collection Set: 0.3ms
[2018-07-26T16:06:56.255-0530][gc,phases     ] GC(21)   Other: 7.4ms
[2018-07-26T16:06:56.255-0530][gc,heap       ] GC(21) Eden regions: 58->0(473)
[2018-07-26T16:06:56.255-0530][gc,heap       ] GC(21) Survivor regions: 3->3(8)
[2018-07-26T16:06:56.255-0530][gc,heap       ] GC(21) Old regions: 25->25
[2018-07-26T16:06:56.255-0530][gc,heap       ] GC(21) Humongous regions: 130->130
[2018-07-26T16:06:56.255-0530][gc,metaspace  ] GC(21) Metaspace: 35012K->35012K(1081344K)
[2018-07-26T16:06:56.255-0530][gc            ] GC(21) Pause Young (G1 Evacuation Pause) 215M->156M(1024M) 15.688ms
[2018-07-26T16:06:56.256-0530][gc,cpu        ] GC(21) User=0.02s Sys=0.00s Real=0.01s
[2018-07-26T16:12:01.410-0530][gc,heap,exit  ] Heap
[2018-07-26T16:12:01.424-0530][gc,heap,exit  ]  garbage-first heap   total 1048576K, used 273222K [0x0000000780000000, 0x00000007c0000000)
[2018-07-26T16:12:01.424-0530][gc,heap,exit  ]   region size 1024K, 114 young (116736K), 3 survivors (3072K)
[2018-07-26T16:12:01.424-0530][gc,heap,exit  ]  Metaspace       used 36504K, capacity 36804K, committed 37504K, reserved 1083392K
[2018-07-26T16:12:01.424-0530][gc,heap,exit  ]   class space    used 4295K, capacity 4379K, committed 4480K, reserved 1048576K
