[2018-07-26T12:37:24.105-0530][gc,heap] Heap region size: 1M
[2018-07-26T12:37:24.121-0530][gc     ] Using G1
[2018-07-26T12:37:24.122-0530][gc,heap,coops] Heap address: 0x0000000780000000, size: 1024 MB, Compressed Oops mode: Zero based, Oop shift amount: 3
[2018-07-26T12:37:26.737-0530][gc,start     ] GC(0) Pause Initial Mark (Metadata GC Threshold)
[2018-07-26T12:37:26.737-0530][gc,task      ] GC(0) Using 4 workers of 4 for evacuation
[2018-07-26T12:37:26.749-0530][gc,phases    ] GC(0)   Pre Evacuate Collection Set: 0.1ms
[2018-07-26T12:37:26.749-0530][gc,phases    ] GC(0)   Evacuate Collection Set: 10.7ms
[2018-07-26T12:37:26.749-0530][gc,phases    ] GC(0)   Post Evacuate Collection Set: 0.4ms
[2018-07-26T12:37:26.749-0530][gc,phases    ] GC(0)   Other: 0.4ms
[2018-07-26T12:37:26.749-0530][gc,heap      ] GC(0) Eden regions: 44->0(44)
[2018-07-26T12:37:26.749-0530][gc,heap      ] GC(0) Survivor regions: 0->7(7)
[2018-07-26T12:37:26.749-0530][gc,heap      ] GC(0) Old regions: 0->0
[2018-07-26T12:37:26.749-0530][gc,heap      ] GC(0) Humongous regions: 1->1
[2018-07-26T12:37:26.749-0530][gc,metaspace ] GC(0) Metaspace: 20887K->20887K(1069056K)
[2018-07-26T12:37:26.749-0530][gc           ] GC(0) Pause Initial Mark (Metadata GC Threshold) 44M->7M(1024M) 11.746ms
[2018-07-26T12:37:26.749-0530][gc,cpu       ] GC(0) User=0.03s Sys=0.00s Real=0.01s
[2018-07-26T12:37:26.749-0530][gc           ] GC(1) Concurrent Cycle
[2018-07-26T12:37:26.749-0530][gc,marking   ] GC(1) Concurrent Clear Claimed Marks
[2018-07-26T12:37:26.749-0530][gc,marking   ] GC(1) Concurrent Clear Claimed Marks 0.046ms
[2018-07-26T12:37:26.749-0530][gc,marking   ] GC(1) Concurrent Scan Root Regions
[2018-07-26T12:37:26.753-0530][gc,marking   ] GC(1) Concurrent Scan Root Regions 4.221ms
[2018-07-26T12:37:26.753-0530][gc,marking   ] GC(1) Concurrent Mark (2.662s)
[2018-07-26T12:37:26.753-0530][gc,marking   ] GC(1) Concurrent Mark From Roots
[2018-07-26T12:37:26.753-0530][gc,task      ] GC(1) Using 1 workers of 1 for marking
[2018-07-26T12:37:26.753-0530][gc,marking   ] GC(1) Concurrent Mark From Roots 0.196ms
[2018-07-26T12:37:26.753-0530][gc,marking   ] GC(1) Concurrent Mark (2.662s, 2.663s) 0.242ms
[2018-07-26T12:37:26.754-0530][gc,start     ] GC(1) Pause Remark
[2018-07-26T12:37:26.758-0530][gc,stringtable] GC(1) Cleaned string and symbol table, strings: 8690 processed, 0 removed, symbols: 68311 processed, 34 removed
[2018-07-26T12:37:26.758-0530][gc            ] GC(1) Pause Remark 7M->7M(1024M) 4.341ms
[2018-07-26T12:37:26.758-0530][gc,cpu        ] GC(1) User=0.02s Sys=0.00s Real=0.00s
[2018-07-26T12:37:26.758-0530][gc,marking    ] GC(1) Concurrent Create Live Data
[2018-07-26T12:37:26.758-0530][gc,marking    ] GC(1) Concurrent Create Live Data 0.178ms
[2018-07-26T12:37:26.758-0530][gc,start      ] GC(1) Pause Cleanup
[2018-07-26T12:37:26.759-0530][gc            ] GC(1) Pause Cleanup 7M->7M(1024M) 0.582ms
[2018-07-26T12:37:26.759-0530][gc,cpu        ] GC(1) User=0.00s Sys=0.00s Real=0.00s
[2018-07-26T12:37:26.759-0530][gc,marking    ] GC(1) Concurrent Cleanup for Next Mark
[2018-07-26T12:37:26.771-0530][gc,marking    ] GC(1) Concurrent Cleanup for Next Mark 11.927ms
[2018-07-26T12:37:26.771-0530][gc            ] GC(1) Concurrent Cycle 22.199ms
[2018-07-26T12:37:28.245-0530][gc,start      ] GC(2) Pause Young (G1 Evacuation Pause)
[2018-07-26T12:37:28.246-0530][gc,task       ] GC(2) Using 4 workers of 4 for evacuation
[2018-07-26T12:37:28.263-0530][gc,phases     ] GC(2)   Pre Evacuate Collection Set: 0.0ms
[2018-07-26T12:37:28.263-0530][gc,phases     ] GC(2)   Evacuate Collection Set: 16.6ms
[2018-07-26T12:37:28.263-0530][gc,phases     ] GC(2)   Post Evacuate Collection Set: 0.6ms
[2018-07-26T12:37:28.263-0530][gc,phases     ] GC(2)   Other: 0.3ms
[2018-07-26T12:37:28.263-0530][gc,heap       ] GC(2) Eden regions: 44->0(47)
[2018-07-26T12:37:28.263-0530][gc,heap       ] GC(2) Survivor regions: 7->4(7)
[2018-07-26T12:37:28.263-0530][gc,heap       ] GC(2) Old regions: 0->7
[2018-07-26T12:37:28.263-0530][gc,heap       ] GC(2) Humongous regions: 130->130
[2018-07-26T12:37:28.263-0530][gc,metaspace  ] GC(2) Metaspace: 29802K->29802K(1077248K)
[2018-07-26T12:37:28.263-0530][gc            ] GC(2) Pause Young (G1 Evacuation Pause) 180M->139M(1024M) 17.739ms
[2018-07-26T12:37:28.263-0530][gc,cpu        ] GC(2) User=0.05s Sys=0.01s Real=0.02s
[2018-07-26T12:50:57.627-0530][gc,start      ] GC(3) Pause Young (G1 Evacuation Pause)
[2018-07-26T12:50:57.637-0530][gc,task       ] GC(3) Using 4 workers of 4 for evacuation
[2018-07-26T12:50:57.648-0530][gc,phases     ] GC(3)   Pre Evacuate Collection Set: 0.1ms
[2018-07-26T12:50:57.648-0530][gc,phases     ] GC(3)   Evacuate Collection Set: 10.5ms
[2018-07-26T12:50:57.648-0530][gc,phases     ] GC(3)   Post Evacuate Collection Set: 0.4ms
[2018-07-26T12:50:57.648-0530][gc,phases     ] GC(3)   Other: 10.0ms
[2018-07-26T12:50:57.648-0530][gc,heap       ] GC(3) Eden regions: 47->0(45)
[2018-07-26T12:50:57.648-0530][gc,heap       ] GC(3) Survivor regions: 4->6(7)
[2018-07-26T12:50:57.648-0530][gc,heap       ] GC(3) Old regions: 7->7
[2018-07-26T12:50:57.648-0530][gc,heap       ] GC(3) Humongous regions: 130->130
[2018-07-26T12:50:57.648-0530][gc,metaspace  ] GC(3) Metaspace: 34290K->34290K(1081344K)
[2018-07-26T12:50:57.648-0530][gc            ] GC(3) Pause Young (G1 Evacuation Pause) 186M->141M(1024M) 21.076ms
[2018-07-26T12:50:57.648-0530][gc,cpu        ] GC(3) User=0.03s Sys=0.01s Real=0.02s
[2018-07-26T12:57:43.628-0530][gc,start      ] GC(4) Pause Young (G1 Evacuation Pause)
[2018-07-26T12:57:43.629-0530][gc,task       ] GC(4) Using 4 workers of 4 for evacuation
[2018-07-26T12:57:43.642-0530][gc,phases     ] GC(4)   Pre Evacuate Collection Set: 0.1ms
[2018-07-26T12:57:43.642-0530][gc,phases     ] GC(4)   Evacuate Collection Set: 13.2ms
[2018-07-26T12:57:43.642-0530][gc,phases     ] GC(4)   Post Evacuate Collection Set: 0.4ms
[2018-07-26T12:57:43.642-0530][gc,phases     ] GC(4)   Other: 0.4ms
[2018-07-26T12:57:43.642-0530][gc,heap       ] GC(4) Eden regions: 45->0(47)
[2018-07-26T12:57:43.643-0530][gc,heap       ] GC(4) Survivor regions: 6->4(7)
[2018-07-26T12:57:43.643-0530][gc,heap       ] GC(4) Old regions: 7->10
[2018-07-26T12:57:43.643-0530][gc,heap       ] GC(4) Humongous regions: 130->130
[2018-07-26T12:57:43.643-0530][gc,metaspace  ] GC(4) Metaspace: 34905K->34905K(1081344K)
[2018-07-26T12:57:43.643-0530][gc            ] GC(4) Pause Young (G1 Evacuation Pause) 186M->142M(1024M) 14.125ms
[2018-07-26T12:57:43.643-0530][gc,cpu        ] GC(4) User=0.04s Sys=0.00s Real=0.02s
[2018-07-26T13:01:11.930-0530][gc,start      ] GC(5) Pause Initial Mark (Metadata GC Threshold)
[2018-07-26T13:01:11.930-0530][gc,task       ] GC(5) Using 4 workers of 4 for evacuation
[2018-07-26T13:01:11.939-0530][gc,phases     ] GC(5)   Pre Evacuate Collection Set: 0.1ms
[2018-07-26T13:01:11.939-0530][gc,phases     ] GC(5)   Evacuate Collection Set: 7.9ms
[2018-07-26T13:01:11.939-0530][gc,phases     ] GC(5)   Post Evacuate Collection Set: 0.4ms
[2018-07-26T13:01:11.939-0530][gc,phases     ] GC(5)   Other: 0.5ms
[2018-07-26T13:01:11.939-0530][gc,heap       ] GC(5) Eden regions: 28->0(47)
[2018-07-26T13:01:11.939-0530][gc,heap       ] GC(5) Survivor regions: 4->4(7)
[2018-07-26T13:01:11.939-0530][gc,heap       ] GC(5) Old regions: 10->10
[2018-07-26T13:01:11.939-0530][gc,heap       ] GC(5) Humongous regions: 130->130
[2018-07-26T13:01:11.939-0530][gc,metaspace  ] GC(5) Metaspace: 35137K->35137K(1081344K)
[2018-07-26T13:01:11.939-0530][gc            ] GC(5) Pause Initial Mark (Metadata GC Threshold) 170M->142M(1024M) 9.096ms
[2018-07-26T13:01:11.939-0530][gc,cpu        ] GC(5) User=0.03s Sys=0.01s Real=0.00s
[2018-07-26T13:01:11.939-0530][gc            ] GC(6) Concurrent Cycle
[2018-07-26T13:01:11.939-0530][gc,marking    ] GC(6) Concurrent Clear Claimed Marks
[2018-07-26T13:01:11.939-0530][gc,marking    ] GC(6) Concurrent Clear Claimed Marks 0.050ms
[2018-07-26T13:01:11.939-0530][gc,marking    ] GC(6) Concurrent Scan Root Regions
[2018-07-26T13:01:11.944-0530][gc,marking    ] GC(6) Concurrent Scan Root Regions 5.020ms
[2018-07-26T13:01:11.945-0530][gc,marking    ] GC(6) Concurrent Mark (1427.825s)
[2018-07-26T13:01:11.945-0530][gc,marking    ] GC(6) Concurrent Mark From Roots
[2018-07-26T13:01:11.945-0530][gc,task       ] GC(6) Using 1 workers of 1 for marking
[2018-07-26T13:01:11.961-0530][gc,marking    ] GC(6) Concurrent Mark From Roots 16.881ms
[2018-07-26T13:01:11.962-0530][gc,marking    ] GC(6) Concurrent Mark (1427.825s, 1427.842s) 17.007ms
[2018-07-26T13:01:11.962-0530][gc,start      ] GC(6) Pause Remark
[2018-07-26T13:01:11.974-0530][gc,stringtable] GC(6) Cleaned string and symbol table, strings: 14908 processed, 830 removed, symbols: 95781 processed, 22 removed
[2018-07-26T13:01:11.974-0530][gc            ] GC(6) Pause Remark 142M->142M(1024M) 12.280ms
[2018-07-26T13:01:11.974-0530][gc,cpu        ] GC(6) User=0.04s Sys=0.00s Real=0.01s
[2018-07-26T13:01:11.974-0530][gc,marking    ] GC(6) Concurrent Create Live Data
[2018-07-26T13:01:11.977-0530][gc,marking    ] GC(6) Concurrent Create Live Data 2.958ms
[2018-07-26T13:01:11.977-0530][gc,start      ] GC(6) Pause Cleanup
[2018-07-26T13:01:11.978-0530][gc            ] GC(6) Pause Cleanup 142M->142M(1024M) 0.765ms
[2018-07-26T13:01:11.978-0530][gc,cpu        ] GC(6) User=0.00s Sys=0.00s Real=0.00s
[2018-07-26T13:01:11.978-0530][gc,marking    ] GC(6) Concurrent Cleanup for Next Mark
[2018-07-26T13:01:11.990-0530][gc,marking    ] GC(6) Concurrent Cleanup for Next Mark 11.490ms
[2018-07-26T13:01:11.990-0530][gc            ] GC(6) Concurrent Cycle 50.557ms
[2018-07-26T13:01:31.250-0530][gc,heap,exit  ] Heap
[2018-07-26T13:01:31.250-0530][gc,heap,exit  ]  garbage-first heap   total 1048576K, used 155136K [0x0000000780000000, 0x00000007c0000000)
[2018-07-26T13:01:31.250-0530][gc,heap,exit  ]   region size 1024K, 14 young (14336K), 4 survivors (4096K)
[2018-07-26T13:01:31.250-0530][gc,heap,exit  ]  Metaspace       used 35611K, capacity 35846K, committed 36480K, reserved 1081344K
[2018-07-26T13:01:31.250-0530][gc,heap,exit  ]   class space    used 4234K, capacity 4318K, committed 4480K, reserved 1048576K
