[2018-07-26T14:35:46.245-0530][gc,heap] Heap region size: 1M
[2018-07-26T14:35:46.254-0530][gc     ] Using G1
[2018-07-26T14:35:46.254-0530][gc,heap,coops] Heap address: 0x00000007a0000000, size: 512 MB, Compressed Oops mode: Zero based, Oop shift amount: 3
[2018-07-26T14:35:47.408-0530][gc,start     ] GC(0) Pause Young (G1 Evacuation Pause)
[2018-07-26T14:35:47.408-0530][gc,task      ] GC(0) Using 4 workers of 4 for evacuation
[2018-07-26T14:35:47.419-0530][gc,phases    ] GC(0)   Pre Evacuate Collection Set: 0.0ms
[2018-07-26T14:35:47.419-0530][gc,phases    ] GC(0)   Evacuate Collection Set: 9.9ms
[2018-07-26T14:35:47.419-0530][gc,phases    ] GC(0)   Post Evacuate Collection Set: 0.3ms
[2018-07-26T14:35:47.419-0530][gc,phases    ] GC(0)   Other: 0.4ms
[2018-07-26T14:35:47.419-0530][gc,heap      ] GC(0) Eden regions: 25->0(21)
[2018-07-26T14:35:47.419-0530][gc,heap      ] GC(0) Survivor regions: 0->4(4)
[2018-07-26T14:35:47.419-0530][gc,heap      ] GC(0) Old regions: 0->2
[2018-07-26T14:35:47.419-0530][gc,heap      ] GC(0) Humongous regions: 1->1
[2018-07-26T14:35:47.419-0530][gc,metaspace ] GC(0) Metaspace: 14831K->14831K(1062912K)
[2018-07-26T14:35:47.419-0530][gc           ] GC(0) Pause Young (G1 Evacuation Pause) 26M->6M(512M) 10.785ms
[2018-07-26T14:35:47.419-0530][gc,cpu       ] GC(0) User=0.03s Sys=0.01s Real=0.01s
[2018-07-26T14:36:05.146-0530][gc,start     ] GC(1) Pause Young (G1 Evacuation Pause)
[2018-07-26T14:36:05.146-0530][gc,task      ] GC(1) Using 4 workers of 4 for evacuation
[2018-07-26T14:36:05.158-0530][gc,phases    ] GC(1)   Pre Evacuate Collection Set: 0.0ms
[2018-07-26T14:36:05.158-0530][gc,phases    ] GC(1)   Evacuate Collection Set: 11.4ms
[2018-07-26T14:36:05.158-0530][gc,phases    ] GC(1)   Post Evacuate Collection Set: 0.4ms
[2018-07-26T14:36:05.158-0530][gc,phases    ] GC(1)   Other: 0.3ms
[2018-07-26T14:36:05.158-0530][gc,heap      ] GC(1) Eden regions: 21->0(24)
[2018-07-26T14:36:05.158-0530][gc,heap      ] GC(1) Survivor regions: 4->1(4)
[2018-07-26T14:36:05.158-0530][gc,heap      ] GC(1) Old regions: 2->7
[2018-07-26T14:36:05.158-0530][gc,heap      ] GC(1) Humongous regions: 1->1
[2018-07-26T14:36:05.158-0530][gc,metaspace ] GC(1) Metaspace: 15199K->15199K(1062912K)
[2018-07-26T14:36:05.158-0530][gc           ] GC(1) Pause Young (G1 Evacuation Pause) 27M->7M(512M) 12.303ms
[2018-07-26T14:36:05.158-0530][gc,cpu       ] GC(1) User=0.05s Sys=0.00s Real=0.01s
[2018-07-26T14:36:05.302-0530][gc,start     ] GC(2) Pause Young (G1 Evacuation Pause)
[2018-07-26T14:36:05.302-0530][gc,task      ] GC(2) Using 4 workers of 4 for evacuation
[2018-07-26T14:36:05.304-0530][gc,phases    ] GC(2)   Pre Evacuate Collection Set: 0.0ms
[2018-07-26T14:36:05.304-0530][gc,phases    ] GC(2)   Evacuate Collection Set: 1.1ms
[2018-07-26T14:36:05.304-0530][gc,phases    ] GC(2)   Post Evacuate Collection Set: 0.2ms
[2018-07-26T14:36:05.304-0530][gc,phases    ] GC(2)   Other: 0.3ms
[2018-07-26T14:36:05.304-0530][gc,heap      ] GC(2) Eden regions: 24->0(24)
[2018-07-26T14:36:05.304-0530][gc,heap      ] GC(2) Survivor regions: 1->1(4)
[2018-07-26T14:36:05.304-0530][gc,heap      ] GC(2) Old regions: 7->7
[2018-07-26T14:36:05.304-0530][gc,heap      ] GC(2) Humongous regions: 1->1
[2018-07-26T14:36:05.304-0530][gc,metaspace ] GC(2) Metaspace: 15199K->15199K(1062912K)
[2018-07-26T14:36:05.304-0530][gc           ] GC(2) Pause Young (G1 Evacuation Pause) 31M->7M(512M) 1.697ms
[2018-07-26T14:36:05.304-0530][gc,cpu       ] GC(2) User=0.01s Sys=0.00s Real=0.00s
[2018-07-26T14:36:05.444-0530][gc,start     ] GC(3) Pause Young (G1 Evacuation Pause)
[2018-07-26T14:36:05.444-0530][gc,task      ] GC(3) Using 4 workers of 4 for evacuation
[2018-07-26T14:36:05.445-0530][gc,phases    ] GC(3)   Pre Evacuate Collection Set: 0.0ms
[2018-07-26T14:36:05.445-0530][gc,phases    ] GC(3)   Evacuate Collection Set: 0.8ms
[2018-07-26T14:36:05.445-0530][gc,phases    ] GC(3)   Post Evacuate Collection Set: 0.2ms
[2018-07-26T14:36:05.445-0530][gc,phases    ] GC(3)   Other: 0.2ms
[2018-07-26T14:36:05.445-0530][gc,heap      ] GC(3) Eden regions: 24->0(24)
[2018-07-26T14:36:05.445-0530][gc,heap      ] GC(3) Survivor regions: 1->1(4)
[2018-07-26T14:36:05.445-0530][gc,heap      ] GC(3) Old regions: 7->7
[2018-07-26T14:36:05.445-0530][gc,heap      ] GC(3) Humongous regions: 1->1
[2018-07-26T14:36:05.446-0530][gc,metaspace ] GC(3) Metaspace: 15199K->15199K(1062912K)
[2018-07-26T14:36:05.446-0530][gc           ] GC(3) Pause Young (G1 Evacuation Pause) 31M->7M(512M) 1.472ms
[2018-07-26T14:36:05.446-0530][gc,cpu       ] GC(3) User=0.00s Sys=0.00s Real=0.00s
[2018-07-26T14:36:05.577-0530][gc,start     ] GC(4) Pause Young (G1 Evacuation Pause)
[2018-07-26T14:36:05.577-0530][gc,task      ] GC(4) Using 4 workers of 4 for evacuation
[2018-07-26T14:36:05.579-0530][gc,phases    ] GC(4)   Pre Evacuate Collection Set: 0.0ms
[2018-07-26T14:36:05.579-0530][gc,phases    ] GC(4)   Evacuate Collection Set: 1.1ms
[2018-07-26T14:36:05.579-0530][gc,phases    ] GC(4)   Post Evacuate Collection Set: 0.2ms
[2018-07-26T14:36:05.579-0530][gc,phases    ] GC(4)   Other: 0.2ms
[2018-07-26T14:36:05.579-0530][gc,heap      ] GC(4) Eden regions: 24->0(24)
[2018-07-26T14:36:05.579-0530][gc,heap      ] GC(4) Survivor regions: 1->1(4)
[2018-07-26T14:36:05.579-0530][gc,heap      ] GC(4) Old regions: 7->7
[2018-07-26T14:36:05.579-0530][gc,heap      ] GC(4) Humongous regions: 1->1
[2018-07-26T14:36:05.579-0530][gc,metaspace ] GC(4) Metaspace: 15199K->15199K(1062912K)
[2018-07-26T14:36:05.579-0530][gc           ] GC(4) Pause Young (G1 Evacuation Pause) 31M->7M(512M) 1.745ms
[2018-07-26T14:36:05.579-0530][gc,cpu       ] GC(4) User=0.01s Sys=0.00s Real=0.00s
[2018-07-26T14:36:05.712-0530][gc,start     ] GC(5) Pause Young (G1 Evacuation Pause)
[2018-07-26T14:36:05.712-0530][gc,task      ] GC(5) Using 4 workers of 4 for evacuation
[2018-07-26T14:36:05.713-0530][gc,phases    ] GC(5)   Pre Evacuate Collection Set: 0.0ms
[2018-07-26T14:36:05.713-0530][gc,phases    ] GC(5)   Evacuate Collection Set: 0.6ms
[2018-07-26T14:36:05.713-0530][gc,phases    ] GC(5)   Post Evacuate Collection Set: 0.1ms
[2018-07-26T14:36:05.713-0530][gc,phases    ] GC(5)   Other: 0.2ms
[2018-07-26T14:36:05.713-0530][gc,heap      ] GC(5) Eden regions: 24->0(24)
[2018-07-26T14:36:05.713-0530][gc,heap      ] GC(5) Survivor regions: 1->1(4)
[2018-07-26T14:36:05.713-0530][gc,heap      ] GC(5) Old regions: 7->7
[2018-07-26T14:36:05.713-0530][gc,heap      ] GC(5) Humongous regions: 1->1
[2018-07-26T14:36:05.713-0530][gc,metaspace ] GC(5) Metaspace: 15199K->15199K(1062912K)
[2018-07-26T14:36:05.713-0530][gc           ] GC(5) Pause Young (G1 Evacuation Pause) 31M->7M(512M) 1.172ms
[2018-07-26T14:36:05.714-0530][gc,cpu       ] GC(5) User=0.00s Sys=0.00s Real=0.00s
[2018-07-26T14:36:05.842-0530][gc,start     ] GC(6) Pause Young (G1 Evacuation Pause)
[2018-07-26T14:36:05.842-0530][gc,task      ] GC(6) Using 4 workers of 4 for evacuation
[2018-07-26T14:36:05.844-0530][gc,phases    ] GC(6)   Pre Evacuate Collection Set: 0.1ms
[2018-07-26T14:36:05.844-0530][gc,phases    ] GC(6)   Evacuate Collection Set: 0.9ms
[2018-07-26T14:36:05.844-0530][gc,phases    ] GC(6)   Post Evacuate Collection Set: 0.1ms
[2018-07-26T14:36:05.844-0530][gc,phases    ] GC(6)   Other: 0.2ms
[2018-07-26T14:36:05.844-0530][gc,heap      ] GC(6) Eden regions: 24->0(30)
[2018-07-26T14:36:05.844-0530][gc,heap      ] GC(6) Survivor regions: 1->1(4)
[2018-07-26T14:36:05.844-0530][gc,heap      ] GC(6) Old regions: 7->7
[2018-07-26T14:36:05.844-0530][gc,heap      ] GC(6) Humongous regions: 1->1
[2018-07-26T14:36:05.844-0530][gc,metaspace ] GC(6) Metaspace: 15199K->15199K(1062912K)
[2018-07-26T14:36:05.844-0530][gc           ] GC(6) Pause Young (G1 Evacuation Pause) 31M->7M(512M) 1.500ms
[2018-07-26T14:36:05.844-0530][gc,cpu       ] GC(6) User=0.01s Sys=0.00s Real=0.00s
[2018-07-26T14:36:06.013-0530][gc,start     ] GC(7) Pause Young (G1 Evacuation Pause)
[2018-07-26T14:36:06.013-0530][gc,task      ] GC(7) Using 4 workers of 4 for evacuation
[2018-07-26T14:36:06.014-0530][gc,phases    ] GC(7)   Pre Evacuate Collection Set: 0.0ms
[2018-07-26T14:36:06.014-0530][gc,phases    ] GC(7)   Evacuate Collection Set: 0.9ms
[2018-07-26T14:36:06.014-0530][gc,phases    ] GC(7)   Post Evacuate Collection Set: 0.1ms
[2018-07-26T14:36:06.014-0530][gc,phases    ] GC(7)   Other: 0.2ms
[2018-07-26T14:36:06.014-0530][gc,heap      ] GC(7) Eden regions: 30->0(43)
[2018-07-26T14:36:06.014-0530][gc,heap      ] GC(7) Survivor regions: 1->1(4)
[2018-07-26T14:36:06.014-0530][gc,heap      ] GC(7) Old regions: 7->7
[2018-07-26T14:36:06.014-0530][gc,heap      ] GC(7) Humongous regions: 1->1
[2018-07-26T14:36:06.014-0530][gc,metaspace ] GC(7) Metaspace: 15199K->15199K(1062912K)
[2018-07-26T14:36:06.014-0530][gc           ] GC(7) Pause Young (G1 Evacuation Pause) 37M->7M(512M) 1.439ms
[2018-07-26T14:36:06.014-0530][gc,cpu       ] GC(7) User=0.01s Sys=0.00s Real=0.00s
[2018-07-26T14:36:06.245-0530][gc,start     ] GC(8) Pause Young (G1 Evacuation Pause)
[2018-07-26T14:36:06.245-0530][gc,task      ] GC(8) Using 4 workers of 4 for evacuation
[2018-07-26T14:36:06.246-0530][gc,phases    ] GC(8)   Pre Evacuate Collection Set: 0.0ms
[2018-07-26T14:36:06.246-0530][gc,phases    ] GC(8)   Evacuate Collection Set: 0.9ms
[2018-07-26T14:36:06.246-0530][gc,phases    ] GC(8)   Post Evacuate Collection Set: 0.2ms
[2018-07-26T14:36:06.246-0530][gc,phases    ] GC(8)   Other: 0.2ms
[2018-07-26T14:36:06.246-0530][gc,heap      ] GC(8) Eden regions: 43->0(63)
[2018-07-26T14:36:06.246-0530][gc,heap      ] GC(8) Survivor regions: 1->1(6)
[2018-07-26T14:36:06.246-0530][gc,heap      ] GC(8) Old regions: 7->7
[2018-07-26T14:36:06.246-0530][gc,heap      ] GC(8) Humongous regions: 1->1
[2018-07-26T14:36:06.246-0530][gc,metaspace ] GC(8) Metaspace: 15199K->15199K(1062912K)
[2018-07-26T14:36:06.246-0530][gc           ] GC(8) Pause Young (G1 Evacuation Pause) 50M->7M(512M) 1.460ms
[2018-07-26T14:36:06.246-0530][gc,cpu       ] GC(8) User=0.01s Sys=0.00s Real=0.00s
[2018-07-26T14:36:06.624-0530][gc,start     ] GC(9) Pause Young (G1 Evacuation Pause)
[2018-07-26T14:36:06.624-0530][gc,task      ] GC(9) Using 4 workers of 4 for evacuation
[2018-07-26T14:36:06.626-0530][gc,phases    ] GC(9)   Pre Evacuate Collection Set: 0.0ms
[2018-07-26T14:36:06.626-0530][gc,phases    ] GC(9)   Evacuate Collection Set: 1.3ms
[2018-07-26T14:36:06.626-0530][gc,phases    ] GC(9)   Post Evacuate Collection Set: 0.2ms
[2018-07-26T14:36:06.626-0530][gc,phases    ] GC(9)   Other: 0.3ms
[2018-07-26T14:36:06.626-0530][gc,heap      ] GC(9) Eden regions: 63->0(87)
[2018-07-26T14:36:06.626-0530][gc,heap      ] GC(9) Survivor regions: 1->1(8)
[2018-07-26T14:36:06.626-0530][gc,heap      ] GC(9) Old regions: 7->7
[2018-07-26T14:36:06.626-0530][gc,heap      ] GC(9) Humongous regions: 1->1
[2018-07-26T14:36:06.626-0530][gc,metaspace ] GC(9) Metaspace: 15199K->15199K(1062912K)
[2018-07-26T14:36:06.626-0530][gc           ] GC(9) Pause Young (G1 Evacuation Pause) 70M->7M(512M) 2.066ms
[2018-07-26T14:36:06.626-0530][gc,cpu       ] GC(9) User=0.01s Sys=0.00s Real=0.00s
[2018-07-26T14:36:07.105-0530][gc,start     ] GC(10) Pause Young (G1 Evacuation Pause)
[2018-07-26T14:36:07.105-0530][gc,task      ] GC(10) Using 4 workers of 4 for evacuation
[2018-07-26T14:36:07.111-0530][gc,phases    ] GC(10)   Pre Evacuate Collection Set: 0.0ms
[2018-07-26T14:36:07.111-0530][gc,phases    ] GC(10)   Evacuate Collection Set: 5.1ms
[2018-07-26T14:36:07.111-0530][gc,phases    ] GC(10)   Post Evacuate Collection Set: 0.2ms
[2018-07-26T14:36:07.111-0530][gc,phases    ] GC(10)   Other: 0.3ms
[2018-07-26T14:36:07.111-0530][gc,heap      ] GC(10) Eden regions: 87->0(116)
[2018-07-26T14:36:07.111-0530][gc,heap      ] GC(10) Survivor regions: 1->1(11)
[2018-07-26T14:36:07.111-0530][gc,heap      ] GC(10) Old regions: 7->7
[2018-07-26T14:36:07.111-0530][gc,heap      ] GC(10) Humongous regions: 1->1
[2018-07-26T14:36:07.111-0530][gc,metaspace ] GC(10) Metaspace: 15200K->15200K(1062912K)
[2018-07-26T14:36:07.111-0530][gc           ] GC(10) Pause Young (G1 Evacuation Pause) 94M->7M(512M) 5.833ms
[2018-07-26T14:36:07.111-0530][gc,cpu       ] GC(10) User=0.01s Sys=0.00s Real=0.01s
[2018-07-26T14:36:07.771-0530][gc,start     ] GC(11) Pause Young (G1 Evacuation Pause)
[2018-07-26T14:36:07.771-0530][gc,task      ] GC(11) Using 4 workers of 4 for evacuation
[2018-07-26T14:36:07.772-0530][gc,phases    ] GC(11)   Pre Evacuate Collection Set: 0.0ms
[2018-07-26T14:36:07.772-0530][gc,phases    ] GC(11)   Evacuate Collection Set: 0.7ms
[2018-07-26T14:36:07.772-0530][gc,phases    ] GC(11)   Post Evacuate Collection Set: 0.2ms
[2018-07-26T14:36:07.772-0530][gc,phases    ] GC(11)   Other: 0.2ms
[2018-07-26T14:36:07.772-0530][gc,heap      ] GC(11) Eden regions: 116->0(148)
[2018-07-26T14:36:07.772-0530][gc,heap      ] GC(11) Survivor regions: 1->1(15)
[2018-07-26T14:36:07.772-0530][gc,heap      ] GC(11) Old regions: 7->7
[2018-07-26T14:36:07.772-0530][gc,heap      ] GC(11) Humongous regions: 1->1
[2018-07-26T14:36:07.772-0530][gc,metaspace ] GC(11) Metaspace: 15201K->15201K(1062912K)
[2018-07-26T14:36:07.772-0530][gc           ] GC(11) Pause Young (G1 Evacuation Pause) 123M->7M(512M) 1.343ms
[2018-07-26T14:36:07.772-0530][gc,cpu       ] GC(11) User=0.00s Sys=0.00s Real=0.00s
[2018-07-26T14:36:08.315-0530][gc,start     ] GC(12) Pause Young (G1 Evacuation Pause)
[2018-07-26T14:36:08.315-0530][gc,task      ] GC(12) Using 4 workers of 4 for evacuation
[2018-07-26T14:36:08.316-0530][gc,phases    ] GC(12)   Pre Evacuate Collection Set: 0.0ms
[2018-07-26T14:36:08.316-0530][gc,phases    ] GC(12)   Evacuate Collection Set: 0.7ms
[2018-07-26T14:36:08.316-0530][gc,phases    ] GC(12)   Post Evacuate Collection Set: 0.2ms
[2018-07-26T14:36:08.316-0530][gc,phases    ] GC(12)   Other: 0.2ms
[2018-07-26T14:36:08.316-0530][gc,heap      ] GC(12) Eden regions: 148->0(183)
[2018-07-26T14:36:08.316-0530][gc,heap      ] GC(12) Survivor regions: 1->1(19)
[2018-07-26T14:36:08.316-0530][gc,heap      ] GC(12) Old regions: 7->7
[2018-07-26T14:36:08.316-0530][gc,heap      ] GC(12) Humongous regions: 1->1
[2018-07-26T14:36:08.316-0530][gc,metaspace ] GC(12) Metaspace: 15201K->15201K(1062912K)
[2018-07-26T14:36:08.317-0530][gc           ] GC(12) Pause Young (G1 Evacuation Pause) 155M->7M(512M) 1.219ms
[2018-07-26T14:36:08.317-0530][gc,cpu       ] GC(12) User=0.00s Sys=0.00s Real=0.00s
[2018-07-26T14:36:09.002-0530][gc,start     ] GC(13) Pause Young (G1 Evacuation Pause)
[2018-07-26T14:36:09.002-0530][gc,task      ] GC(13) Using 4 workers of 4 for evacuation
[2018-07-26T14:36:09.004-0530][gc,phases    ] GC(13)   Pre Evacuate Collection Set: 0.0ms
[2018-07-26T14:36:09.004-0530][gc,phases    ] GC(13)   Evacuate Collection Set: 1.4ms
[2018-07-26T14:36:09.004-0530][gc,phases    ] GC(13)   Post Evacuate Collection Set: 0.2ms
[2018-07-26T14:36:09.004-0530][gc,phases    ] GC(13)   Other: 0.2ms
[2018-07-26T14:36:09.004-0530][gc,heap      ] GC(13) Eden regions: 183->0(218)
[2018-07-26T14:36:09.004-0530][gc,heap      ] GC(13) Survivor regions: 1->1(23)
[2018-07-26T14:36:09.004-0530][gc,heap      ] GC(13) Old regions: 7->7
[2018-07-26T14:36:09.004-0530][gc,heap      ] GC(13) Humongous regions: 1->1
[2018-07-26T14:36:09.004-0530][gc,metaspace ] GC(13) Metaspace: 15216K->15216K(1062912K)
[2018-07-26T14:36:09.004-0530][gc           ] GC(13) Pause Young (G1 Evacuation Pause) 190M->7M(512M) 2.028ms
[2018-07-26T14:36:09.004-0530][gc,cpu       ] GC(13) User=0.01s Sys=0.00s Real=0.00s
[2018-07-26T14:36:09.888-0530][gc,start     ] GC(14) Pause Young (G1 Evacuation Pause)
[2018-07-26T14:36:09.888-0530][gc,task      ] GC(14) Using 4 workers of 4 for evacuation
[2018-07-26T14:36:09.890-0530][gc,phases    ] GC(14)   Pre Evacuate Collection Set: 0.0ms
[2018-07-26T14:36:09.890-0530][gc,phases    ] GC(14)   Evacuate Collection Set: 1.0ms
[2018-07-26T14:36:09.890-0530][gc,phases    ] GC(14)   Post Evacuate Collection Set: 0.3ms
[2018-07-26T14:36:09.890-0530][gc,phases    ] GC(14)   Other: 0.4ms
[2018-07-26T14:36:09.890-0530][gc,heap      ] GC(14) Eden regions: 218->0(256)
[2018-07-26T14:36:09.890-0530][gc,heap      ] GC(14) Survivor regions: 1->1(28)
[2018-07-26T14:36:09.890-0530][gc,heap      ] GC(14) Old regions: 7->7
[2018-07-26T14:36:09.890-0530][gc,heap      ] GC(14) Humongous regions: 1->1
[2018-07-26T14:36:09.890-0530][gc,metaspace ] GC(14) Metaspace: 15216K->15216K(1062912K)
[2018-07-26T14:36:09.890-0530][gc           ] GC(14) Pause Young (G1 Evacuation Pause) 225M->7M(512M) 2.055ms
[2018-07-26T14:36:09.890-0530][gc,cpu       ] GC(14) User=0.00s Sys=0.00s Real=0.01s
[2018-07-26T14:36:11.064-0530][gc,start     ] GC(15) Pause Young (G1 Evacuation Pause)
[2018-07-26T14:36:11.064-0530][gc,task      ] GC(15) Using 4 workers of 4 for evacuation
[2018-07-26T14:36:11.065-0530][gc,phases    ] GC(15)   Pre Evacuate Collection Set: 0.0ms
[2018-07-26T14:36:11.065-0530][gc,phases    ] GC(15)   Evacuate Collection Set: 0.7ms
[2018-07-26T14:36:11.065-0530][gc,phases    ] GC(15)   Post Evacuate Collection Set: 0.3ms
[2018-07-26T14:36:11.065-0530][gc,phases    ] GC(15)   Other: 0.2ms
[2018-07-26T14:36:11.065-0530][gc,heap      ] GC(15) Eden regions: 256->0(295)
[2018-07-26T14:36:11.065-0530][gc,heap      ] GC(15) Survivor regions: 1->1(33)
[2018-07-26T14:36:11.065-0530][gc,heap      ] GC(15) Old regions: 7->7
[2018-07-26T14:36:11.065-0530][gc,heap      ] GC(15) Humongous regions: 1->1
[2018-07-26T14:36:11.065-0530][gc,metaspace ] GC(15) Metaspace: 15216K->15216K(1062912K)
[2018-07-26T14:36:11.065-0530][gc           ] GC(15) Pause Young (G1 Evacuation Pause) 263M->7M(512M) 1.370ms
[2018-07-26T14:36:11.066-0530][gc,cpu       ] GC(15) User=0.01s Sys=0.00s Real=0.00s
[2018-07-26T14:36:12.094-0530][gc,start     ] GC(16) Pause Young (G1 Evacuation Pause)
[2018-07-26T14:36:12.094-0530][gc,task      ] GC(16) Using 4 workers of 4 for evacuation
[2018-07-26T14:36:12.096-0530][gc,phases    ] GC(16)   Pre Evacuate Collection Set: 0.1ms
[2018-07-26T14:36:12.096-0530][gc,phases    ] GC(16)   Evacuate Collection Set: 1.0ms
[2018-07-26T14:36:12.096-0530][gc,phases    ] GC(16)   Post Evacuate Collection Set: 0.3ms
[2018-07-26T14:36:12.096-0530][gc,phases    ] GC(16)   Other: 0.3ms
[2018-07-26T14:36:12.096-0530][gc,heap      ] GC(16) Eden regions: 295->0(306)
[2018-07-26T14:36:12.096-0530][gc,heap      ] GC(16) Survivor regions: 1->1(37)
[2018-07-26T14:36:12.096-0530][gc,heap      ] GC(16) Old regions: 7->7
[2018-07-26T14:36:12.096-0530][gc,heap      ] GC(16) Humongous regions: 1->1
[2018-07-26T14:36:12.096-0530][gc,metaspace ] GC(16) Metaspace: 15216K->15216K(1062912K)
[2018-07-26T14:36:12.096-0530][gc           ] GC(16) Pause Young (G1 Evacuation Pause) 302M->7M(512M) 1.750ms
[2018-07-26T14:36:12.096-0530][gc,cpu       ] GC(16) User=0.01s Sys=0.00s Real=0.00s
[2018-07-26T14:36:13.157-0530][gc,start     ] GC(17) Pause Young (G1 Evacuation Pause)
[2018-07-26T14:36:13.157-0530][gc,task      ] GC(17) Using 4 workers of 4 for evacuation
[2018-07-26T14:36:13.158-0530][gc,phases    ] GC(17)   Pre Evacuate Collection Set: 0.0ms
[2018-07-26T14:36:13.158-0530][gc,phases    ] GC(17)   Evacuate Collection Set: 0.7ms
[2018-07-26T14:36:13.158-0530][gc,phases    ] GC(17)   Post Evacuate Collection Set: 0.3ms
[2018-07-26T14:36:13.159-0530][gc,phases    ] GC(17)   Other: 0.2ms
[2018-07-26T14:36:13.159-0530][gc,heap      ] GC(17) Eden regions: 306->0(306)
[2018-07-26T14:36:13.159-0530][gc,heap      ] GC(17) Survivor regions: 1->1(39)
[2018-07-26T14:36:13.159-0530][gc,heap      ] GC(17) Old regions: 7->7
[2018-07-26T14:36:13.159-0530][gc,heap      ] GC(17) Humongous regions: 1->1
[2018-07-26T14:36:13.159-0530][gc,metaspace ] GC(17) Metaspace: 15216K->15216K(1062912K)
[2018-07-26T14:36:13.159-0530][gc           ] GC(17) Pause Young (G1 Evacuation Pause) 313M->7M(512M) 1.503ms
[2018-07-26T14:36:13.159-0530][gc,cpu       ] GC(17) User=0.00s Sys=0.00s Real=0.00s
[2018-07-26T14:36:14.245-0530][gc,start     ] GC(18) Pause Young (G1 Evacuation Pause)
[2018-07-26T14:36:14.245-0530][gc,task      ] GC(18) Using 4 workers of 4 for evacuation
[2018-07-26T14:36:14.246-0530][gc,phases    ] GC(18)   Pre Evacuate Collection Set: 0.0ms
[2018-07-26T14:36:14.246-0530][gc,phases    ] GC(18)   Evacuate Collection Set: 0.5ms
[2018-07-26T14:36:14.246-0530][gc,phases    ] GC(18)   Post Evacuate Collection Set: 0.3ms
[2018-07-26T14:36:14.246-0530][gc,phases    ] GC(18)   Other: 0.2ms
[2018-07-26T14:36:14.246-0530][gc,heap      ] GC(18) Eden regions: 306->0(306)
[2018-07-26T14:36:14.246-0530][gc,heap      ] GC(18) Survivor regions: 1->1(39)
[2018-07-26T14:36:14.246-0530][gc,heap      ] GC(18) Old regions: 7->7
[2018-07-26T14:36:14.246-0530][gc,heap      ] GC(18) Humongous regions: 1->1
[2018-07-26T14:36:14.246-0530][gc,metaspace ] GC(18) Metaspace: 15216K->15216K(1062912K)
[2018-07-26T14:36:14.246-0530][gc           ] GC(18) Pause Young (G1 Evacuation Pause) 313M->7M(512M) 1.140ms
[2018-07-26T14:36:14.246-0530][gc,cpu       ] GC(18) User=0.00s Sys=0.00s Real=0.00s
[2018-07-26T14:36:15.364-0530][gc,start     ] GC(19) Pause Young (G1 Evacuation Pause)
[2018-07-26T14:36:15.364-0530][gc,task      ] GC(19) Using 4 workers of 4 for evacuation
[2018-07-26T14:36:15.365-0530][gc,phases    ] GC(19)   Pre Evacuate Collection Set: 0.0ms
[2018-07-26T14:36:15.365-0530][gc,phases    ] GC(19)   Evacuate Collection Set: 0.7ms
[2018-07-26T14:36:15.365-0530][gc,phases    ] GC(19)   Post Evacuate Collection Set: 0.3ms
[2018-07-26T14:36:15.365-0530][gc,phases    ] GC(19)   Other: 0.2ms
[2018-07-26T14:36:15.365-0530][gc,heap      ] GC(19) Eden regions: 306->0(306)
[2018-07-26T14:36:15.365-0530][gc,heap      ] GC(19) Survivor regions: 1->1(39)
[2018-07-26T14:36:15.365-0530][gc,heap      ] GC(19) Old regions: 7->7
[2018-07-26T14:36:15.365-0530][gc,heap      ] GC(19) Humongous regions: 1->1
[2018-07-26T14:36:15.365-0530][gc,metaspace ] GC(19) Metaspace: 15216K->15216K(1062912K)
[2018-07-26T14:36:15.365-0530][gc           ] GC(19) Pause Young (G1 Evacuation Pause) 313M->7M(512M) 1.312ms
[2018-07-26T14:36:15.365-0530][gc,cpu       ] GC(19) User=0.00s Sys=0.00s Real=0.00s
[2018-07-26T14:36:16.422-0530][gc,start     ] GC(20) Pause Young (G1 Evacuation Pause)
[2018-07-26T14:36:16.422-0530][gc,task      ] GC(20) Using 4 workers of 4 for evacuation
[2018-07-26T14:36:16.423-0530][gc,phases    ] GC(20)   Pre Evacuate Collection Set: 0.0ms
[2018-07-26T14:36:16.423-0530][gc,phases    ] GC(20)   Evacuate Collection Set: 0.5ms
[2018-07-26T14:36:16.423-0530][gc,phases    ] GC(20)   Post Evacuate Collection Set: 0.3ms
[2018-07-26T14:36:16.423-0530][gc,phases    ] GC(20)   Other: 0.2ms
[2018-07-26T14:36:16.423-0530][gc,heap      ] GC(20) Eden regions: 306->0(306)
[2018-07-26T14:36:16.423-0530][gc,heap      ] GC(20) Survivor regions: 1->1(39)
[2018-07-26T14:36:16.423-0530][gc,heap      ] GC(20) Old regions: 7->7
[2018-07-26T14:36:16.423-0530][gc,heap      ] GC(20) Humongous regions: 1->1
[2018-07-26T14:36:16.423-0530][gc,metaspace ] GC(20) Metaspace: 15216K->15216K(1062912K)
[2018-07-26T14:36:16.423-0530][gc           ] GC(20) Pause Young (G1 Evacuation Pause) 313M->7M(512M) 1.134ms
[2018-07-26T14:36:16.423-0530][gc,cpu       ] GC(20) User=0.00s Sys=0.00s Real=0.00s
[2018-07-26T14:36:17.467-0530][gc,start     ] GC(21) Pause Young (G1 Evacuation Pause)
[2018-07-26T14:36:17.467-0530][gc,task      ] GC(21) Using 4 workers of 4 for evacuation
[2018-07-26T14:36:17.468-0530][gc,phases    ] GC(21)   Pre Evacuate Collection Set: 0.0ms
[2018-07-26T14:36:17.468-0530][gc,phases    ] GC(21)   Evacuate Collection Set: 0.5ms
[2018-07-26T14:36:17.468-0530][gc,phases    ] GC(21)   Post Evacuate Collection Set: 0.3ms
[2018-07-26T14:36:17.468-0530][gc,phases    ] GC(21)   Other: 0.2ms
[2018-07-26T14:36:17.468-0530][gc,heap      ] GC(21) Eden regions: 306->0(306)
[2018-07-26T14:36:17.468-0530][gc,heap      ] GC(21) Survivor regions: 1->1(39)
[2018-07-26T14:36:17.468-0530][gc,heap      ] GC(21) Old regions: 7->7
[2018-07-26T14:36:17.468-0530][gc,heap      ] GC(21) Humongous regions: 1->1
[2018-07-26T14:36:17.468-0530][gc,metaspace ] GC(21) Metaspace: 15216K->15216K(1062912K)
[2018-07-26T14:36:17.468-0530][gc           ] GC(21) Pause Young (G1 Evacuation Pause) 313M->7M(512M) 1.157ms
[2018-07-26T14:36:17.468-0530][gc,cpu       ] GC(21) User=0.00s Sys=0.00s Real=0.00s
[2018-07-26T14:36:18.513-0530][gc,start     ] GC(22) Pause Young (G1 Evacuation Pause)
[2018-07-26T14:36:18.513-0530][gc,task      ] GC(22) Using 4 workers of 4 for evacuation
[2018-07-26T14:36:18.514-0530][gc,phases    ] GC(22)   Pre Evacuate Collection Set: 0.0ms
[2018-07-26T14:36:18.514-0530][gc,phases    ] GC(22)   Evacuate Collection Set: 0.5ms
[2018-07-26T14:36:18.514-0530][gc,phases    ] GC(22)   Post Evacuate Collection Set: 0.3ms
[2018-07-26T14:36:18.514-0530][gc,phases    ] GC(22)   Other: 0.2ms
[2018-07-26T14:36:18.514-0530][gc,heap      ] GC(22) Eden regions: 306->0(306)
[2018-07-26T14:36:18.514-0530][gc,heap      ] GC(22) Survivor regions: 1->1(39)
[2018-07-26T14:36:18.514-0530][gc,heap      ] GC(22) Old regions: 7->7
[2018-07-26T14:36:18.514-0530][gc,heap      ] GC(22) Humongous regions: 1->1
[2018-07-26T14:36:18.514-0530][gc,metaspace ] GC(22) Metaspace: 15216K->15216K(1062912K)
[2018-07-26T14:36:18.514-0530][gc           ] GC(22) Pause Young (G1 Evacuation Pause) 313M->7M(512M) 1.197ms
[2018-07-26T14:36:18.514-0530][gc,cpu       ] GC(22) User=0.00s Sys=0.00s Real=0.00s
[2018-07-26T14:36:19.550-0530][gc,start     ] GC(23) Pause Young (G1 Evacuation Pause)
[2018-07-26T14:36:19.550-0530][gc,task      ] GC(23) Using 4 workers of 4 for evacuation
[2018-07-26T14:36:19.552-0530][gc,phases    ] GC(23)   Pre Evacuate Collection Set: 0.0ms
[2018-07-26T14:36:19.552-0530][gc,phases    ] GC(23)   Evacuate Collection Set: 0.9ms
[2018-07-26T14:36:19.552-0530][gc,phases    ] GC(23)   Post Evacuate Collection Set: 0.3ms
[2018-07-26T14:36:19.552-0530][gc,phases    ] GC(23)   Other: 0.3ms
[2018-07-26T14:36:19.552-0530][gc,heap      ] GC(23) Eden regions: 306->0(306)
[2018-07-26T14:36:19.552-0530][gc,heap      ] GC(23) Survivor regions: 1->1(39)
[2018-07-26T14:36:19.552-0530][gc,heap      ] GC(23) Old regions: 7->7
[2018-07-26T14:36:19.552-0530][gc,heap      ] GC(23) Humongous regions: 1->1
[2018-07-26T14:36:19.552-0530][gc,metaspace ] GC(23) Metaspace: 15216K->15216K(1062912K)
[2018-07-26T14:36:19.552-0530][gc           ] GC(23) Pause Young (G1 Evacuation Pause) 313M->7M(512M) 1.603ms
[2018-07-26T14:36:19.552-0530][gc,cpu       ] GC(23) User=0.01s Sys=0.00s Real=0.00s
[2018-07-26T14:36:20.555-0530][gc,start     ] GC(24) Pause Young (G1 Evacuation Pause)
[2018-07-26T14:36:20.556-0530][gc,task      ] GC(24) Using 4 workers of 4 for evacuation
[2018-07-26T14:36:20.557-0530][gc,phases    ] GC(24)   Pre Evacuate Collection Set: 0.0ms
[2018-07-26T14:36:20.557-0530][gc,phases    ] GC(24)   Evacuate Collection Set: 0.5ms
[2018-07-26T14:36:20.557-0530][gc,phases    ] GC(24)   Post Evacuate Collection Set: 0.3ms
[2018-07-26T14:36:20.557-0530][gc,phases    ] GC(24)   Other: 0.2ms
[2018-07-26T14:36:20.557-0530][gc,heap      ] GC(24) Eden regions: 306->0(306)
[2018-07-26T14:36:20.557-0530][gc,heap      ] GC(24) Survivor regions: 1->1(39)
[2018-07-26T14:36:20.557-0530][gc,heap      ] GC(24) Old regions: 7->7
[2018-07-26T14:36:20.557-0530][gc,heap      ] GC(24) Humongous regions: 1->1
[2018-07-26T14:36:20.557-0530][gc,metaspace ] GC(24) Metaspace: 15216K->15216K(1062912K)
[2018-07-26T14:36:20.557-0530][gc           ] GC(24) Pause Young (G1 Evacuation Pause) 313M->7M(512M) 1.182ms
[2018-07-26T14:36:20.557-0530][gc,cpu       ] GC(24) User=0.00s Sys=0.00s Real=0.00s
[2018-07-26T14:36:21.590-0530][gc,start     ] GC(25) Pause Young (G1 Evacuation Pause)
[2018-07-26T14:36:21.590-0530][gc,task      ] GC(25) Using 4 workers of 4 for evacuation
[2018-07-26T14:36:21.591-0530][gc,phases    ] GC(25)   Pre Evacuate Collection Set: 0.0ms
[2018-07-26T14:36:21.591-0530][gc,phases    ] GC(25)   Evacuate Collection Set: 0.5ms
[2018-07-26T14:36:21.591-0530][gc,phases    ] GC(25)   Post Evacuate Collection Set: 0.3ms
[2018-07-26T14:36:21.591-0530][gc,phases    ] GC(25)   Other: 0.2ms
[2018-07-26T14:36:21.591-0530][gc,heap      ] GC(25) Eden regions: 306->0(306)
[2018-07-26T14:36:21.591-0530][gc,heap      ] GC(25) Survivor regions: 1->1(39)
[2018-07-26T14:36:21.591-0530][gc,heap      ] GC(25) Old regions: 7->7
[2018-07-26T14:36:21.591-0530][gc,heap      ] GC(25) Humongous regions: 1->1
[2018-07-26T14:36:21.591-0530][gc,metaspace ] GC(25) Metaspace: 15216K->15216K(1062912K)
[2018-07-26T14:36:21.591-0530][gc           ] GC(25) Pause Young (G1 Evacuation Pause) 313M->7M(512M) 1.194ms
[2018-07-26T14:36:21.591-0530][gc,cpu       ] GC(25) User=0.00s Sys=0.00s Real=0.00s
[2018-07-26T14:36:22.624-0530][gc,start     ] GC(26) Pause Young (G1 Evacuation Pause)
[2018-07-26T14:36:22.624-0530][gc,task      ] GC(26) Using 4 workers of 4 for evacuation
[2018-07-26T14:36:22.625-0530][gc,phases    ] GC(26)   Pre Evacuate Collection Set: 0.0ms
[2018-07-26T14:36:22.625-0530][gc,phases    ] GC(26)   Evacuate Collection Set: 0.5ms
[2018-07-26T14:36:22.625-0530][gc,phases    ] GC(26)   Post Evacuate Collection Set: 0.3ms
[2018-07-26T14:36:22.625-0530][gc,phases    ] GC(26)   Other: 0.2ms
[2018-07-26T14:36:22.625-0530][gc,heap      ] GC(26) Eden regions: 306->0(306)
[2018-07-26T14:36:22.625-0530][gc,heap      ] GC(26) Survivor regions: 1->1(39)
[2018-07-26T14:36:22.625-0530][gc,heap      ] GC(26) Old regions: 7->7
[2018-07-26T14:36:22.625-0530][gc,heap      ] GC(26) Humongous regions: 1->1
[2018-07-26T14:36:22.625-0530][gc,metaspace ] GC(26) Metaspace: 15216K->15216K(1062912K)
[2018-07-26T14:36:22.625-0530][gc           ] GC(26) Pause Young (G1 Evacuation Pause) 313M->7M(512M) 1.147ms
[2018-07-26T14:36:22.625-0530][gc,cpu       ] GC(26) User=0.00s Sys=0.00s Real=0.00s
[2018-07-26T14:36:23.656-0530][gc,start     ] GC(27) Pause Young (G1 Evacuation Pause)
[2018-07-26T14:36:23.656-0530][gc,task      ] GC(27) Using 4 workers of 4 for evacuation
[2018-07-26T14:36:23.657-0530][gc,phases    ] GC(27)   Pre Evacuate Collection Set: 0.0ms
[2018-07-26T14:36:23.657-0530][gc,phases    ] GC(27)   Evacuate Collection Set: 0.5ms
[2018-07-26T14:36:23.657-0530][gc,phases    ] GC(27)   Post Evacuate Collection Set: 0.3ms
[2018-07-26T14:36:23.657-0530][gc,phases    ] GC(27)   Other: 0.2ms
[2018-07-26T14:36:23.657-0530][gc,heap      ] GC(27) Eden regions: 306->0(306)
[2018-07-26T14:36:23.657-0530][gc,heap      ] GC(27) Survivor regions: 1->1(39)
[2018-07-26T14:36:23.657-0530][gc,heap      ] GC(27) Old regions: 7->7
[2018-07-26T14:36:23.657-0530][gc,heap      ] GC(27) Humongous regions: 1->1
[2018-07-26T14:36:23.657-0530][gc,metaspace ] GC(27) Metaspace: 15217K->15217K(1062912K)
[2018-07-26T14:36:23.657-0530][gc           ] GC(27) Pause Young (G1 Evacuation Pause) 313M->7M(512M) 1.148ms
[2018-07-26T14:36:23.657-0530][gc,cpu       ] GC(27) User=0.00s Sys=0.00s Real=0.00s
[2018-07-26T14:36:24.703-0530][gc,start     ] GC(28) Pause Young (G1 Evacuation Pause)
[2018-07-26T14:36:24.703-0530][gc,task      ] GC(28) Using 4 workers of 4 for evacuation
[2018-07-26T14:36:24.704-0530][gc,phases    ] GC(28)   Pre Evacuate Collection Set: 0.0ms
[2018-07-26T14:36:24.704-0530][gc,phases    ] GC(28)   Evacuate Collection Set: 0.7ms
[2018-07-26T14:36:24.704-0530][gc,phases    ] GC(28)   Post Evacuate Collection Set: 0.5ms
[2018-07-26T14:36:24.704-0530][gc,phases    ] GC(28)   Other: 0.2ms
[2018-07-26T14:36:24.704-0530][gc,heap      ] GC(28) Eden regions: 306->0(306)
[2018-07-26T14:36:24.704-0530][gc,heap      ] GC(28) Survivor regions: 1->1(39)
[2018-07-26T14:36:24.704-0530][gc,heap      ] GC(28) Old regions: 7->7
[2018-07-26T14:36:24.704-0530][gc,heap      ] GC(28) Humongous regions: 1->1
[2018-07-26T14:36:24.704-0530][gc,metaspace ] GC(28) Metaspace: 15217K->15217K(1062912K)
[2018-07-26T14:36:24.704-0530][gc           ] GC(28) Pause Young (G1 Evacuation Pause) 313M->7M(512M) 1.596ms
[2018-07-26T14:36:24.704-0530][gc,cpu       ] GC(28) User=0.01s Sys=0.00s Real=0.00s
[2018-07-26T14:36:25.735-0530][gc,start     ] GC(29) Pause Young (G1 Evacuation Pause)
[2018-07-26T14:36:25.735-0530][gc,task      ] GC(29) Using 4 workers of 4 for evacuation
[2018-07-26T14:36:25.736-0530][gc,phases    ] GC(29)   Pre Evacuate Collection Set: 0.0ms
[2018-07-26T14:36:25.736-0530][gc,phases    ] GC(29)   Evacuate Collection Set: 0.4ms
[2018-07-26T14:36:25.736-0530][gc,phases    ] GC(29)   Post Evacuate Collection Set: 0.3ms
[2018-07-26T14:36:25.736-0530][gc,phases    ] GC(29)   Other: 0.2ms
[2018-07-26T14:36:25.736-0530][gc,heap      ] GC(29) Eden regions: 306->0(306)
[2018-07-26T14:36:25.736-0530][gc,heap      ] GC(29) Survivor regions: 1->1(39)
[2018-07-26T14:36:25.736-0530][gc,heap      ] GC(29) Old regions: 7->7
[2018-07-26T14:36:25.736-0530][gc,heap      ] GC(29) Humongous regions: 1->1
[2018-07-26T14:36:25.736-0530][gc,metaspace ] GC(29) Metaspace: 15217K->15217K(1062912K)
[2018-07-26T14:36:25.736-0530][gc           ] GC(29) Pause Young (G1 Evacuation Pause) 313M->7M(512M) 1.079ms
[2018-07-26T14:36:25.736-0530][gc,cpu       ] GC(29) User=0.00s Sys=0.00s Real=0.00s
[2018-07-26T14:36:26.761-0530][gc,start     ] GC(30) Pause Young (G1 Evacuation Pause)
[2018-07-26T14:36:26.761-0530][gc,task      ] GC(30) Using 4 workers of 4 for evacuation
[2018-07-26T14:36:26.762-0530][gc,phases    ] GC(30)   Pre Evacuate Collection Set: 0.0ms
[2018-07-26T14:36:26.762-0530][gc,phases    ] GC(30)   Evacuate Collection Set: 0.4ms
[2018-07-26T14:36:26.762-0530][gc,phases    ] GC(30)   Post Evacuate Collection Set: 0.3ms
[2018-07-26T14:36:26.762-0530][gc,phases    ] GC(30)   Other: 0.2ms
[2018-07-26T14:36:26.762-0530][gc,heap      ] GC(30) Eden regions: 306->0(306)
[2018-07-26T14:36:26.762-0530][gc,heap      ] GC(30) Survivor regions: 1->1(39)
[2018-07-26T14:36:26.762-0530][gc,heap      ] GC(30) Old regions: 7->7
[2018-07-26T14:36:26.762-0530][gc,heap      ] GC(30) Humongous regions: 1->1
[2018-07-26T14:36:26.762-0530][gc,metaspace ] GC(30) Metaspace: 15217K->15217K(1062912K)
[2018-07-26T14:36:26.762-0530][gc           ] GC(30) Pause Young (G1 Evacuation Pause) 313M->7M(512M) 1.063ms
[2018-07-26T14:36:26.762-0530][gc,cpu       ] GC(30) User=0.00s Sys=0.00s Real=0.00s
[2018-07-26T14:36:27.801-0530][gc,start     ] GC(31) Pause Young (G1 Evacuation Pause)
[2018-07-26T14:36:27.802-0530][gc,task      ] GC(31) Using 4 workers of 4 for evacuation
[2018-07-26T14:36:27.802-0530][gc,phases    ] GC(31)   Pre Evacuate Collection Set: 0.0ms
[2018-07-26T14:36:27.802-0530][gc,phases    ] GC(31)   Evacuate Collection Set: 0.4ms
[2018-07-26T14:36:27.802-0530][gc,phases    ] GC(31)   Post Evacuate Collection Set: 0.3ms
[2018-07-26T14:36:27.802-0530][gc,phases    ] GC(31)   Other: 0.2ms
[2018-07-26T14:36:27.802-0530][gc,heap      ] GC(31) Eden regions: 306->0(306)
[2018-07-26T14:36:27.802-0530][gc,heap      ] GC(31) Survivor regions: 1->1(39)
[2018-07-26T14:36:27.802-0530][gc,heap      ] GC(31) Old regions: 7->7
[2018-07-26T14:36:27.802-0530][gc,heap      ] GC(31) Humongous regions: 1->1
[2018-07-26T14:36:27.802-0530][gc,metaspace ] GC(31) Metaspace: 15217K->15217K(1062912K)
[2018-07-26T14:36:27.803-0530][gc           ] GC(31) Pause Young (G1 Evacuation Pause) 313M->7M(512M) 1.051ms
[2018-07-26T14:36:27.803-0530][gc,cpu       ] GC(31) User=0.01s Sys=0.00s Real=0.00s
[2018-07-26T14:36:28.831-0530][gc,start     ] GC(32) Pause Young (G1 Evacuation Pause)
[2018-07-26T14:36:28.831-0530][gc,task      ] GC(32) Using 4 workers of 4 for evacuation
[2018-07-26T14:36:28.833-0530][gc,phases    ] GC(32)   Pre Evacuate Collection Set: 0.0ms
[2018-07-26T14:36:28.833-0530][gc,phases    ] GC(32)   Evacuate Collection Set: 0.7ms
[2018-07-26T14:36:28.833-0530][gc,phases    ] GC(32)   Post Evacuate Collection Set: 0.3ms
[2018-07-26T14:36:28.833-0530][gc,phases    ] GC(32)   Other: 0.2ms
[2018-07-26T14:36:28.833-0530][gc,heap      ] GC(32) Eden regions: 306->0(306)
[2018-07-26T14:36:28.833-0530][gc,heap      ] GC(32) Survivor regions: 1->1(39)
[2018-07-26T14:36:28.833-0530][gc,heap      ] GC(32) Old regions: 7->7
[2018-07-26T14:36:28.833-0530][gc,heap      ] GC(32) Humongous regions: 1->1
[2018-07-26T14:36:28.833-0530][gc,metaspace ] GC(32) Metaspace: 15217K->15217K(1062912K)
[2018-07-26T14:36:28.833-0530][gc           ] GC(32) Pause Young (G1 Evacuation Pause) 313M->7M(512M) 1.349ms
[2018-07-26T14:36:28.833-0530][gc,cpu       ] GC(32) User=0.00s Sys=0.00s Real=0.00s
[2018-07-26T14:36:29.868-0530][gc,start     ] GC(33) Pause Young (G1 Evacuation Pause)
[2018-07-26T14:36:29.868-0530][gc,task      ] GC(33) Using 4 workers of 4 for evacuation
[2018-07-26T14:36:29.869-0530][gc,phases    ] GC(33)   Pre Evacuate Collection Set: 0.0ms
[2018-07-26T14:36:29.869-0530][gc,phases    ] GC(33)   Evacuate Collection Set: 0.4ms
[2018-07-26T14:36:29.869-0530][gc,phases    ] GC(33)   Post Evacuate Collection Set: 0.3ms
[2018-07-26T14:36:29.869-0530][gc,phases    ] GC(33)   Other: 0.2ms
[2018-07-26T14:36:29.869-0530][gc,heap      ] GC(33) Eden regions: 306->0(306)
[2018-07-26T14:36:29.869-0530][gc,heap      ] GC(33) Survivor regions: 1->1(39)
[2018-07-26T14:36:29.869-0530][gc,heap      ] GC(33) Old regions: 7->7
[2018-07-26T14:36:29.869-0530][gc,heap      ] GC(33) Humongous regions: 1->1
[2018-07-26T14:36:29.869-0530][gc,metaspace ] GC(33) Metaspace: 15217K->15217K(1062912K)
[2018-07-26T14:36:29.869-0530][gc           ] GC(33) Pause Young (G1 Evacuation Pause) 313M->7M(512M) 1.106ms
[2018-07-26T14:36:29.869-0530][gc,cpu       ] GC(33) User=0.00s Sys=0.00s Real=0.00s
[2018-07-26T14:36:30.899-0530][gc,start     ] GC(34) Pause Young (G1 Evacuation Pause)
[2018-07-26T14:36:30.899-0530][gc,task      ] GC(34) Using 4 workers of 4 for evacuation
[2018-07-26T14:36:30.900-0530][gc,phases    ] GC(34)   Pre Evacuate Collection Set: 0.0ms
[2018-07-26T14:36:30.900-0530][gc,phases    ] GC(34)   Evacuate Collection Set: 0.4ms
[2018-07-26T14:36:30.900-0530][gc,phases    ] GC(34)   Post Evacuate Collection Set: 0.3ms
[2018-07-26T14:36:30.900-0530][gc,phases    ] GC(34)   Other: 0.2ms
[2018-07-26T14:36:30.900-0530][gc,heap      ] GC(34) Eden regions: 306->0(306)
[2018-07-26T14:36:30.900-0530][gc,heap      ] GC(34) Survivor regions: 1->1(39)
[2018-07-26T14:36:30.900-0530][gc,heap      ] GC(34) Old regions: 7->7
[2018-07-26T14:36:30.900-0530][gc,heap      ] GC(34) Humongous regions: 1->1
[2018-07-26T14:36:30.900-0530][gc,metaspace ] GC(34) Metaspace: 15217K->15217K(1062912K)
[2018-07-26T14:36:30.900-0530][gc           ] GC(34) Pause Young (G1 Evacuation Pause) 313M->7M(512M) 1.055ms
[2018-07-26T14:36:30.900-0530][gc,cpu       ] GC(34) User=0.00s Sys=0.00s Real=0.01s
[2018-07-26T14:36:31.932-0530][gc,start     ] GC(35) Pause Young (G1 Evacuation Pause)
[2018-07-26T14:36:31.932-0530][gc,task      ] GC(35) Using 4 workers of 4 for evacuation
[2018-07-26T14:36:31.933-0530][gc,phases    ] GC(35)   Pre Evacuate Collection Set: 0.0ms
[2018-07-26T14:36:31.933-0530][gc,phases    ] GC(35)   Evacuate Collection Set: 0.4ms
[2018-07-26T14:36:31.933-0530][gc,phases    ] GC(35)   Post Evacuate Collection Set: 0.4ms
[2018-07-26T14:36:31.933-0530][gc,phases    ] GC(35)   Other: 0.4ms
[2018-07-26T14:36:31.933-0530][gc,heap      ] GC(35) Eden regions: 306->0(306)
[2018-07-26T14:36:31.934-0530][gc,heap      ] GC(35) Survivor regions: 1->1(39)
[2018-07-26T14:36:31.934-0530][gc,heap      ] GC(35) Old regions: 7->7
[2018-07-26T14:36:31.934-0530][gc,heap      ] GC(35) Humongous regions: 1->1
[2018-07-26T14:36:31.934-0530][gc,metaspace ] GC(35) Metaspace: 15217K->15217K(1062912K)
[2018-07-26T14:36:31.934-0530][gc           ] GC(35) Pause Young (G1 Evacuation Pause) 313M->7M(512M) 1.364ms
[2018-07-26T14:36:31.934-0530][gc,cpu       ] GC(35) User=0.01s Sys=0.00s Real=0.00s
[2018-07-26T14:36:32.956-0530][gc,start     ] GC(36) Pause Young (G1 Evacuation Pause)
[2018-07-26T14:36:32.956-0530][gc,task      ] GC(36) Using 4 workers of 4 for evacuation
[2018-07-26T14:36:32.957-0530][gc,phases    ] GC(36)   Pre Evacuate Collection Set: 0.0ms
[2018-07-26T14:36:32.957-0530][gc,phases    ] GC(36)   Evacuate Collection Set: 0.4ms
[2018-07-26T14:36:32.957-0530][gc,phases    ] GC(36)   Post Evacuate Collection Set: 0.3ms
[2018-07-26T14:36:32.957-0530][gc,phases    ] GC(36)   Other: 0.2ms
[2018-07-26T14:36:32.957-0530][gc,heap      ] GC(36) Eden regions: 306->0(306)
[2018-07-26T14:36:32.957-0530][gc,heap      ] GC(36) Survivor regions: 1->1(39)
[2018-07-26T14:36:32.957-0530][gc,heap      ] GC(36) Old regions: 7->7
[2018-07-26T14:36:32.957-0530][gc,heap      ] GC(36) Humongous regions: 1->1
[2018-07-26T14:36:32.957-0530][gc,metaspace ] GC(36) Metaspace: 15217K->15217K(1062912K)
[2018-07-26T14:36:32.957-0530][gc           ] GC(36) Pause Young (G1 Evacuation Pause) 313M->7M(512M) 1.081ms
[2018-07-26T14:36:32.957-0530][gc,cpu       ] GC(36) User=0.00s Sys=0.00s Real=0.00s
[2018-07-26T14:36:33.981-0530][gc,start     ] GC(37) Pause Young (G1 Evacuation Pause)
[2018-07-26T14:36:33.981-0530][gc,task      ] GC(37) Using 4 workers of 4 for evacuation
[2018-07-26T14:36:33.982-0530][gc,phases    ] GC(37)   Pre Evacuate Collection Set: 0.0ms
[2018-07-26T14:36:33.982-0530][gc,phases    ] GC(37)   Evacuate Collection Set: 0.4ms
[2018-07-26T14:36:33.982-0530][gc,phases    ] GC(37)   Post Evacuate Collection Set: 0.3ms
[2018-07-26T14:36:33.982-0530][gc,phases    ] GC(37)   Other: 0.2ms
[2018-07-26T14:36:33.982-0530][gc,heap      ] GC(37) Eden regions: 306->0(306)
[2018-07-26T14:36:33.982-0530][gc,heap      ] GC(37) Survivor regions: 1->1(39)
[2018-07-26T14:36:33.982-0530][gc,heap      ] GC(37) Old regions: 7->7
[2018-07-26T14:36:33.982-0530][gc,heap      ] GC(37) Humongous regions: 1->1
[2018-07-26T14:36:33.982-0530][gc,metaspace ] GC(37) Metaspace: 15217K->15217K(1062912K)
[2018-07-26T14:36:33.982-0530][gc           ] GC(37) Pause Young (G1 Evacuation Pause) 313M->7M(512M) 1.083ms
[2018-07-26T14:36:33.982-0530][gc,cpu       ] GC(37) User=0.01s Sys=0.00s Real=0.00s
[2018-07-26T14:36:35.002-0530][gc,start     ] GC(38) Pause Young (G1 Evacuation Pause)
[2018-07-26T14:36:35.002-0530][gc,task      ] GC(38) Using 4 workers of 4 for evacuation
[2018-07-26T14:36:35.003-0530][gc,phases    ] GC(38)   Pre Evacuate Collection Set: 0.0ms
[2018-07-26T14:36:35.003-0530][gc,phases    ] GC(38)   Evacuate Collection Set: 0.4ms
[2018-07-26T14:36:35.003-0530][gc,phases    ] GC(38)   Post Evacuate Collection Set: 0.3ms
[2018-07-26T14:36:35.003-0530][gc,phases    ] GC(38)   Other: 0.2ms
[2018-07-26T14:36:35.003-0530][gc,heap      ] GC(38) Eden regions: 306->0(306)
[2018-07-26T14:36:35.003-0530][gc,heap      ] GC(38) Survivor regions: 1->1(39)
[2018-07-26T14:36:35.003-0530][gc,heap      ] GC(38) Old regions: 7->7
[2018-07-26T14:36:35.003-0530][gc,heap      ] GC(38) Humongous regions: 1->1
[2018-07-26T14:36:35.003-0530][gc,metaspace ] GC(38) Metaspace: 15217K->15217K(1062912K)
[2018-07-26T14:36:35.003-0530][gc           ] GC(38) Pause Young (G1 Evacuation Pause) 313M->7M(512M) 1.051ms
[2018-07-26T14:36:35.003-0530][gc,cpu       ] GC(38) User=0.00s Sys=0.00s Real=0.00s
[2018-07-26T14:36:36.101-0530][gc,start     ] GC(39) Pause Young (G1 Evacuation Pause)
[2018-07-26T14:36:36.101-0530][gc,task      ] GC(39) Using 4 workers of 4 for evacuation
[2018-07-26T14:36:36.102-0530][gc,phases    ] GC(39)   Pre Evacuate Collection Set: 0.0ms
[2018-07-26T14:36:36.102-0530][gc,phases    ] GC(39)   Evacuate Collection Set: 0.4ms
[2018-07-26T14:36:36.102-0530][gc,phases    ] GC(39)   Post Evacuate Collection Set: 0.3ms
[2018-07-26T14:36:36.102-0530][gc,phases    ] GC(39)   Other: 0.2ms
[2018-07-26T14:36:36.102-0530][gc,heap      ] GC(39) Eden regions: 306->0(306)
[2018-07-26T14:36:36.102-0530][gc,heap      ] GC(39) Survivor regions: 1->1(39)
[2018-07-26T14:36:36.102-0530][gc,heap      ] GC(39) Old regions: 7->7
[2018-07-26T14:36:36.102-0530][gc,heap      ] GC(39) Humongous regions: 1->1
[2018-07-26T14:36:36.102-0530][gc,metaspace ] GC(39) Metaspace: 15217K->15217K(1062912K)
[2018-07-26T14:36:36.102-0530][gc           ] GC(39) Pause Young (G1 Evacuation Pause) 313M->7M(512M) 1.056ms
[2018-07-26T14:36:36.103-0530][gc,cpu       ] GC(39) User=0.00s Sys=0.00s Real=0.00s
[2018-07-26T14:36:37.184-0530][gc,start     ] GC(40) Pause Young (G1 Evacuation Pause)
[2018-07-26T14:36:37.184-0530][gc,task      ] GC(40) Using 4 workers of 4 for evacuation
[2018-07-26T14:36:37.185-0530][gc,phases    ] GC(40)   Pre Evacuate Collection Set: 0.0ms
[2018-07-26T14:36:37.185-0530][gc,phases    ] GC(40)   Evacuate Collection Set: 0.4ms
[2018-07-26T14:36:37.185-0530][gc,phases    ] GC(40)   Post Evacuate Collection Set: 0.3ms
[2018-07-26T14:36:37.185-0530][gc,phases    ] GC(40)   Other: 0.2ms
[2018-07-26T14:36:37.185-0530][gc,heap      ] GC(40) Eden regions: 306->0(306)
[2018-07-26T14:36:37.185-0530][gc,heap      ] GC(40) Survivor regions: 1->1(39)
[2018-07-26T14:36:37.185-0530][gc,heap      ] GC(40) Old regions: 7->7
[2018-07-26T14:36:37.185-0530][gc,heap      ] GC(40) Humongous regions: 1->1
[2018-07-26T14:36:37.185-0530][gc,metaspace ] GC(40) Metaspace: 15217K->15217K(1062912K)
[2018-07-26T14:36:37.185-0530][gc           ] GC(40) Pause Young (G1 Evacuation Pause) 313M->7M(512M) 1.097ms
[2018-07-26T14:36:37.185-0530][gc,cpu       ] GC(40) User=0.00s Sys=0.00s Real=0.00s
[2018-07-26T14:36:38.243-0530][gc,start     ] GC(41) Pause Young (G1 Evacuation Pause)
[2018-07-26T14:36:38.243-0530][gc,task      ] GC(41) Using 4 workers of 4 for evacuation
[2018-07-26T14:36:38.244-0530][gc,phases    ] GC(41)   Pre Evacuate Collection Set: 0.0ms
[2018-07-26T14:36:38.244-0530][gc,phases    ] GC(41)   Evacuate Collection Set: 1.0ms
[2018-07-26T14:36:38.244-0530][gc,phases    ] GC(41)   Post Evacuate Collection Set: 0.3ms
[2018-07-26T14:36:38.244-0530][gc,phases    ] GC(41)   Other: 0.2ms
[2018-07-26T14:36:38.244-0530][gc,heap      ] GC(41) Eden regions: 306->0(306)
[2018-07-26T14:36:38.244-0530][gc,heap      ] GC(41) Survivor regions: 1->1(39)
[2018-07-26T14:36:38.244-0530][gc,heap      ] GC(41) Old regions: 7->7
[2018-07-26T14:36:38.244-0530][gc,heap      ] GC(41) Humongous regions: 1->1
[2018-07-26T14:36:38.244-0530][gc,metaspace ] GC(41) Metaspace: 15217K->15217K(1062912K)
[2018-07-26T14:36:38.245-0530][gc           ] GC(41) Pause Young (G1 Evacuation Pause) 313M->7M(512M) 1.839ms
[2018-07-26T14:36:38.245-0530][gc,cpu       ] GC(41) User=0.00s Sys=0.00s Real=0.00s
[2018-07-26T14:36:39.345-0530][gc,start     ] GC(42) Pause Young (G1 Evacuation Pause)
[2018-07-26T14:36:39.345-0530][gc,task      ] GC(42) Using 4 workers of 4 for evacuation
[2018-07-26T14:36:39.347-0530][gc,phases    ] GC(42)   Pre Evacuate Collection Set: 0.0ms
[2018-07-26T14:36:39.347-0530][gc,phases    ] GC(42)   Evacuate Collection Set: 0.8ms
[2018-07-26T14:36:39.347-0530][gc,phases    ] GC(42)   Post Evacuate Collection Set: 0.3ms
[2018-07-26T14:36:39.347-0530][gc,phases    ] GC(42)   Other: 0.2ms
[2018-07-26T14:36:39.347-0530][gc,heap      ] GC(42) Eden regions: 306->0(306)
[2018-07-26T14:36:39.347-0530][gc,heap      ] GC(42) Survivor regions: 1->1(39)
[2018-07-26T14:36:39.347-0530][gc,heap      ] GC(42) Old regions: 7->7
[2018-07-26T14:36:39.347-0530][gc,heap      ] GC(42) Humongous regions: 1->1
[2018-07-26T14:36:39.347-0530][gc,metaspace ] GC(42) Metaspace: 15217K->15217K(1062912K)
[2018-07-26T14:36:39.347-0530][gc           ] GC(42) Pause Young (G1 Evacuation Pause) 313M->7M(512M) 1.656ms
[2018-07-26T14:36:39.347-0530][gc,cpu       ] GC(42) User=0.01s Sys=0.00s Real=0.00s
[2018-07-26T14:36:40.576-0530][gc,start     ] GC(43) Pause Young (G1 Evacuation Pause)
[2018-07-26T14:36:40.576-0530][gc,task      ] GC(43) Using 4 workers of 4 for evacuation
[2018-07-26T14:36:40.578-0530][gc,phases    ] GC(43)   Pre Evacuate Collection Set: 0.0ms
[2018-07-26T14:36:40.578-0530][gc,phases    ] GC(43)   Evacuate Collection Set: 1.0ms
[2018-07-26T14:36:40.578-0530][gc,phases    ] GC(43)   Post Evacuate Collection Set: 0.3ms
[2018-07-26T14:36:40.578-0530][gc,phases    ] GC(43)   Other: 0.2ms
[2018-07-26T14:36:40.578-0530][gc,heap      ] GC(43) Eden regions: 306->0(306)
[2018-07-26T14:36:40.578-0530][gc,heap      ] GC(43) Survivor regions: 1->1(39)
[2018-07-26T14:36:40.578-0530][gc,heap      ] GC(43) Old regions: 7->7
[2018-07-26T14:36:40.578-0530][gc,heap      ] GC(43) Humongous regions: 1->1
[2018-07-26T14:36:40.578-0530][gc,metaspace ] GC(43) Metaspace: 15218K->15218K(1062912K)
[2018-07-26T14:36:40.578-0530][gc           ] GC(43) Pause Young (G1 Evacuation Pause) 313M->7M(512M) 1.730ms
[2018-07-26T14:36:40.578-0530][gc,cpu       ] GC(43) User=0.00s Sys=0.00s Real=0.00s
[2018-07-26T14:36:41.587-0530][gc,start     ] GC(44) Pause Young (G1 Evacuation Pause)
[2018-07-26T14:36:41.587-0530][gc,task      ] GC(44) Using 4 workers of 4 for evacuation
[2018-07-26T14:36:41.588-0530][gc,phases    ] GC(44)   Pre Evacuate Collection Set: 0.0ms
[2018-07-26T14:36:41.588-0530][gc,phases    ] GC(44)   Evacuate Collection Set: 0.7ms
[2018-07-26T14:36:41.588-0530][gc,phases    ] GC(44)   Post Evacuate Collection Set: 0.3ms
[2018-07-26T14:36:41.588-0530][gc,phases    ] GC(44)   Other: 0.2ms
[2018-07-26T14:36:41.588-0530][gc,heap      ] GC(44) Eden regions: 306->0(306)
[2018-07-26T14:36:41.588-0530][gc,heap      ] GC(44) Survivor regions: 1->1(39)
[2018-07-26T14:36:41.588-0530][gc,heap      ] GC(44) Old regions: 7->7
[2018-07-26T14:36:41.588-0530][gc,heap      ] GC(44) Humongous regions: 1->1
[2018-07-26T14:36:41.588-0530][gc,metaspace ] GC(44) Metaspace: 15218K->15218K(1062912K)
[2018-07-26T14:36:41.588-0530][gc           ] GC(44) Pause Young (G1 Evacuation Pause) 313M->7M(512M) 1.345ms
[2018-07-26T14:36:41.588-0530][gc,cpu       ] GC(44) User=0.00s Sys=0.00s Real=0.00s
[2018-07-26T14:36:46.303-0530][gc,start     ] GC(45) Pause Young (G1 Evacuation Pause)
[2018-07-26T14:36:46.303-0530][gc,task      ] GC(45) Using 4 workers of 4 for evacuation
[2018-07-26T14:36:46.304-0530][gc,phases    ] GC(45)   Pre Evacuate Collection Set: 0.0ms
[2018-07-26T14:36:46.304-0530][gc,phases    ] GC(45)   Evacuate Collection Set: 0.6ms
[2018-07-26T14:36:46.304-0530][gc,phases    ] GC(45)   Post Evacuate Collection Set: 0.3ms
[2018-07-26T14:36:46.304-0530][gc,phases    ] GC(45)   Other: 0.2ms
[2018-07-26T14:36:46.304-0530][gc,heap      ] GC(45) Eden regions: 306->0(306)
[2018-07-26T14:36:46.304-0530][gc,heap      ] GC(45) Survivor regions: 1->1(39)
[2018-07-26T14:36:46.304-0530][gc,heap      ] GC(45) Old regions: 7->7
[2018-07-26T14:36:46.304-0530][gc,heap      ] GC(45) Humongous regions: 1->1
[2018-07-26T14:36:46.304-0530][gc,metaspace ] GC(45) Metaspace: 15218K->15218K(1062912K)
[2018-07-26T14:36:46.304-0530][gc           ] GC(45) Pause Young (G1 Evacuation Pause) 313M->7M(512M) 1.377ms
[2018-07-26T14:36:46.304-0530][gc,cpu       ] GC(45) User=0.01s Sys=0.00s Real=0.00s
[2018-07-26T14:36:51.175-0530][gc,start     ] GC(46) Pause Young (G1 Evacuation Pause)
[2018-07-26T14:36:51.175-0530][gc,task      ] GC(46) Using 4 workers of 4 for evacuation
[2018-07-26T14:36:51.176-0530][gc,phases    ] GC(46)   Pre Evacuate Collection Set: 0.0ms
[2018-07-26T14:36:51.176-0530][gc,phases    ] GC(46)   Evacuate Collection Set: 0.4ms
[2018-07-26T14:36:51.176-0530][gc,phases    ] GC(46)   Post Evacuate Collection Set: 0.3ms
[2018-07-26T14:36:51.176-0530][gc,phases    ] GC(46)   Other: 0.2ms
[2018-07-26T14:36:51.176-0530][gc,heap      ] GC(46) Eden regions: 306->0(306)
[2018-07-26T14:36:51.176-0530][gc,heap      ] GC(46) Survivor regions: 1->1(39)
[2018-07-26T14:36:51.176-0530][gc,heap      ] GC(46) Old regions: 7->7
[2018-07-26T14:36:51.176-0530][gc,heap      ] GC(46) Humongous regions: 1->1
[2018-07-26T14:36:51.176-0530][gc,metaspace ] GC(46) Metaspace: 15218K->15218K(1062912K)
[2018-07-26T14:36:51.176-0530][gc           ] GC(46) Pause Young (G1 Evacuation Pause) 313M->7M(512M) 1.052ms
[2018-07-26T14:36:51.176-0530][gc,cpu       ] GC(46) User=0.00s Sys=0.00s Real=0.00s
[2018-07-26T14:36:52.159-0530][gc,start     ] GC(47) Pause Young (G1 Evacuation Pause)
[2018-07-26T14:36:52.159-0530][gc,task      ] GC(47) Using 4 workers of 4 for evacuation
[2018-07-26T14:36:52.160-0530][gc,phases    ] GC(47)   Pre Evacuate Collection Set: 0.0ms
[2018-07-26T14:36:52.160-0530][gc,phases    ] GC(47)   Evacuate Collection Set: 0.4ms
[2018-07-26T14:36:52.160-0530][gc,phases    ] GC(47)   Post Evacuate Collection Set: 0.3ms
[2018-07-26T14:36:52.160-0530][gc,phases    ] GC(47)   Other: 0.2ms
[2018-07-26T14:36:52.160-0530][gc,heap      ] GC(47) Eden regions: 306->0(306)
[2018-07-26T14:36:52.160-0530][gc,heap      ] GC(47) Survivor regions: 1->1(39)
[2018-07-26T14:36:52.160-0530][gc,heap      ] GC(47) Old regions: 7->7
[2018-07-26T14:36:52.160-0530][gc,heap      ] GC(47) Humongous regions: 1->1
[2018-07-26T14:36:52.160-0530][gc,metaspace ] GC(47) Metaspace: 15218K->15218K(1062912K)
[2018-07-26T14:36:52.160-0530][gc           ] GC(47) Pause Young (G1 Evacuation Pause) 313M->7M(512M) 1.050ms
[2018-07-26T14:36:52.160-0530][gc,cpu       ] GC(47) User=0.01s Sys=0.00s Real=0.01s
[2018-07-26T14:36:53.145-0530][gc,start     ] GC(48) Pause Young (G1 Evacuation Pause)
[2018-07-26T14:36:53.145-0530][gc,task      ] GC(48) Using 4 workers of 4 for evacuation
[2018-07-26T14:36:53.146-0530][gc,phases    ] GC(48)   Pre Evacuate Collection Set: 0.0ms
[2018-07-26T14:36:53.146-0530][gc,phases    ] GC(48)   Evacuate Collection Set: 0.4ms
[2018-07-26T14:36:53.146-0530][gc,phases    ] GC(48)   Post Evacuate Collection Set: 0.3ms
[2018-07-26T14:36:53.146-0530][gc,phases    ] GC(48)   Other: 0.2ms
[2018-07-26T14:36:53.146-0530][gc,heap      ] GC(48) Eden regions: 306->0(306)
[2018-07-26T14:36:53.146-0530][gc,heap      ] GC(48) Survivor regions: 1->1(39)
[2018-07-26T14:36:53.146-0530][gc,heap      ] GC(48) Old regions: 7->7
[2018-07-26T14:36:53.146-0530][gc,heap      ] GC(48) Humongous regions: 1->1
[2018-07-26T14:36:53.146-0530][gc,metaspace ] GC(48) Metaspace: 15218K->15218K(1062912K)
[2018-07-26T14:36:53.146-0530][gc           ] GC(48) Pause Young (G1 Evacuation Pause) 313M->7M(512M) 1.051ms
[2018-07-26T14:36:53.146-0530][gc,cpu       ] GC(48) User=0.00s Sys=0.00s Real=0.00s
[2018-07-26T14:36:54.099-0530][gc,start     ] GC(49) Pause Young (G1 Evacuation Pause)
[2018-07-26T14:36:54.099-0530][gc,task      ] GC(49) Using 4 workers of 4 for evacuation
[2018-07-26T14:36:54.100-0530][gc,phases    ] GC(49)   Pre Evacuate Collection Set: 0.0ms
[2018-07-26T14:36:54.100-0530][gc,phases    ] GC(49)   Evacuate Collection Set: 0.4ms
[2018-07-26T14:36:54.100-0530][gc,phases    ] GC(49)   Post Evacuate Collection Set: 0.3ms
[2018-07-26T14:36:54.100-0530][gc,phases    ] GC(49)   Other: 0.2ms
[2018-07-26T14:36:54.100-0530][gc,heap      ] GC(49) Eden regions: 306->0(306)
[2018-07-26T14:36:54.100-0530][gc,heap      ] GC(49) Survivor regions: 1->1(39)
[2018-07-26T14:36:54.100-0530][gc,heap      ] GC(49) Old regions: 7->7
[2018-07-26T14:36:54.100-0530][gc,heap      ] GC(49) Humongous regions: 1->1
[2018-07-26T14:36:54.100-0530][gc,metaspace ] GC(49) Metaspace: 15218K->15218K(1062912K)
[2018-07-26T14:36:54.100-0530][gc           ] GC(49) Pause Young (G1 Evacuation Pause) 313M->7M(512M) 1.039ms
[2018-07-26T14:36:54.100-0530][gc,cpu       ] GC(49) User=0.00s Sys=0.00s Real=0.01s
[2018-07-26T14:36:55.063-0530][gc,start     ] GC(50) Pause Young (G1 Evacuation Pause)
[2018-07-26T14:36:55.064-0530][gc,task      ] GC(50) Using 4 workers of 4 for evacuation
[2018-07-26T14:36:55.064-0530][gc,phases    ] GC(50)   Pre Evacuate Collection Set: 0.0ms
[2018-07-26T14:36:55.064-0530][gc,phases    ] GC(50)   Evacuate Collection Set: 0.4ms
[2018-07-26T14:36:55.064-0530][gc,phases    ] GC(50)   Post Evacuate Collection Set: 0.3ms
[2018-07-26T14:36:55.064-0530][gc,phases    ] GC(50)   Other: 0.2ms
[2018-07-26T14:36:55.064-0530][gc,heap      ] GC(50) Eden regions: 306->0(306)
[2018-07-26T14:36:55.064-0530][gc,heap      ] GC(50) Survivor regions: 1->1(39)
[2018-07-26T14:36:55.064-0530][gc,heap      ] GC(50) Old regions: 7->7
[2018-07-26T14:36:55.064-0530][gc,heap      ] GC(50) Humongous regions: 1->1
[2018-07-26T14:36:55.065-0530][gc,metaspace ] GC(50) Metaspace: 15218K->15218K(1062912K)
[2018-07-26T14:36:55.065-0530][gc           ] GC(50) Pause Young (G1 Evacuation Pause) 313M->7M(512M) 1.040ms
[2018-07-26T14:36:55.065-0530][gc,cpu       ] GC(50) User=0.01s Sys=0.00s Real=0.00s
[2018-07-26T14:36:56.044-0530][gc,start     ] GC(51) Pause Young (G1 Evacuation Pause)
[2018-07-26T14:36:56.044-0530][gc,task      ] GC(51) Using 4 workers of 4 for evacuation
[2018-07-26T14:36:56.045-0530][gc,phases    ] GC(51)   Pre Evacuate Collection Set: 0.0ms
[2018-07-26T14:36:56.045-0530][gc,phases    ] GC(51)   Evacuate Collection Set: 0.4ms
[2018-07-26T14:36:56.045-0530][gc,phases    ] GC(51)   Post Evacuate Collection Set: 0.3ms
[2018-07-26T14:36:56.045-0530][gc,phases    ] GC(51)   Other: 0.2ms
[2018-07-26T14:36:56.045-0530][gc,heap      ] GC(51) Eden regions: 306->0(306)
[2018-07-26T14:36:56.045-0530][gc,heap      ] GC(51) Survivor regions: 1->1(39)
[2018-07-26T14:36:56.045-0530][gc,heap      ] GC(51) Old regions: 7->7
[2018-07-26T14:36:56.045-0530][gc,heap      ] GC(51) Humongous regions: 1->1
[2018-07-26T14:36:56.045-0530][gc,metaspace ] GC(51) Metaspace: 15218K->15218K(1062912K)
[2018-07-26T14:36:56.045-0530][gc           ] GC(51) Pause Young (G1 Evacuation Pause) 313M->7M(512M) 1.053ms
[2018-07-26T14:36:56.045-0530][gc,cpu       ] GC(51) User=0.00s Sys=0.00s Real=0.00s
[2018-07-26T14:36:57.025-0530][gc,start     ] GC(52) Pause Young (G1 Evacuation Pause)
[2018-07-26T14:36:57.025-0530][gc,task      ] GC(52) Using 4 workers of 4 for evacuation
[2018-07-26T14:36:57.026-0530][gc,phases    ] GC(52)   Pre Evacuate Collection Set: 0.0ms
[2018-07-26T14:36:57.026-0530][gc,phases    ] GC(52)   Evacuate Collection Set: 0.6ms
[2018-07-26T14:36:57.026-0530][gc,phases    ] GC(52)   Post Evacuate Collection Set: 0.3ms
[2018-07-26T14:36:57.026-0530][gc,phases    ] GC(52)   Other: 0.2ms
[2018-07-26T14:36:57.026-0530][gc,heap      ] GC(52) Eden regions: 306->0(306)
[2018-07-26T14:36:57.026-0530][gc,heap      ] GC(52) Survivor regions: 1->1(39)
[2018-07-26T14:36:57.026-0530][gc,heap      ] GC(52) Old regions: 7->7
[2018-07-26T14:36:57.026-0530][gc,heap      ] GC(52) Humongous regions: 1->1
[2018-07-26T14:36:57.026-0530][gc,metaspace ] GC(52) Metaspace: 15218K->15218K(1062912K)
[2018-07-26T14:36:57.026-0530][gc           ] GC(52) Pause Young (G1 Evacuation Pause) 313M->7M(512M) 1.211ms
[2018-07-26T14:36:57.026-0530][gc,cpu       ] GC(52) User=0.00s Sys=0.00s Real=0.00s
[2018-07-26T14:36:58.002-0530][gc,start     ] GC(53) Pause Young (G1 Evacuation Pause)
[2018-07-26T14:36:58.002-0530][gc,task      ] GC(53) Using 4 workers of 4 for evacuation
[2018-07-26T14:36:58.003-0530][gc,phases    ] GC(53)   Pre Evacuate Collection Set: 0.0ms
[2018-07-26T14:36:58.003-0530][gc,phases    ] GC(53)   Evacuate Collection Set: 0.6ms
[2018-07-26T14:36:58.003-0530][gc,phases    ] GC(53)   Post Evacuate Collection Set: 0.3ms
[2018-07-26T14:36:58.003-0530][gc,phases    ] GC(53)   Other: 0.2ms
[2018-07-26T14:36:58.003-0530][gc,heap      ] GC(53) Eden regions: 306->0(306)
[2018-07-26T14:36:58.003-0530][gc,heap      ] GC(53) Survivor regions: 1->1(39)
[2018-07-26T14:36:58.003-0530][gc,heap      ] GC(53) Old regions: 7->7
[2018-07-26T14:36:58.003-0530][gc,heap      ] GC(53) Humongous regions: 1->1
[2018-07-26T14:36:58.003-0530][gc,metaspace ] GC(53) Metaspace: 15218K->15218K(1062912K)
[2018-07-26T14:36:58.003-0530][gc           ] GC(53) Pause Young (G1 Evacuation Pause) 313M->7M(512M) 1.277ms
[2018-07-26T14:36:58.003-0530][gc,cpu       ] GC(53) User=0.00s Sys=0.00s Real=0.00s
[2018-07-26T14:36:58.952-0530][gc,start     ] GC(54) Pause Young (G1 Evacuation Pause)
[2018-07-26T14:36:58.952-0530][gc,task      ] GC(54) Using 4 workers of 4 for evacuation
[2018-07-26T14:36:58.953-0530][gc,phases    ] GC(54)   Pre Evacuate Collection Set: 0.0ms
[2018-07-26T14:36:58.953-0530][gc,phases    ] GC(54)   Evacuate Collection Set: 0.4ms
[2018-07-26T14:36:58.953-0530][gc,phases    ] GC(54)   Post Evacuate Collection Set: 0.3ms
[2018-07-26T14:36:58.953-0530][gc,phases    ] GC(54)   Other: 0.2ms
[2018-07-26T14:36:58.953-0530][gc,heap      ] GC(54) Eden regions: 306->0(306)
[2018-07-26T14:36:58.953-0530][gc,heap      ] GC(54) Survivor regions: 1->1(39)
[2018-07-26T14:36:58.953-0530][gc,heap      ] GC(54) Old regions: 7->7
[2018-07-26T14:36:58.953-0530][gc,heap      ] GC(54) Humongous regions: 1->1
[2018-07-26T14:36:58.953-0530][gc,metaspace ] GC(54) Metaspace: 15218K->15218K(1062912K)
[2018-07-26T14:36:58.953-0530][gc           ] GC(54) Pause Young (G1 Evacuation Pause) 313M->7M(512M) 1.032ms
[2018-07-26T14:36:58.953-0530][gc,cpu       ] GC(54) User=0.01s Sys=0.00s Real=0.00s
[2018-07-26T14:36:59.947-0530][gc,start     ] GC(55) Pause Young (G1 Evacuation Pause)
[2018-07-26T14:36:59.947-0530][gc,task      ] GC(55) Using 4 workers of 4 for evacuation
[2018-07-26T14:36:59.948-0530][gc,phases    ] GC(55)   Pre Evacuate Collection Set: 0.0ms
[2018-07-26T14:36:59.948-0530][gc,phases    ] GC(55)   Evacuate Collection Set: 0.4ms
[2018-07-26T14:36:59.948-0530][gc,phases    ] GC(55)   Post Evacuate Collection Set: 0.3ms
[2018-07-26T14:36:59.948-0530][gc,phases    ] GC(55)   Other: 0.2ms
[2018-07-26T14:36:59.948-0530][gc,heap      ] GC(55) Eden regions: 306->0(306)
[2018-07-26T14:36:59.948-0530][gc,heap      ] GC(55) Survivor regions: 1->1(39)
[2018-07-26T14:36:59.948-0530][gc,heap      ] GC(55) Old regions: 7->7
[2018-07-26T14:36:59.948-0530][gc,heap      ] GC(55) Humongous regions: 1->1
[2018-07-26T14:36:59.948-0530][gc,metaspace ] GC(55) Metaspace: 15218K->15218K(1062912K)
[2018-07-26T14:36:59.948-0530][gc           ] GC(55) Pause Young (G1 Evacuation Pause) 313M->7M(512M) 1.053ms
[2018-07-26T14:36:59.948-0530][gc,cpu       ] GC(55) User=0.00s Sys=0.00s Real=0.00s
[2018-07-26T14:37:00.936-0530][gc,start     ] GC(56) Pause Young (G1 Evacuation Pause)
[2018-07-26T14:37:00.936-0530][gc,task      ] GC(56) Using 4 workers of 4 for evacuation
[2018-07-26T14:37:00.937-0530][gc,phases    ] GC(56)   Pre Evacuate Collection Set: 0.0ms
[2018-07-26T14:37:00.937-0530][gc,phases    ] GC(56)   Evacuate Collection Set: 0.4ms
[2018-07-26T14:37:00.937-0530][gc,phases    ] GC(56)   Post Evacuate Collection Set: 0.3ms
[2018-07-26T14:37:00.937-0530][gc,phases    ] GC(56)   Other: 0.2ms
[2018-07-26T14:37:00.937-0530][gc,heap      ] GC(56) Eden regions: 306->0(306)
[2018-07-26T14:37:00.937-0530][gc,heap      ] GC(56) Survivor regions: 1->1(39)
[2018-07-26T14:37:00.937-0530][gc,heap      ] GC(56) Old regions: 7->7
[2018-07-26T14:37:00.937-0530][gc,heap      ] GC(56) Humongous regions: 1->1
[2018-07-26T14:37:00.937-0530][gc,metaspace ] GC(56) Metaspace: 15218K->15218K(1062912K)
[2018-07-26T14:37:00.937-0530][gc           ] GC(56) Pause Young (G1 Evacuation Pause) 313M->7M(512M) 1.052ms
[2018-07-26T14:37:00.937-0530][gc,cpu       ] GC(56) User=0.00s Sys=0.00s Real=0.00s
[2018-07-26T14:37:01.914-0530][gc,start     ] GC(57) Pause Young (G1 Evacuation Pause)
[2018-07-26T14:37:01.914-0530][gc,task      ] GC(57) Using 4 workers of 4 for evacuation
[2018-07-26T14:37:01.915-0530][gc,phases    ] GC(57)   Pre Evacuate Collection Set: 0.0ms
[2018-07-26T14:37:01.915-0530][gc,phases    ] GC(57)   Evacuate Collection Set: 0.4ms
[2018-07-26T14:37:01.915-0530][gc,phases    ] GC(57)   Post Evacuate Collection Set: 0.3ms
[2018-07-26T14:37:01.915-0530][gc,phases    ] GC(57)   Other: 0.2ms
[2018-07-26T14:37:01.915-0530][gc,heap      ] GC(57) Eden regions: 306->0(306)
[2018-07-26T14:37:01.915-0530][gc,heap      ] GC(57) Survivor regions: 1->1(39)
[2018-07-26T14:37:01.915-0530][gc,heap      ] GC(57) Old regions: 7->7
[2018-07-26T14:37:01.915-0530][gc,heap      ] GC(57) Humongous regions: 1->1
[2018-07-26T14:37:01.915-0530][gc,metaspace ] GC(57) Metaspace: 15218K->15218K(1062912K)
[2018-07-26T14:37:01.915-0530][gc           ] GC(57) Pause Young (G1 Evacuation Pause) 313M->7M(512M) 1.042ms
[2018-07-26T14:37:01.915-0530][gc,cpu       ] GC(57) User=0.00s Sys=0.00s Real=0.00s
[2018-07-26T14:37:02.894-0530][gc,start     ] GC(58) Pause Young (G1 Evacuation Pause)
[2018-07-26T14:37:02.894-0530][gc,task      ] GC(58) Using 4 workers of 4 for evacuation
[2018-07-26T14:37:02.895-0530][gc,phases    ] GC(58)   Pre Evacuate Collection Set: 0.0ms
[2018-07-26T14:37:02.895-0530][gc,phases    ] GC(58)   Evacuate Collection Set: 0.4ms
[2018-07-26T14:37:02.895-0530][gc,phases    ] GC(58)   Post Evacuate Collection Set: 0.3ms
[2018-07-26T14:37:02.895-0530][gc,phases    ] GC(58)   Other: 0.2ms
[2018-07-26T14:37:02.895-0530][gc,heap      ] GC(58) Eden regions: 306->0(306)
[2018-07-26T14:37:02.895-0530][gc,heap      ] GC(58) Survivor regions: 1->1(39)
[2018-07-26T14:37:02.895-0530][gc,heap      ] GC(58) Old regions: 7->7
[2018-07-26T14:37:02.895-0530][gc,heap      ] GC(58) Humongous regions: 1->1
[2018-07-26T14:37:02.895-0530][gc,metaspace ] GC(58) Metaspace: 15218K->15218K(1062912K)
[2018-07-26T14:37:02.895-0530][gc           ] GC(58) Pause Young (G1 Evacuation Pause) 313M->7M(512M) 1.049ms
[2018-07-26T14:37:02.895-0530][gc,cpu       ] GC(58) User=0.01s Sys=0.00s Real=0.00s
[2018-07-26T14:37:03.888-0530][gc,start     ] GC(59) Pause Young (G1 Evacuation Pause)
[2018-07-26T14:37:03.888-0530][gc,task      ] GC(59) Using 4 workers of 4 for evacuation
[2018-07-26T14:37:03.889-0530][gc,phases    ] GC(59)   Pre Evacuate Collection Set: 0.0ms
[2018-07-26T14:37:03.889-0530][gc,phases    ] GC(59)   Evacuate Collection Set: 0.4ms
[2018-07-26T14:37:03.889-0530][gc,phases    ] GC(59)   Post Evacuate Collection Set: 0.3ms
[2018-07-26T14:37:03.889-0530][gc,phases    ] GC(59)   Other: 0.2ms
[2018-07-26T14:37:03.889-0530][gc,heap      ] GC(59) Eden regions: 306->0(306)
[2018-07-26T14:37:03.889-0530][gc,heap      ] GC(59) Survivor regions: 1->1(39)
[2018-07-26T14:37:03.889-0530][gc,heap      ] GC(59) Old regions: 7->7
[2018-07-26T14:37:03.889-0530][gc,heap      ] GC(59) Humongous regions: 1->1
[2018-07-26T14:37:03.889-0530][gc,metaspace ] GC(59) Metaspace: 15218K->15218K(1062912K)
[2018-07-26T14:37:03.889-0530][gc           ] GC(59) Pause Young (G1 Evacuation Pause) 313M->7M(512M) 1.105ms
[2018-07-26T14:37:03.889-0530][gc,cpu       ] GC(59) User=0.00s Sys=0.00s Real=0.00s
[2018-07-26T14:37:04.884-0530][gc,start     ] GC(60) Pause Young (G1 Evacuation Pause)
[2018-07-26T14:37:04.884-0530][gc,task      ] GC(60) Using 4 workers of 4 for evacuation
[2018-07-26T14:37:04.885-0530][gc,phases    ] GC(60)   Pre Evacuate Collection Set: 0.0ms
[2018-07-26T14:37:04.885-0530][gc,phases    ] GC(60)   Evacuate Collection Set: 0.7ms
[2018-07-26T14:37:04.885-0530][gc,phases    ] GC(60)   Post Evacuate Collection Set: 0.3ms
[2018-07-26T14:37:04.885-0530][gc,phases    ] GC(60)   Other: 0.2ms
[2018-07-26T14:37:04.885-0530][gc,heap      ] GC(60) Eden regions: 306->0(306)
[2018-07-26T14:37:04.885-0530][gc,heap      ] GC(60) Survivor regions: 1->1(39)
[2018-07-26T14:37:04.885-0530][gc,heap      ] GC(60) Old regions: 7->7
[2018-07-26T14:37:04.885-0530][gc,heap      ] GC(60) Humongous regions: 1->1
[2018-07-26T14:37:04.885-0530][gc,metaspace ] GC(60) Metaspace: 15218K->15218K(1062912K)
[2018-07-26T14:37:04.885-0530][gc           ] GC(60) Pause Young (G1 Evacuation Pause) 313M->7M(512M) 1.478ms
[2018-07-26T14:37:04.885-0530][gc,cpu       ] GC(60) User=0.00s Sys=0.00s Real=0.00s
[2018-07-26T14:37:05.865-0530][gc,start     ] GC(61) Pause Young (G1 Evacuation Pause)
[2018-07-26T14:37:05.865-0530][gc,task      ] GC(61) Using 4 workers of 4 for evacuation
[2018-07-26T14:37:05.866-0530][gc,phases    ] GC(61)   Pre Evacuate Collection Set: 0.0ms
[2018-07-26T14:37:05.866-0530][gc,phases    ] GC(61)   Evacuate Collection Set: 0.4ms
[2018-07-26T14:37:05.866-0530][gc,phases    ] GC(61)   Post Evacuate Collection Set: 0.3ms
[2018-07-26T14:37:05.866-0530][gc,phases    ] GC(61)   Other: 0.2ms
[2018-07-26T14:37:05.866-0530][gc,heap      ] GC(61) Eden regions: 306->0(306)
[2018-07-26T14:37:05.866-0530][gc,heap      ] GC(61) Survivor regions: 1->1(39)
[2018-07-26T14:37:05.866-0530][gc,heap      ] GC(61) Old regions: 7->7
[2018-07-26T14:37:05.866-0530][gc,heap      ] GC(61) Humongous regions: 1->1
[2018-07-26T14:37:05.866-0530][gc,metaspace ] GC(61) Metaspace: 15218K->15218K(1062912K)
[2018-07-26T14:37:05.866-0530][gc           ] GC(61) Pause Young (G1 Evacuation Pause) 313M->7M(512M) 1.045ms
[2018-07-26T14:37:05.866-0530][gc,cpu       ] GC(61) User=0.01s Sys=0.00s Real=0.00s
[2018-07-26T14:37:06.842-0530][gc,start     ] GC(62) Pause Young (G1 Evacuation Pause)
[2018-07-26T14:37:06.842-0530][gc,task      ] GC(62) Using 4 workers of 4 for evacuation
[2018-07-26T14:37:06.843-0530][gc,phases    ] GC(62)   Pre Evacuate Collection Set: 0.0ms
[2018-07-26T14:37:06.843-0530][gc,phases    ] GC(62)   Evacuate Collection Set: 0.4ms
[2018-07-26T14:37:06.843-0530][gc,phases    ] GC(62)   Post Evacuate Collection Set: 0.3ms
[2018-07-26T14:37:06.843-0530][gc,phases    ] GC(62)   Other: 0.2ms
[2018-07-26T14:37:06.843-0530][gc,heap      ] GC(62) Eden regions: 306->0(306)
[2018-07-26T14:37:06.843-0530][gc,heap      ] GC(62) Survivor regions: 1->1(39)
[2018-07-26T14:37:06.843-0530][gc,heap      ] GC(62) Old regions: 7->7
[2018-07-26T14:37:06.843-0530][gc,heap      ] GC(62) Humongous regions: 1->1
[2018-07-26T14:37:06.843-0530][gc,metaspace ] GC(62) Metaspace: 15218K->15218K(1062912K)
[2018-07-26T14:37:06.843-0530][gc           ] GC(62) Pause Young (G1 Evacuation Pause) 313M->7M(512M) 1.044ms
[2018-07-26T14:37:06.843-0530][gc,cpu       ] GC(62) User=0.01s Sys=0.00s Real=0.00s
[2018-07-26T14:37:07.817-0530][gc,start     ] GC(63) Pause Young (G1 Evacuation Pause)
[2018-07-26T14:37:07.817-0530][gc,task      ] GC(63) Using 4 workers of 4 for evacuation
[2018-07-26T14:37:07.818-0530][gc,phases    ] GC(63)   Pre Evacuate Collection Set: 0.0ms
[2018-07-26T14:37:07.818-0530][gc,phases    ] GC(63)   Evacuate Collection Set: 0.4ms
[2018-07-26T14:37:07.818-0530][gc,phases    ] GC(63)   Post Evacuate Collection Set: 0.3ms
[2018-07-26T14:37:07.818-0530][gc,phases    ] GC(63)   Other: 0.2ms
[2018-07-26T14:37:07.818-0530][gc,heap      ] GC(63) Eden regions: 306->0(306)
[2018-07-26T14:37:07.818-0530][gc,heap      ] GC(63) Survivor regions: 1->1(39)
[2018-07-26T14:37:07.818-0530][gc,heap      ] GC(63) Old regions: 7->7
[2018-07-26T14:37:07.818-0530][gc,heap      ] GC(63) Humongous regions: 1->1
[2018-07-26T14:37:07.818-0530][gc,metaspace ] GC(63) Metaspace: 15218K->15218K(1062912K)
[2018-07-26T14:37:07.818-0530][gc           ] GC(63) Pause Young (G1 Evacuation Pause) 313M->7M(512M) 1.062ms
[2018-07-26T14:37:07.818-0530][gc,cpu       ] GC(63) User=0.00s Sys=0.00s Real=0.00s
[2018-07-26T14:37:08.795-0530][gc,start     ] GC(64) Pause Young (G1 Evacuation Pause)
[2018-07-26T14:37:08.795-0530][gc,task      ] GC(64) Using 4 workers of 4 for evacuation
[2018-07-26T14:37:08.796-0530][gc,phases    ] GC(64)   Pre Evacuate Collection Set: 0.0ms
[2018-07-26T14:37:08.796-0530][gc,phases    ] GC(64)   Evacuate Collection Set: 0.5ms
[2018-07-26T14:37:08.796-0530][gc,phases    ] GC(64)   Post Evacuate Collection Set: 0.3ms
[2018-07-26T14:37:08.796-0530][gc,phases    ] GC(64)   Other: 0.2ms
[2018-07-26T14:37:08.796-0530][gc,heap      ] GC(64) Eden regions: 306->0(306)
[2018-07-26T14:37:08.796-0530][gc,heap      ] GC(64) Survivor regions: 1->1(39)
[2018-07-26T14:37:08.796-0530][gc,heap      ] GC(64) Old regions: 7->7
[2018-07-26T14:37:08.796-0530][gc,heap      ] GC(64) Humongous regions: 1->1
[2018-07-26T14:37:08.796-0530][gc,metaspace ] GC(64) Metaspace: 15218K->15218K(1062912K)
[2018-07-26T14:37:08.796-0530][gc           ] GC(64) Pause Young (G1 Evacuation Pause) 313M->7M(512M) 1.139ms
[2018-07-26T14:37:08.796-0530][gc,cpu       ] GC(64) User=0.01s Sys=0.00s Real=0.00s
[2018-07-26T14:37:09.769-0530][gc,start     ] GC(65) Pause Young (G1 Evacuation Pause)
[2018-07-26T14:37:09.769-0530][gc,task      ] GC(65) Using 4 workers of 4 for evacuation
[2018-07-26T14:37:09.770-0530][gc,phases    ] GC(65)   Pre Evacuate Collection Set: 0.0ms
[2018-07-26T14:37:09.770-0530][gc,phases    ] GC(65)   Evacuate Collection Set: 0.4ms
[2018-07-26T14:37:09.770-0530][gc,phases    ] GC(65)   Post Evacuate Collection Set: 0.3ms
[2018-07-26T14:37:09.770-0530][gc,phases    ] GC(65)   Other: 0.2ms
[2018-07-26T14:37:09.770-0530][gc,heap      ] GC(65) Eden regions: 306->0(306)
[2018-07-26T14:37:09.770-0530][gc,heap      ] GC(65) Survivor regions: 1->1(39)
[2018-07-26T14:37:09.770-0530][gc,heap      ] GC(65) Old regions: 7->7
[2018-07-26T14:37:09.770-0530][gc,heap      ] GC(65) Humongous regions: 1->1
[2018-07-26T14:37:09.770-0530][gc,metaspace ] GC(65) Metaspace: 15218K->15218K(1062912K)
[2018-07-26T14:37:09.770-0530][gc           ] GC(65) Pause Young (G1 Evacuation Pause) 313M->7M(512M) 1.038ms
[2018-07-26T14:37:09.770-0530][gc,cpu       ] GC(65) User=0.00s Sys=0.00s Real=0.01s
[2018-07-26T14:37:10.862-0530][gc,start     ] GC(66) Pause Young (G1 Evacuation Pause)
[2018-07-26T14:37:10.862-0530][gc,task      ] GC(66) Using 4 workers of 4 for evacuation
[2018-07-26T14:37:10.863-0530][gc,phases    ] GC(66)   Pre Evacuate Collection Set: 0.0ms
[2018-07-26T14:37:10.863-0530][gc,phases    ] GC(66)   Evacuate Collection Set: 0.4ms
[2018-07-26T14:37:10.863-0530][gc,phases    ] GC(66)   Post Evacuate Collection Set: 0.3ms
[2018-07-26T14:37:10.863-0530][gc,phases    ] GC(66)   Other: 0.2ms
[2018-07-26T14:37:10.863-0530][gc,heap      ] GC(66) Eden regions: 306->0(306)
[2018-07-26T14:37:10.863-0530][gc,heap      ] GC(66) Survivor regions: 1->1(39)
[2018-07-26T14:37:10.863-0530][gc,heap      ] GC(66) Old regions: 7->7
[2018-07-26T14:37:10.863-0530][gc,heap      ] GC(66) Humongous regions: 1->1
[2018-07-26T14:37:10.863-0530][gc,metaspace ] GC(66) Metaspace: 15218K->15218K(1062912K)
[2018-07-26T14:37:10.863-0530][gc           ] GC(66) Pause Young (G1 Evacuation Pause) 313M->7M(512M) 1.047ms
[2018-07-26T14:37:10.863-0530][gc,cpu       ] GC(66) User=0.00s Sys=0.00s Real=0.00s
[2018-07-26T14:37:11.817-0530][gc,start     ] GC(67) Pause Young (G1 Evacuation Pause)
[2018-07-26T14:37:11.817-0530][gc,task      ] GC(67) Using 4 workers of 4 for evacuation
[2018-07-26T14:37:11.818-0530][gc,phases    ] GC(67)   Pre Evacuate Collection Set: 0.0ms
[2018-07-26T14:37:11.818-0530][gc,phases    ] GC(67)   Evacuate Collection Set: 0.4ms
[2018-07-26T14:37:11.818-0530][gc,phases    ] GC(67)   Post Evacuate Collection Set: 0.3ms
[2018-07-26T14:37:11.818-0530][gc,phases    ] GC(67)   Other: 0.2ms
[2018-07-26T14:37:11.818-0530][gc,heap      ] GC(67) Eden regions: 306->0(306)
[2018-07-26T14:37:11.818-0530][gc,heap      ] GC(67) Survivor regions: 1->1(39)
[2018-07-26T14:37:11.818-0530][gc,heap      ] GC(67) Old regions: 7->7
[2018-07-26T14:37:11.818-0530][gc,heap      ] GC(67) Humongous regions: 1->1
[2018-07-26T14:37:11.818-0530][gc,metaspace ] GC(67) Metaspace: 15218K->15218K(1062912K)
[2018-07-26T14:37:11.818-0530][gc           ] GC(67) Pause Young (G1 Evacuation Pause) 313M->7M(512M) 1.045ms
[2018-07-26T14:37:11.818-0530][gc,cpu       ] GC(67) User=0.00s Sys=0.00s Real=0.00s
[2018-07-26T14:37:12.795-0530][gc,start     ] GC(68) Pause Young (G1 Evacuation Pause)
[2018-07-26T14:37:12.795-0530][gc,task      ] GC(68) Using 4 workers of 4 for evacuation
[2018-07-26T14:37:12.797-0530][gc,phases    ] GC(68)   Pre Evacuate Collection Set: 0.0ms
[2018-07-26T14:37:12.797-0530][gc,phases    ] GC(68)   Evacuate Collection Set: 0.7ms
[2018-07-26T14:37:12.797-0530][gc,phases    ] GC(68)   Post Evacuate Collection Set: 0.3ms
[2018-07-26T14:37:12.797-0530][gc,phases    ] GC(68)   Other: 0.2ms
[2018-07-26T14:37:12.797-0530][gc,heap      ] GC(68) Eden regions: 306->0(306)
[2018-07-26T14:37:12.797-0530][gc,heap      ] GC(68) Survivor regions: 1->1(39)
[2018-07-26T14:37:12.797-0530][gc,heap      ] GC(68) Old regions: 7->7
[2018-07-26T14:37:12.797-0530][gc,heap      ] GC(68) Humongous regions: 1->1
[2018-07-26T14:37:12.797-0530][gc,metaspace ] GC(68) Metaspace: 15218K->15218K(1062912K)
[2018-07-26T14:37:12.797-0530][gc           ] GC(68) Pause Young (G1 Evacuation Pause) 313M->7M(512M) 1.350ms
[2018-07-26T14:37:12.797-0530][gc,cpu       ] GC(68) User=0.00s Sys=0.00s Real=0.00s
[2018-07-26T14:37:13.820-0530][gc,start     ] GC(69) Pause Young (G1 Evacuation Pause)
[2018-07-26T14:37:13.820-0530][gc,task      ] GC(69) Using 4 workers of 4 for evacuation
[2018-07-26T14:37:13.820-0530][gc,phases    ] GC(69)   Pre Evacuate Collection Set: 0.0ms
[2018-07-26T14:37:13.820-0530][gc,phases    ] GC(69)   Evacuate Collection Set: 0.4ms
[2018-07-26T14:37:13.820-0530][gc,phases    ] GC(69)   Post Evacuate Collection Set: 0.3ms
[2018-07-26T14:37:13.820-0530][gc,phases    ] GC(69)   Other: 0.2ms
[2018-07-26T14:37:13.821-0530][gc,heap      ] GC(69) Eden regions: 306->0(306)
[2018-07-26T14:37:13.821-0530][gc,heap      ] GC(69) Survivor regions: 1->1(39)
[2018-07-26T14:37:13.821-0530][gc,heap      ] GC(69) Old regions: 7->7
[2018-07-26T14:37:13.821-0530][gc,heap      ] GC(69) Humongous regions: 1->1
[2018-07-26T14:37:13.821-0530][gc,metaspace ] GC(69) Metaspace: 15218K->15218K(1062912K)
[2018-07-26T14:37:13.821-0530][gc           ] GC(69) Pause Young (G1 Evacuation Pause) 313M->7M(512M) 1.040ms
[2018-07-26T14:37:13.821-0530][gc,cpu       ] GC(69) User=0.00s Sys=0.00s Real=0.00s
[2018-07-26T14:37:14.755-0530][gc,start     ] GC(70) Pause Young (G1 Evacuation Pause)
[2018-07-26T14:37:14.755-0530][gc,task      ] GC(70) Using 4 workers of 4 for evacuation
[2018-07-26T14:37:14.756-0530][gc,phases    ] GC(70)   Pre Evacuate Collection Set: 0.0ms
[2018-07-26T14:37:14.756-0530][gc,phases    ] GC(70)   Evacuate Collection Set: 0.6ms
[2018-07-26T14:37:14.756-0530][gc,phases    ] GC(70)   Post Evacuate Collection Set: 0.3ms
[2018-07-26T14:37:14.756-0530][gc,phases    ] GC(70)   Other: 0.2ms
[2018-07-26T14:37:14.756-0530][gc,heap      ] GC(70) Eden regions: 306->0(306)
[2018-07-26T14:37:14.756-0530][gc,heap      ] GC(70) Survivor regions: 1->1(39)
[2018-07-26T14:37:14.756-0530][gc,heap      ] GC(70) Old regions: 7->7
[2018-07-26T14:37:14.756-0530][gc,heap      ] GC(70) Humongous regions: 1->1
[2018-07-26T14:37:14.756-0530][gc,metaspace ] GC(70) Metaspace: 15218K->15218K(1062912K)
[2018-07-26T14:37:14.756-0530][gc           ] GC(70) Pause Young (G1 Evacuation Pause) 313M->7M(512M) 1.399ms
[2018-07-26T14:37:14.756-0530][gc,cpu       ] GC(70) User=0.00s Sys=0.00s Real=0.00s
[2018-07-26T14:37:18.362-0530][gc,start     ] GC(71) Pause Young (G1 Evacuation Pause)
[2018-07-26T14:37:18.362-0530][gc,task      ] GC(71) Using 4 workers of 4 for evacuation
[2018-07-26T14:37:18.363-0530][gc,phases    ] GC(71)   Pre Evacuate Collection Set: 0.0ms
[2018-07-26T14:37:18.363-0530][gc,phases    ] GC(71)   Evacuate Collection Set: 0.6ms
[2018-07-26T14:37:18.363-0530][gc,phases    ] GC(71)   Post Evacuate Collection Set: 0.3ms
[2018-07-26T14:37:18.363-0530][gc,phases    ] GC(71)   Other: 0.2ms
[2018-07-26T14:37:18.363-0530][gc,heap      ] GC(71) Eden regions: 306->0(306)
[2018-07-26T14:37:18.363-0530][gc,heap      ] GC(71) Survivor regions: 1->1(39)
[2018-07-26T14:37:18.363-0530][gc,heap      ] GC(71) Old regions: 7->7
[2018-07-26T14:37:18.363-0530][gc,heap      ] GC(71) Humongous regions: 1->1
[2018-07-26T14:37:18.363-0530][gc,metaspace ] GC(71) Metaspace: 15221K->15221K(1062912K)
[2018-07-26T14:37:18.363-0530][gc           ] GC(71) Pause Young (G1 Evacuation Pause) 313M->7M(512M) 1.372ms
[2018-07-26T14:37:18.363-0530][gc,cpu       ] GC(71) User=0.00s Sys=0.00s Real=0.00s
[2018-07-26T14:37:19.615-0530][gc,start     ] GC(72) Pause Young (G1 Evacuation Pause)
[2018-07-26T14:37:19.615-0530][gc,task      ] GC(72) Using 4 workers of 4 for evacuation
[2018-07-26T14:37:19.616-0530][gc,phases    ] GC(72)   Pre Evacuate Collection Set: 0.0ms
[2018-07-26T14:37:19.616-0530][gc,phases    ] GC(72)   Evacuate Collection Set: 0.6ms
[2018-07-26T14:37:19.616-0530][gc,phases    ] GC(72)   Post Evacuate Collection Set: 0.4ms
[2018-07-26T14:37:19.616-0530][gc,phases    ] GC(72)   Other: 0.2ms
[2018-07-26T14:37:19.616-0530][gc,heap      ] GC(72) Eden regions: 306->0(306)
[2018-07-26T14:37:19.616-0530][gc,heap      ] GC(72) Survivor regions: 1->1(39)
[2018-07-26T14:37:19.616-0530][gc,heap      ] GC(72) Old regions: 7->7
[2018-07-26T14:37:19.616-0530][gc,heap      ] GC(72) Humongous regions: 1->1
[2018-07-26T14:37:19.616-0530][gc,metaspace ] GC(72) Metaspace: 15221K->15221K(1062912K)
[2018-07-26T14:37:19.617-0530][gc           ] GC(72) Pause Young (G1 Evacuation Pause) 313M->7M(512M) 1.421ms
[2018-07-26T14:37:19.617-0530][gc,cpu       ] GC(72) User=0.00s Sys=0.00s Real=0.00s
[2018-07-26T14:37:20.719-0530][gc,start     ] GC(73) Pause Young (G1 Evacuation Pause)
[2018-07-26T14:37:20.719-0530][gc,task      ] GC(73) Using 4 workers of 4 for evacuation
[2018-07-26T14:37:20.721-0530][gc,phases    ] GC(73)   Pre Evacuate Collection Set: 0.0ms
[2018-07-26T14:37:20.721-0530][gc,phases    ] GC(73)   Evacuate Collection Set: 1.2ms
[2018-07-26T14:37:20.721-0530][gc,phases    ] GC(73)   Post Evacuate Collection Set: 0.3ms
[2018-07-26T14:37:20.721-0530][gc,phases    ] GC(73)   Other: 0.2ms
[2018-07-26T14:37:20.721-0530][gc,heap      ] GC(73) Eden regions: 306->0(306)
[2018-07-26T14:37:20.721-0530][gc,heap      ] GC(73) Survivor regions: 1->1(39)
[2018-07-26T14:37:20.721-0530][gc,heap      ] GC(73) Old regions: 7->7
[2018-07-26T14:37:20.721-0530][gc,heap      ] GC(73) Humongous regions: 1->1
[2018-07-26T14:37:20.721-0530][gc,metaspace ] GC(73) Metaspace: 15221K->15221K(1062912K)
[2018-07-26T14:37:20.721-0530][gc           ] GC(73) Pause Young (G1 Evacuation Pause) 313M->7M(512M) 2.026ms
[2018-07-26T14:37:20.721-0530][gc,cpu       ] GC(73) User=0.00s Sys=0.00s Real=0.01s
[2018-07-26T14:37:21.893-0530][gc,start     ] GC(74) Pause Young (G1 Evacuation Pause)
[2018-07-26T14:37:21.893-0530][gc,task      ] GC(74) Using 4 workers of 4 for evacuation
[2018-07-26T14:37:21.894-0530][gc,phases    ] GC(74)   Pre Evacuate Collection Set: 0.0ms
[2018-07-26T14:37:21.894-0530][gc,phases    ] GC(74)   Evacuate Collection Set: 0.4ms
[2018-07-26T14:37:21.894-0530][gc,phases    ] GC(74)   Post Evacuate Collection Set: 0.3ms
[2018-07-26T14:37:21.894-0530][gc,phases    ] GC(74)   Other: 0.2ms
[2018-07-26T14:37:21.894-0530][gc,heap      ] GC(74) Eden regions: 306->0(306)
[2018-07-26T14:37:21.894-0530][gc,heap      ] GC(74) Survivor regions: 1->1(39)
[2018-07-26T14:37:21.894-0530][gc,heap      ] GC(74) Old regions: 7->7
[2018-07-26T14:37:21.894-0530][gc,heap      ] GC(74) Humongous regions: 1->1
[2018-07-26T14:37:21.894-0530][gc,metaspace ] GC(74) Metaspace: 15221K->15221K(1062912K)
[2018-07-26T14:37:21.894-0530][gc           ] GC(74) Pause Young (G1 Evacuation Pause) 313M->7M(512M) 1.052ms
[2018-07-26T14:37:21.894-0530][gc,cpu       ] GC(74) User=0.00s Sys=0.00s Real=0.00s
[2018-07-26T14:37:23.019-0530][gc,start     ] GC(75) Pause Young (G1 Evacuation Pause)
[2018-07-26T14:37:23.019-0530][gc,task      ] GC(75) Using 4 workers of 4 for evacuation
[2018-07-26T14:37:23.020-0530][gc,phases    ] GC(75)   Pre Evacuate Collection Set: 0.0ms
[2018-07-26T14:37:23.020-0530][gc,phases    ] GC(75)   Evacuate Collection Set: 0.4ms
[2018-07-26T14:37:23.020-0530][gc,phases    ] GC(75)   Post Evacuate Collection Set: 0.3ms
[2018-07-26T14:37:23.020-0530][gc,phases    ] GC(75)   Other: 0.2ms
[2018-07-26T14:37:23.020-0530][gc,heap      ] GC(75) Eden regions: 306->0(306)
[2018-07-26T14:37:23.020-0530][gc,heap      ] GC(75) Survivor regions: 1->1(39)
[2018-07-26T14:37:23.020-0530][gc,heap      ] GC(75) Old regions: 7->7
[2018-07-26T14:37:23.020-0530][gc,heap      ] GC(75) Humongous regions: 1->1
[2018-07-26T14:37:23.020-0530][gc,metaspace ] GC(75) Metaspace: 15221K->15221K(1062912K)
[2018-07-26T14:37:23.020-0530][gc           ] GC(75) Pause Young (G1 Evacuation Pause) 313M->7M(512M) 1.076ms
[2018-07-26T14:37:23.020-0530][gc,cpu       ] GC(75) User=0.00s Sys=0.00s Real=0.01s
[2018-07-26T14:37:24.097-0530][gc,start     ] GC(76) Pause Young (G1 Evacuation Pause)
[2018-07-26T14:37:24.097-0530][gc,task      ] GC(76) Using 4 workers of 4 for evacuation
[2018-07-26T14:37:24.098-0530][gc,phases    ] GC(76)   Pre Evacuate Collection Set: 0.0ms
[2018-07-26T14:37:24.098-0530][gc,phases    ] GC(76)   Evacuate Collection Set: 0.4ms
[2018-07-26T14:37:24.098-0530][gc,phases    ] GC(76)   Post Evacuate Collection Set: 0.3ms
[2018-07-26T14:37:24.098-0530][gc,phases    ] GC(76)   Other: 0.2ms
[2018-07-26T14:37:24.098-0530][gc,heap      ] GC(76) Eden regions: 306->0(306)
[2018-07-26T14:37:24.098-0530][gc,heap      ] GC(76) Survivor regions: 1->1(39)
[2018-07-26T14:37:24.098-0530][gc,heap      ] GC(76) Old regions: 7->7
[2018-07-26T14:37:24.098-0530][gc,heap      ] GC(76) Humongous regions: 1->1
[2018-07-26T14:37:24.098-0530][gc,metaspace ] GC(76) Metaspace: 15221K->15221K(1062912K)
[2018-07-26T14:37:24.098-0530][gc           ] GC(76) Pause Young (G1 Evacuation Pause) 313M->7M(512M) 1.049ms
[2018-07-26T14:37:24.098-0530][gc,cpu       ] GC(76) User=0.00s Sys=0.00s Real=0.00s
[2018-07-26T14:37:25.196-0530][gc,start     ] GC(77) Pause Young (G1 Evacuation Pause)
[2018-07-26T14:37:25.196-0530][gc,task      ] GC(77) Using 4 workers of 4 for evacuation
[2018-07-26T14:37:25.198-0530][gc,phases    ] GC(77)   Pre Evacuate Collection Set: 0.0ms
[2018-07-26T14:37:25.198-0530][gc,phases    ] GC(77)   Evacuate Collection Set: 0.8ms
[2018-07-26T14:37:25.198-0530][gc,phases    ] GC(77)   Post Evacuate Collection Set: 0.3ms
[2018-07-26T14:37:25.198-0530][gc,phases    ] GC(77)   Other: 0.2ms
[2018-07-26T14:37:25.198-0530][gc,heap      ] GC(77) Eden regions: 306->0(306)
[2018-07-26T14:37:25.198-0530][gc,heap      ] GC(77) Survivor regions: 1->1(39)
[2018-07-26T14:37:25.198-0530][gc,heap      ] GC(77) Old regions: 7->7
[2018-07-26T14:37:25.198-0530][gc,heap      ] GC(77) Humongous regions: 1->1
[2018-07-26T14:37:25.198-0530][gc,metaspace ] GC(77) Metaspace: 15221K->15221K(1062912K)
[2018-07-26T14:37:25.198-0530][gc           ] GC(77) Pause Young (G1 Evacuation Pause) 313M->7M(512M) 1.549ms
[2018-07-26T14:37:25.198-0530][gc,cpu       ] GC(77) User=0.00s Sys=0.00s Real=0.00s
[2018-07-26T14:37:26.246-0530][gc,start     ] GC(78) Pause Young (G1 Evacuation Pause)
[2018-07-26T14:37:26.246-0530][gc,task      ] GC(78) Using 4 workers of 4 for evacuation
[2018-07-26T14:37:26.247-0530][gc,phases    ] GC(78)   Pre Evacuate Collection Set: 0.0ms
[2018-07-26T14:37:26.247-0530][gc,phases    ] GC(78)   Evacuate Collection Set: 0.4ms
[2018-07-26T14:37:26.247-0530][gc,phases    ] GC(78)   Post Evacuate Collection Set: 0.3ms
[2018-07-26T14:37:26.247-0530][gc,phases    ] GC(78)   Other: 0.2ms
[2018-07-26T14:37:26.247-0530][gc,heap      ] GC(78) Eden regions: 306->0(306)
[2018-07-26T14:37:26.247-0530][gc,heap      ] GC(78) Survivor regions: 1->1(39)
[2018-07-26T14:37:26.247-0530][gc,heap      ] GC(78) Old regions: 7->7
[2018-07-26T14:37:26.247-0530][gc,heap      ] GC(78) Humongous regions: 1->1
[2018-07-26T14:37:26.247-0530][gc,metaspace ] GC(78) Metaspace: 15221K->15221K(1062912K)
[2018-07-26T14:37:26.247-0530][gc           ] GC(78) Pause Young (G1 Evacuation Pause) 313M->7M(512M) 1.054ms
[2018-07-26T14:37:26.247-0530][gc,cpu       ] GC(78) User=0.01s Sys=0.00s Real=0.00s
[2018-07-26T14:37:27.333-0530][gc,start     ] GC(79) Pause Young (G1 Evacuation Pause)
[2018-07-26T14:37:27.333-0530][gc,task      ] GC(79) Using 4 workers of 4 for evacuation
[2018-07-26T14:37:27.334-0530][gc,phases    ] GC(79)   Pre Evacuate Collection Set: 0.0ms
[2018-07-26T14:37:27.334-0530][gc,phases    ] GC(79)   Evacuate Collection Set: 0.4ms
[2018-07-26T14:37:27.334-0530][gc,phases    ] GC(79)   Post Evacuate Collection Set: 0.3ms
[2018-07-26T14:37:27.334-0530][gc,phases    ] GC(79)   Other: 0.2ms
[2018-07-26T14:37:27.334-0530][gc,heap      ] GC(79) Eden regions: 306->0(306)
[2018-07-26T14:37:27.334-0530][gc,heap      ] GC(79) Survivor regions: 1->1(39)
[2018-07-26T14:37:27.334-0530][gc,heap      ] GC(79) Old regions: 7->7
[2018-07-26T14:37:27.334-0530][gc,heap      ] GC(79) Humongous regions: 1->1
[2018-07-26T14:37:27.334-0530][gc,metaspace ] GC(79) Metaspace: 15221K->15221K(1062912K)
[2018-07-26T14:37:27.334-0530][gc           ] GC(79) Pause Young (G1 Evacuation Pause) 313M->7M(512M) 1.055ms
[2018-07-26T14:37:27.334-0530][gc,cpu       ] GC(79) User=0.00s Sys=0.00s Real=0.00s
[2018-07-26T14:37:28.420-0530][gc,start     ] GC(80) Pause Young (G1 Evacuation Pause)
[2018-07-26T14:37:28.420-0530][gc,task      ] GC(80) Using 4 workers of 4 for evacuation
[2018-07-26T14:37:28.421-0530][gc,phases    ] GC(80)   Pre Evacuate Collection Set: 0.0ms
[2018-07-26T14:37:28.421-0530][gc,phases    ] GC(80)   Evacuate Collection Set: 0.9ms
[2018-07-26T14:37:28.421-0530][gc,phases    ] GC(80)   Post Evacuate Collection Set: 0.3ms
[2018-07-26T14:37:28.421-0530][gc,phases    ] GC(80)   Other: 0.3ms
[2018-07-26T14:37:28.421-0530][gc,heap      ] GC(80) Eden regions: 306->0(306)
[2018-07-26T14:37:28.421-0530][gc,heap      ] GC(80) Survivor regions: 1->1(39)
[2018-07-26T14:37:28.421-0530][gc,heap      ] GC(80) Old regions: 7->7
[2018-07-26T14:37:28.421-0530][gc,heap      ] GC(80) Humongous regions: 1->1
[2018-07-26T14:37:28.421-0530][gc,metaspace ] GC(80) Metaspace: 15221K->15221K(1062912K)
[2018-07-26T14:37:28.421-0530][gc           ] GC(80) Pause Young (G1 Evacuation Pause) 313M->7M(512M) 1.601ms
[2018-07-26T14:37:28.421-0530][gc,cpu       ] GC(80) User=0.00s Sys=0.00s Real=0.00s
[2018-07-26T14:37:29.584-0530][gc,start     ] GC(81) Pause Young (G1 Evacuation Pause)
[2018-07-26T14:37:29.584-0530][gc,task      ] GC(81) Using 4 workers of 4 for evacuation
[2018-07-26T14:37:29.585-0530][gc,phases    ] GC(81)   Pre Evacuate Collection Set: 0.0ms
[2018-07-26T14:37:29.585-0530][gc,phases    ] GC(81)   Evacuate Collection Set: 0.4ms
[2018-07-26T14:37:29.585-0530][gc,phases    ] GC(81)   Post Evacuate Collection Set: 0.3ms
[2018-07-26T14:37:29.585-0530][gc,phases    ] GC(81)   Other: 0.2ms
[2018-07-26T14:37:29.585-0530][gc,heap      ] GC(81) Eden regions: 306->0(306)
[2018-07-26T14:37:29.585-0530][gc,heap      ] GC(81) Survivor regions: 1->1(39)
[2018-07-26T14:37:29.585-0530][gc,heap      ] GC(81) Old regions: 7->7
[2018-07-26T14:37:29.585-0530][gc,heap      ] GC(81) Humongous regions: 1->1
[2018-07-26T14:37:29.585-0530][gc,metaspace ] GC(81) Metaspace: 15221K->15221K(1062912K)
[2018-07-26T14:37:29.585-0530][gc           ] GC(81) Pause Young (G1 Evacuation Pause) 313M->7M(512M) 1.080ms
[2018-07-26T14:37:29.585-0530][gc,cpu       ] GC(81) User=0.00s Sys=0.00s Real=0.00s
[2018-07-26T14:37:29.660-0530][gc,heap,exit ] Heap
[2018-07-26T14:37:29.660-0530][gc,heap,exit ]  garbage-first heap   total 524288K, used 31080K [0x00000007a0000000, 0x00000007c0000000)
[2018-07-26T14:37:29.660-0530][gc,heap,exit ]   region size 1024K, 25 young (25600K), 1 survivors (1024K)
[2018-07-26T14:37:29.660-0530][gc,heap,exit ]  Metaspace       used 15233K, capacity 15549K, committed 15744K, reserved 1062912K
[2018-07-26T14:37:29.660-0530][gc,heap,exit ]   class space    used 1473K, capacity 1589K, committed 1664K, reserved 1048576K
