[2018-07-26T09:49:44.423-0530][gc,heap] Heap region size: 1M
[2018-07-26T09:49:44.432-0530][gc     ] Using G1
[2018-07-26T09:49:44.432-0530][gc,heap,coops] Heap address: 0x00000007a0000000, size: 512 MB, Compressed Oops mode: Zero based, Oop shift amount: 3
[2018-07-26T10:15:08.164-0530][gc,start     ] GC(0) Pause Young (G1 Evacuation Pause)
[2018-07-26T10:15:08.170-0530][gc,task      ] GC(0) Using 4 workers of 4 for evacuation
[2018-07-26T10:15:08.180-0530][gc,phases    ] GC(0)   Pre Evacuate Collection Set: 0.1ms
[2018-07-26T10:15:08.180-0530][gc,phases    ] GC(0)   Evacuate Collection Set: 9.5ms
[2018-07-26T10:15:08.180-0530][gc,phases    ] GC(0)   Post Evacuate Collection Set: 0.4ms
[2018-07-26T10:15:08.180-0530][gc,phases    ] GC(0)   Other: 5.9ms
[2018-07-26T10:15:08.180-0530][gc,heap      ] GC(0) Eden regions: 25->0(21)
[2018-07-26T10:15:08.180-0530][gc,heap      ] GC(0) Survivor regions: 0->4(4)
[2018-07-26T10:15:08.180-0530][gc,heap      ] GC(0) Old regions: 0->2
[2018-07-26T10:15:08.180-0530][gc,heap      ] GC(0) Humongous regions: 1->1
[2018-07-26T10:15:08.180-0530][gc,metaspace ] GC(0) Metaspace: 15131K->15131K(1062912K)
[2018-07-26T10:15:08.180-0530][gc           ] GC(0) Pause Young (G1 Evacuation Pause) 26M->6M(512M) 15.942ms
[2018-07-26T10:15:08.180-0530][gc,cpu       ] GC(0) User=0.04s Sys=0.00s Real=0.02s
[2018-07-26T12:57:37.858-0530][gc,heap,exit ] Heap
[2018-07-26T12:57:37.867-0530][gc,heap,exit ]  garbage-first heap   total 524288K, used 26353K [0x00000007a0000000, 0x00000007c0000000)
[2018-07-26T12:57:37.867-0530][gc,heap,exit ]   region size 1024K, 24 young (24576K), 4 survivors (4096K)
[2018-07-26T12:57:37.867-0530][gc,heap,exit ]  Metaspace       used 15333K, capacity 15618K, committed 16000K, reserved 1062912K
[2018-07-26T12:57:37.867-0530][gc,heap,exit ]   class space    used 1465K, capacity 1589K, committed 1664K, reserved 1048576K
