[2018-07-26T14:39:05.442-0530][gc,heap] Heap region size: 1M
[2018-07-26T14:39:05.451-0530][gc     ] Using G1
[2018-07-26T14:39:05.451-0530][gc,heap,coops] Heap address: 0x00000007a0000000, size: 512 MB, Compressed Oops mode: Zero based, Oop shift amount: 3
[2018-07-26T14:43:35.843-0530][gc,start     ] GC(0) Pause Young (G1 Evacuation Pause)
[2018-07-26T14:43:35.843-0530][gc,task      ] GC(0) Using 4 workers of 4 for evacuation
[2018-07-26T14:43:35.854-0530][gc,phases    ] GC(0)   Pre Evacuate Collection Set: 0.0ms
[2018-07-26T14:43:35.854-0530][gc,phases    ] GC(0)   Evacuate Collection Set: 10.7ms
[2018-07-26T14:43:35.854-0530][gc,phases    ] GC(0)   Post Evacuate Collection Set: 0.5ms
[2018-07-26T14:43:35.854-0530][gc,phases    ] GC(0)   Other: 0.4ms
[2018-07-26T14:43:35.854-0530][gc,heap      ] GC(0) Eden regions: 25->0(21)
[2018-07-26T14:43:35.854-0530][gc,heap      ] GC(0) Survivor regions: 0->4(4)
[2018-07-26T14:43:35.854-0530][gc,heap      ] GC(0) Old regions: 0->3
[2018-07-26T14:43:35.854-0530][gc,heap      ] GC(0) Humongous regions: 1->1
[2018-07-26T14:43:35.854-0530][gc,metaspace ] GC(0) Metaspace: 15434K->15434K(1062912K)
[2018-07-26T14:43:35.854-0530][gc           ] GC(0) Pause Young (G1 Evacuation Pause) 26M->7M(512M) 11.755ms
[2018-07-26T14:43:35.854-0530][gc,cpu       ] GC(0) User=0.03s Sys=0.01s Real=0.01s
[2018-07-26T16:08:21.501-0530][gc,start     ] GC(1) Pause Young (G1 Evacuation Pause)
[2018-07-26T16:08:21.509-0530][gc,task      ] GC(1) Using 4 workers of 4 for evacuation
[2018-07-26T16:08:21.518-0530][gc,phases    ] GC(1)   Pre Evacuate Collection Set: 0.0ms
[2018-07-26T16:08:21.518-0530][gc,phases    ] GC(1)   Evacuate Collection Set: 8.6ms
[2018-07-26T16:08:21.518-0530][gc,phases    ] GC(1)   Post Evacuate Collection Set: 0.4ms
[2018-07-26T16:08:21.518-0530][gc,phases    ] GC(1)   Other: 7.9ms
[2018-07-26T16:08:21.518-0530][gc,heap      ] GC(1) Eden regions: 21->0(24)
[2018-07-26T16:08:21.518-0530][gc,heap      ] GC(1) Survivor regions: 4->1(4)
[2018-07-26T16:08:21.518-0530][gc,heap      ] GC(1) Old regions: 3->7
[2018-07-26T16:08:21.518-0530][gc,heap      ] GC(1) Humongous regions: 1->1
[2018-07-26T16:08:21.518-0530][gc,metaspace ] GC(1) Metaspace: 15485K->15485K(1062912K)
[2018-07-26T16:08:21.518-0530][gc           ] GC(1) Pause Young (G1 Evacuation Pause) 28M->7M(512M) 16.968ms
[2018-07-26T16:08:21.518-0530][gc,cpu       ] GC(1) User=0.02s Sys=0.01s Real=0.01s
[2018-07-26T16:11:15.586-0530][gc,heap,exit ] Heap
[2018-07-26T16:11:15.599-0530][gc,heap,exit ]  garbage-first heap   total 524288K, used 16035K [0x00000007a0000000, 0x00000007c0000000)
[2018-07-26T16:11:15.599-0530][gc,heap,exit ]   region size 1024K, 10 young (10240K), 1 survivors (1024K)
[2018-07-26T16:11:15.599-0530][gc,heap,exit ]  Metaspace       used 15510K, capacity 15830K, committed 16000K, reserved 1062912K
[2018-07-26T16:11:15.599-0530][gc,heap,exit ]   class space    used 1487K, capacity 1596K, committed 1664K, reserved 1048576K
