[2018-07-26T13:01:09.512-0530][gc,heap] Heap region size: 1M
[2018-07-26T13:01:09.521-0530][gc     ] Using G1
[2018-07-26T13:01:09.521-0530][gc,heap,coops] Heap address: 0x00000007a0000000, size: 512 MB, Compressed Oops mode: Zero based, Oop shift amount: 3
[2018-07-26T13:04:58.230-0530][gc,start     ] GC(0) Pause Young (G1 Evacuation Pause)
[2018-07-26T13:04:58.230-0530][gc,task      ] GC(0) Using 4 workers of 4 for evacuation
[2018-07-26T13:04:58.241-0530][gc,phases    ] GC(0)   Pre Evacuate Collection Set: 0.0ms
[2018-07-26T13:04:58.241-0530][gc,phases    ] GC(0)   Evacuate Collection Set: 9.9ms
[2018-07-26T13:04:58.241-0530][gc,phases    ] GC(0)   Post Evacuate Collection Set: 0.4ms
[2018-07-26T13:04:58.241-0530][gc,phases    ] GC(0)   Other: 0.5ms
[2018-07-26T13:04:58.241-0530][gc,heap      ] GC(0) Eden regions: 25->0(21)
[2018-07-26T13:04:58.241-0530][gc,heap      ] GC(0) Survivor regions: 0->4(4)
[2018-07-26T13:04:58.241-0530][gc,heap      ] GC(0) Old regions: 0->3
[2018-07-26T13:04:58.241-0530][gc,heap      ] GC(0) Humongous regions: 1->1
[2018-07-26T13:04:58.241-0530][gc,metaspace ] GC(0) Metaspace: 15219K->15219K(1062912K)
[2018-07-26T13:04:58.241-0530][gc           ] GC(0) Pause Young (G1 Evacuation Pause) 26M->7M(512M) 10.932ms
[2018-07-26T13:04:58.241-0530][gc,cpu       ] GC(0) User=0.03s Sys=0.01s Real=0.01s
[2018-07-26T13:39:13.344-0530][gc,heap,exit ] Heap
[2018-07-26T13:39:13.344-0530][gc,heap,exit ]  garbage-first heap   total 524288K, used 16500K [0x00000007a0000000, 0x00000007c0000000)
[2018-07-26T13:39:13.344-0530][gc,heap,exit ]   region size 1024K, 14 young (14336K), 4 survivors (4096K)
[2018-07-26T13:39:13.344-0530][gc,heap,exit ]  Metaspace       used 15544K, capacity 15830K, committed 16000K, reserved 1062912K
[2018-07-26T13:39:13.344-0530][gc,heap,exit ]   class space    used 1488K, capacity 1596K, committed 1664K, reserved 1048576K
